Archive member included to satisfy reference by file (symbol)

c:/program files (x86)/gnu arm embedded toolchain/10 2021.10/bin/../lib/gcc/arm-none-eabi/10.3.1/../../../../arm-none-eabi/lib/thumb/v7e-m+fp/hard\libc_nano.a(lib_a-aeabi_atexit.o)
                              build/main.o (__aeabi_atexit)
c:/program files (x86)/gnu arm embedded toolchain/10 2021.10/bin/../lib/gcc/arm-none-eabi/10.3.1/../../../../arm-none-eabi/lib/thumb/v7e-m+fp/hard\libc_nano.a(lib_a-cxa_atexit.o)
                              c:/program files (x86)/gnu arm embedded toolchain/10 2021.10/bin/../lib/gcc/arm-none-eabi/10.3.1/../../../../arm-none-eabi/lib/thumb/v7e-m+fp/hard\libc_nano.a(lib_a-aeabi_atexit.o) (__cxa_atexit)
c:/program files (x86)/gnu arm embedded toolchain/10 2021.10/bin/../lib/gcc/arm-none-eabi/10.3.1/../../../../arm-none-eabi/lib/thumb/v7e-m+fp/hard\libc_nano.a(lib_a-errno.o)
                              build/sysmem.o (__errno)
c:/program files (x86)/gnu arm embedded toolchain/10 2021.10/bin/../lib/gcc/arm-none-eabi/10.3.1/../../../../arm-none-eabi/lib/thumb/v7e-m+fp/hard\libc_nano.a(lib_a-exit.o)
                              c:/program files (x86)/gnu arm embedded toolchain/10 2021.10/bin/../lib/gcc/arm-none-eabi/10.3.1/../../../../arm-none-eabi/lib/thumb/v7e-m+fp/hard/crt0.o (exit)
c:/program files (x86)/gnu arm embedded toolchain/10 2021.10/bin/../lib/gcc/arm-none-eabi/10.3.1/../../../../arm-none-eabi/lib/thumb/v7e-m+fp/hard\libc_nano.a(lib_a-impure.o)
                              c:/program files (x86)/gnu arm embedded toolchain/10 2021.10/bin/../lib/gcc/arm-none-eabi/10.3.1/../../../../arm-none-eabi/lib/thumb/v7e-m+fp/hard\libc_nano.a(lib_a-exit.o) (_global_impure_ptr)
c:/program files (x86)/gnu arm embedded toolchain/10 2021.10/bin/../lib/gcc/arm-none-eabi/10.3.1/../../../../arm-none-eabi/lib/thumb/v7e-m+fp/hard\libc_nano.a(lib_a-init.o)
                              c:/program files (x86)/gnu arm embedded toolchain/10 2021.10/bin/../lib/gcc/arm-none-eabi/10.3.1/../../../../arm-none-eabi/lib/thumb/v7e-m+fp/hard/crt0.o (__libc_init_array)
c:/program files (x86)/gnu arm embedded toolchain/10 2021.10/bin/../lib/gcc/arm-none-eabi/10.3.1/../../../../arm-none-eabi/lib/thumb/v7e-m+fp/hard\libc_nano.a(lib_a-malloc.o)
                              build/cpp_minimal.o (malloc)
c:/program files (x86)/gnu arm embedded toolchain/10 2021.10/bin/../lib/gcc/arm-none-eabi/10.3.1/../../../../arm-none-eabi/lib/thumb/v7e-m+fp/hard\libc_nano.a(lib_a-memcmp.o)
                              build/ff.o (memcmp)
c:/program files (x86)/gnu arm embedded toolchain/10 2021.10/bin/../lib/gcc/arm-none-eabi/10.3.1/../../../../arm-none-eabi/lib/thumb/v7e-m+fp/hard\libc_nano.a(lib_a-memcpy-stub.o)
                              build/ff.o (memcpy)
c:/program files (x86)/gnu arm embedded toolchain/10 2021.10/bin/../lib/gcc/arm-none-eabi/10.3.1/../../../../arm-none-eabi/lib/thumb/v7e-m+fp/hard\libc_nano.a(lib_a-memmove.o)
                              build/IspCmdReceiveData.o (memmove)
c:/program files (x86)/gnu arm embedded toolchain/10 2021.10/bin/../lib/gcc/arm-none-eabi/10.3.1/../../../../arm-none-eabi/lib/thumb/v7e-m+fp/hard\libc_nano.a(lib_a-memset.o)
                              c:/program files (x86)/gnu arm embedded toolchain/10 2021.10/bin/../lib/gcc/arm-none-eabi/10.3.1/../../../../arm-none-eabi/lib/thumb/v7e-m+fp/hard/crt0.o (memset)
c:/program files (x86)/gnu arm embedded toolchain/10 2021.10/bin/../lib/gcc/arm-none-eabi/10.3.1/../../../../arm-none-eabi/lib/thumb/v7e-m+fp/hard\libc_nano.a(lib_a-nano-freer.o)
                              c:/program files (x86)/gnu arm embedded toolchain/10 2021.10/bin/../lib/gcc/arm-none-eabi/10.3.1/../../../../arm-none-eabi/lib/thumb/v7e-m+fp/hard\libc_nano.a(lib_a-malloc.o) (_free_r)
c:/program files (x86)/gnu arm embedded toolchain/10 2021.10/bin/../lib/gcc/arm-none-eabi/10.3.1/../../../../arm-none-eabi/lib/thumb/v7e-m+fp/hard\libc_nano.a(lib_a-nano-mallocr.o)
                              c:/program files (x86)/gnu arm embedded toolchain/10 2021.10/bin/../lib/gcc/arm-none-eabi/10.3.1/../../../../arm-none-eabi/lib/thumb/v7e-m+fp/hard\libc_nano.a(lib_a-malloc.o) (_malloc_r)
c:/program files (x86)/gnu arm embedded toolchain/10 2021.10/bin/../lib/gcc/arm-none-eabi/10.3.1/../../../../arm-none-eabi/lib/thumb/v7e-m+fp/hard\libc_nano.a(lib_a-on_exit_args.o)
                              c:/program files (x86)/gnu arm embedded toolchain/10 2021.10/bin/../lib/gcc/arm-none-eabi/10.3.1/../../../../arm-none-eabi/lib/thumb/v7e-m+fp/hard\libc_nano.a(lib_a-cxa_atexit.o) (__on_exit_args)
c:/program files (x86)/gnu arm embedded toolchain/10 2021.10/bin/../lib/gcc/arm-none-eabi/10.3.1/../../../../arm-none-eabi/lib/thumb/v7e-m+fp/hard\libc_nano.a(lib_a-printf.o)
                              build/IspSubCommandProcessor.o (printf)
c:/program files (x86)/gnu arm embedded toolchain/10 2021.10/bin/../lib/gcc/arm-none-eabi/10.3.1/../../../../arm-none-eabi/lib/thumb/v7e-m+fp/hard\libc_nano.a(lib_a-sbrkr.o)
[...]
Memory Configuration

Name             Origin             Length             Attributes
RAM              0x20000000         0x00020000         xrw
FLASH            0x08000000         0x00080000         xr
*default*        0x00000000         0xffffffff

Linker script and memory map

LOAD c:/program files (x86)/gnu arm embedded toolchain/10 2021.10/bin/../lib/gcc/arm-none-eabi/10.3.1/thumb/v7e-m+fp/hard/crti.o
LOAD c:/program files (x86)/gnu arm embedded toolchain/10 2021.10/bin/../lib/gcc/arm-none-eabi/10.3.1/thumb/v7e-m+fp/hard/crtbegin.o
LOAD c:/program files (x86)/gnu arm embedded toolchain/10 2021.10/bin/../lib/gcc/arm-none-eabi/10.3.1/../../../../arm-none-eabi/lib/thumb/v7e-m+fp/hard/crt0.o
LOAD build/stm32f4xx_it.o
LOAD build/stm32f4xx_hal_msp.o
LOAD build/Darin3Cart_Driver.o
LOAD build/usb_device.o
LOAD build/usbd_desc.o
LOAD build/usbd_cdc_if.o
LOAD build/usbd_conf.o
LOAD build/stm32f4xx_hal_pcd.o
LOAD build/stm32f4xx_hal_pcd_ex.o
LOAD build/stm32f4xx_ll_usb.o
LOAD build/stm32f4xx_hal_rcc.o
LOAD build/stm32f4xx_hal_rcc_ex.o
LOAD build/stm32f4xx_hal_flash.o
LOAD build/stm32f4xx_hal_flash_ex.o
LOAD build/stm32f4xx_hal_flash_ramfunc.o
LOAD build/stm32f4xx_hal_gpio.o
LOAD build/stm32f4xx_hal_dma_ex.o
LOAD build/stm32f4xx_hal_dma.o
LOAD build/stm32f4xx_hal_pwr.o
LOAD build/stm32f4xx_hal_pwr_ex.o
LOAD build/stm32f4xx_hal_cortex.o
LOAD build/stm32f4xx_hal.o
LOAD build/stm32f4xx_hal_exti.o
LOAD build/system_stm32f4xx.o
LOAD build/usbd_core.o
LOAD build/usbd_ctlreq.o
LOAD build/usbd_ioreq.o
LOAD build/usbd_cdc.o
LOAD build/sysmem.o
LOAD build/syscalls.o
LOAD build/diskio.o
LOAD build/ff.o
LOAD build/ffsystem.o
LOAD build/ffunicode.o
LOAD build/main.o
LOAD build/cpp_minimal.o
LOAD build/FatFsWrapperSingleton.o
LOAD build/FatFsWrapperSingletonTest.o
LOAD build/Darin3.o
LOAD build/SerialTransport.o
LOAD build/IspCmdControl.o
LOAD build/IspCmdReceiveData.o
LOAD build/IspCmdTransmitData.o
LOAD build/IspCommandManager.o
LOAD build/IspSubCommandProcessor.o
LOAD build/safeBuffer.o
LOAD build/startup_stm32f411xe.o
LOAD c:/program files (x86)/gnu arm embedded toolchain/10 2021.10/bin/../lib/gcc/arm-none-eabi/10.3.1/../../../../arm-none-eabi/lib/thumb/v7e-m+fp/hard\libc_nano.a
LOAD c:/program files (x86)/gnu arm embedded toolchain/10 2021.10/bin/../lib/gcc/arm-none-eabi/10.3.1/../../../../arm-none-eabi/lib/thumb/v7e-m+fp/hard\libm.a
LOAD c:/program files (x86)/gnu arm embedded toolchain/10 2021.10/bin/../lib/gcc/arm-none-eabi/10.3.1/../../../../arm-none-eabi/lib/thumb/v7e-m+fp/hard\libnosys.a
START GROUP
LOAD c:/program files (x86)/gnu arm embedded toolchain/10 2021.10/bin/../lib/gcc/arm-none-eabi/10.3.1/thumb/v7e-m+fp/hard\libgcc.a
LOAD c:/program files (x86)/gnu arm embedded toolchain/10 2021.10/bin/../lib/gcc/arm-none-eabi/10.3.1/../../../../arm-none-eabi/lib/thumb/v7e-m+fp/hard\libc_nano.a
END GROUP
START GROUP
LOAD c:/program files (x86)/gnu arm embedded toolchain/10 2021.10/bin/../lib/gcc/arm-none-eabi/10.3.1/thumb/v7e-m+fp/hard\libgcc.a
LOAD c:/program files (x86)/gnu arm embedded toolchain/10 2021.10/bin/../lib/gcc/arm-none-eabi/10.3.1/../../../../arm-none-eabi/lib/thumb/v7e-m+fp/hard\libc_nano.a
END GROUP
LOAD c:/program files (x86)/gnu arm embedded toolchain/10 2021.10/bin/../lib/gcc/arm-none-eabi/10.3.1/thumb/v7e-m+fp/hard/crtend.o
LOAD c:/program files (x86)/gnu arm embedded toolchain/10 2021.10/bin/../lib/gcc/arm-none-eabi/10.3.1/thumb/v7e-m+fp/hard/crtn.o
                0x20020000                _estack = (ORIGIN (RAM) + LENGTH (RAM))
                0x00000200                _Min_Heap_Size = 0x200
                0x00000400                _Min_Stack_Size = 0x400

.isr_vector     0x08000000      0x198
                0x08000000                . = ALIGN (0x4)
 *(.isr_vector)
 .isr_vector    0x08000000      0x198 build/startup_stm32f411xe.o
                0x08000000                g_pfnVectors
                0x08000198                . = ALIGN (0x4)

.text           0x080001a0     0xa978
                0x080001a0                . = ALIGN (0x4)
 *(.text)
 .text          0x080001a0       0x40 c:/program files (x86)/gnu arm embedded toolchain/10 2021.10/bin/../lib/gcc/arm-none-eabi/10.3.1/thumb/v7e-m+fp/hard/crtbegin.o
 .text          0x080001e0       0x14 c:/program files (x86)/gnu arm embedded toolchain/10 2021.10/bin/../lib/gcc/arm-none-eabi/10.3.1/../../../../arm-none-eabi/lib/thumb/v7e-m+fp/hard\libc_nano.a(lib_a-strcmp.o)
                0x080001e0                strcmp
 *fill*         0x080001f4        0xc 
 .text          0x08000200       0xa0 c:/program files (x86)/gnu arm embedded toolchain/10 2021.10/bin/../lib/gcc/arm-none-eabi/10.3.1/../../../../arm-none-eabi/lib/thumb/v7e-m+fp/hard\libc_nano.a(lib_a-memchr.o)
                0x08000200                memchr
 .text          0x080002a0       0x30 c:/program files (x86)/gnu arm embedded toolchain/10 2021.10/bin/../lib/gcc/arm-none-eabi/10.3.1/thumb/v7e-m+fp/hard\libgcc.a(_aeabi_uldivmod.o)
                0x080002a0                __aeabi_uldivmod
 .text          0x080002d0      0x2d0 c:/program files (x86)/gnu arm embedded toolchain/10 2021.10/bin/../lib/gcc/arm-none-eabi/10.3.1/thumb/v7e-m+fp/hard\libgcc.a(_udivmoddi4.o)
                0x080002d0                __udivmoddi4
 .text          0x080005a0        0x4 c:/program files (x86)/gnu arm embedded toolchain/10 2021.10/bin/../lib/gcc/arm-none-eabi/10.3.1/thumb/v7e-m+fp/hard\libgcc.a(_dvmd_tls.o)
                0x080005a0                __aeabi_idiv0
                0x080005a0                __aeabi_ldiv0
 *(.text*)
 .text.NMI_Handler
                0x080005a4        0x2 build/stm32f4xx_it.o
                0x080005a4                NMI_Handler
 .text.HardFault_Handler
                0x080005a6        0x2 build/stm32f4xx_it.o
                0x080005a6                HardFault_Handler
 .text.MemManage_Handler
                0x080005a8        0x2 build/stm32f4xx_it.o
                0x080005a8                MemManage_Handler
 .text.BusFault_Handler
                0x080005aa        0x2 build/stm32f4xx_it.o
                0x080005aa                BusFault_Handler
 .text.UsageFault_Handler
                0x080005ac        0x2 build/stm32f4xx_it.o
                0x080005ac                UsageFault_Handler
 .text.SVC_Handler
                0x080005ae        0x2 build/stm32f4xx_it.o
                0x080005ae                SVC_Handler
 .text.DebugMon_Handler
                0x080005b0        0x2 build/stm32f4xx_it.o
                0x080005b0                DebugMon_Handler
 .text.PendSV_Handler
                0x080005b2        0x2 build/stm32f4xx_it.o
                0x080005b2                PendSV_Handler
 .text.SysTick_Handler
                0x080005b4        0x8 build/stm32f4xx_it.o
                0x080005b4                SysTick_Handler
 .text.OTG_FS_IRQHandler
                0x080005bc       0x10 build/stm32f4xx_it.o
                0x080005bc                OTG_FS_IRQHandler
 .text.HAL_MspInit
                0x080005cc       0x38 build/stm32f4xx_hal_msp.o
                0x080005cc                HAL_MspInit
 .text.get_CE_pin
                0x08000604        0xc build/Darin3Cart_Driver.o
                0x08000604                get_CE_pin
 .text.get_D3_slt_status
                0x08000610        0xc build/Darin3Cart_Driver.o
                0x08000610                get_D3_slt_status
 .text.DataBus_SetOutput
                0x0800061c      0x528 build/Darin3Cart_Driver.o
                0x0800061c                DataBus_SetOutput
 .text.DataBus_SetInput
                0x08000b44      0x2b8 build/Darin3Cart_Driver.o
                0x08000b44                DataBus_SetInput
 .text.DataBus_Configure
                0x08000dfc       0x12 build/Darin3Cart_Driver.o
                0x08000dfc                DataBus_Configure
 *fill*         0x08000e0e        0x2 
 .text.write_address_port
                0x08000e10       0x70 build/Darin3Cart_Driver.o
                0x08000e10                write_address_port
 .text.UpdateD3SlotStatus
                0x08000e80       0x34 build/Darin3Cart_Driver.o
                0x08000e80                UpdateD3SlotStatus
 .text.get_D3_Green_LedPins
                0x08000eb4        0xc build/Darin3Cart_Driver.o
                0x08000eb4                get_D3_Green_LedPins
 .text.get_D3_Red_LedPins
                0x08000ec0        0xc build/Darin3Cart_Driver.o
                0x08000ec0                get_D3_Red_LedPins
 .text.setGreenLed
                0x08000ecc       0x20 build/Darin3Cart_Driver.o
                0x08000ecc                setGreenLed
 .text.setRedLed
                0x08000eec       0x20 build/Darin3Cart_Driver.o
                0x08000eec                setRedLed
 .text.short_delay_us
                0x08000f0c       0x1c build/Darin3Cart_Driver.o
                0x08000f0c                short_delay_us
 .text.DataBus_WriteByte
                0x08000f28       0x18 build/Darin3Cart_Driver.o
                0x08000f28                DataBus_WriteByte
 .text.DataBus_ReadByte
                0x08000f40       0x1c build/Darin3Cart_Driver.o
                0x08000f40                DataBus_ReadByte
 .text.slotLedBlink
                0x08000f5c       0x4c build/Darin3Cart_Driver.o
                0x08000f5c                slotLedBlink
 .text.LedLoopBack
                0x08000fa8       0xcc build/Darin3Cart_Driver.o
                0x08000fa8                LedLoopBack
 .text.BlinkAllLed
                0x08001074       0x34 build/Darin3Cart_Driver.o
                0x08001074                BlinkAllLed
 .text.MX_USB_DEVICE_Init
                0x080010a8       0x54 build/usb_device.o
                0x080010a8                MX_USB_DEVICE_Init
 .text.USBD_FS_DeviceDescriptor
                0x080010fc        0xc build/usbd_desc.o
                0x080010fc                USBD_FS_DeviceDescriptor
 .text.USBD_FS_LangIDStrDescriptor
                0x08001108        0xc build/usbd_desc.o
                0x08001108                USBD_FS_LangIDStrDescriptor
 .text.IntToUnicode
                0x08001114       0x46 build/usbd_desc.o
 *fill*         0x0800115a        0x2 
 .text.Get_SerialNum
                0x0800115c       0x38 build/usbd_desc.o
 .text.USBD_FS_SerialStrDescriptor
                0x08001194       0x14 build/usbd_desc.o
                0x08001194                USBD_FS_SerialStrDescriptor
 .text.USBD_FS_ProductStrDescriptor
                0x080011a8       0x24 build/usbd_desc.o
                0x080011a8                USBD_FS_ProductStrDescriptor
 .text.USBD_FS_ManufacturerStrDescriptor
                0x080011cc       0x1c build/usbd_desc.o
                0x080011cc                USBD_FS_ManufacturerStrDescriptor
 .text.USBD_FS_ConfigStrDescriptor
                0x080011e8       0x24 build/usbd_desc.o
                0x080011e8                USBD_FS_ConfigStrDescriptor
 .text.USBD_FS_InterfaceStrDescriptor
                0x0800120c       0x24 build/usbd_desc.o
                0x0800120c                USBD_FS_InterfaceStrDescriptor
 .text.CDC_DeInit_FS
                0x08001230        0x4 build/usbd_cdc_if.o
 .text.CDC_Control_FS
                0x08001234        0x4 build/usbd_cdc_if.o
 .text.CDC_TransmitCplt_FS
                0x08001238        0x4 build/usbd_cdc_if.o
 .text.CDC_Receive_FS
                0x0800123c       0x28 build/usbd_cdc_if.o
 .text.CDC_Init_FS
                0x08001264       0x28 build/usbd_cdc_if.o
 .text.CDC_Transmit_FS
                0x0800128c       0x2c build/usbd_cdc_if.o
                0x0800128c                CDC_Transmit_FS
 .text.HAL_PCD_MspInit
                0x080012b8       0x98 build/usbd_conf.o
                0x080012b8                HAL_PCD_MspInit
 .text.HAL_PCD_SetupStageCallback
                0x08001350       0x10 build/usbd_conf.o
                0x08001350                HAL_PCD_SetupStageCallback
 .text.HAL_PCD_DataOutStageCallback
                0x08001360       0x18 build/usbd_conf.o
                0x08001360                HAL_PCD_DataOutStageCallback
 .text.HAL_PCD_DataInStageCallback
                0x08001378       0x16 build/usbd_conf.o
                0x08001378                HAL_PCD_DataInStageCallback
 .text.HAL_PCD_SOFCallback
                0x0800138e        0xc build/usbd_conf.o
                0x0800138e                HAL_PCD_SOFCallback
 .text.HAL_PCD_ResetCallback
                0x0800139a       0x24 build/usbd_conf.o
                0x0800139a                HAL_PCD_ResetCallback
 *fill*         0x080013be        0x2 
 .text.HAL_PCD_SuspendCallback
                0x080013c0       0x30 build/usbd_conf.o
                0x080013c0                HAL_PCD_SuspendCallback
 .text.HAL_PCD_ResumeCallback
                0x080013f0        0xc build/usbd_conf.o
                0x080013f0                HAL_PCD_ResumeCallback
 .text.HAL_PCD_ISOOUTIncompleteCallback
                0x080013fc        0xc build/usbd_conf.o
                0x080013fc                HAL_PCD_ISOOUTIncompleteCallback
 .text.HAL_PCD_ISOINIncompleteCallback
                0x08001408        0xc build/usbd_conf.o
                0x08001408                HAL_PCD_ISOINIncompleteCallback
 .text.HAL_PCD_ConnectCallback
                0x08001414        0xc build/usbd_conf.o
                0x08001414                HAL_PCD_ConnectCallback
 .text.HAL_PCD_DisconnectCallback
                0x08001420        0xc build/usbd_conf.o
                0x08001420                HAL_PCD_DisconnectCallback
 .text.USBD_LL_Init
                0x0800142c       0x68 build/usbd_conf.o
                0x0800142c                USBD_LL_Init
 .text.USBD_LL_IsStallEP
                0x08001494       0x2c build/usbd_conf.o
                0x08001494                USBD_LL_IsStallEP
 .text.USBD_LL_GetRxDataSize
                0x080014c0        0xc build/usbd_conf.o
                0x080014c0                USBD_LL_GetRxDataSize
 .text.USBD_static_malloc
                0x080014cc        0x8 build/usbd_conf.o
                0x080014cc                USBD_static_malloc
 .text.USBD_static_free
                0x080014d4        0x2 build/usbd_conf.o
                0x080014d4                USBD_static_free
 .text.USBD_Get_USB_Status
                0x080014d6       0x14 build/usbd_conf.o
                0x080014d6                USBD_Get_USB_Status
 .text.USBD_LL_Start
                0x080014ea       0x10 build/usbd_conf.o
                0x080014ea                USBD_LL_Start
 .text.USBD_LL_OpenEP
                0x080014fa       0x16 build/usbd_conf.o
                0x080014fa                USBD_LL_OpenEP
 .text.USBD_LL_CloseEP
                0x08001510       0x10 build/usbd_conf.o
                0x08001510                USBD_LL_CloseEP
 .text.USBD_LL_StallEP
                0x08001520       0x10 build/usbd_conf.o
                0x08001520                USBD_LL_StallEP
 .text.USBD_LL_ClearStallEP
                0x08001530       0x10 build/usbd_conf.o
                0x08001530                USBD_LL_ClearStallEP
 .text.USBD_LL_SetUSBAddress
                0x08001540       0x10 build/usbd_conf.o
                0x08001540                USBD_LL_SetUSBAddress
 .text.USBD_LL_Transmit
                0x08001550       0x10 build/usbd_conf.o
                0x08001550                USBD_LL_Transmit
 .text.USBD_LL_PrepareReceive
                0x08001560       0x10 build/usbd_conf.o
                0x08001560                USBD_LL_PrepareReceive
 .text.PCD_WriteEmptyTxFifo
                0x08001570       0xd0 build/stm32f4xx_hal_pcd.o
 .text.HAL_PCD_Init
                0x08001640      0x102 build/stm32f4xx_hal_pcd.o
                0x08001640                HAL_PCD_Init
 .text.HAL_PCD_Start
                0x08001742       0x44 build/stm32f4xx_hal_pcd.o
                0x08001742                HAL_PCD_Start
 *fill*         0x08001786        0x2 
 .text.PCD_EP_OutXfrComplete_int
                0x08001788      0x104 build/stm32f4xx_hal_pcd.o
 .text.PCD_EP_OutSetupPacket_int
                0x0800188c       0x50 build/stm32f4xx_hal_pcd.o
 .text.HAL_PCD_SetAddress
                0x080018dc       0x26 build/stm32f4xx_hal_pcd.o
                0x080018dc                HAL_PCD_SetAddress
 .text.HAL_PCD_EP_Open
                0x08001902       0x8c build/stm32f4xx_hal_pcd.o
                0x08001902                HAL_PCD_EP_Open
 .text.HAL_PCD_EP_Close
                0x0800198e       0x70 build/stm32f4xx_hal_pcd.o
                0x0800198e                HAL_PCD_EP_Close
 .text.HAL_PCD_EP_Receive
                0x080019fe       0x4a build/stm32f4xx_hal_pcd.o
                0x080019fe                HAL_PCD_EP_Receive
 .text.HAL_PCD_EP_GetRxCount
                0x08001a48       0x12 build/stm32f4xx_hal_pcd.o
                0x08001a48                HAL_PCD_EP_GetRxCount
 .text.HAL_PCD_EP_Transmit
                0x08001a5a       0x4a build/stm32f4xx_hal_pcd.o
                0x08001a5a                HAL_PCD_EP_Transmit
 .text.HAL_PCD_EP_SetStall
                0x08001aa4       0x86 build/stm32f4xx_hal_pcd.o
                0x08001aa4                HAL_PCD_EP_SetStall
 .text.HAL_PCD_EP_ClrStall
                0x08001b2a       0x74 build/stm32f4xx_hal_pcd.o
                0x08001b2a                HAL_PCD_EP_ClrStall
 .text.HAL_PCD_EP_Abort
                0x08001b9e       0x34 build/stm32f4xx_hal_pcd.o
                0x08001b9e                HAL_PCD_EP_Abort
 .text.HAL_PCD_IRQHandler
                0x08001bd2      0x5ba build/stm32f4xx_hal_pcd.o
                0x08001bd2                HAL_PCD_IRQHandler
 .text.HAL_PCDEx_SetTxFiFo
                0x0800218c       0x4c build/stm32f4xx_hal_pcd_ex.o
                0x0800218c                HAL_PCDEx_SetTxFiFo
 .text.HAL_PCDEx_SetRxFiFo
                0x080021d8        0x8 build/stm32f4xx_hal_pcd_ex.o
                0x080021d8                HAL_PCDEx_SetRxFiFo
 .text.HAL_PCDEx_LPM_Callback
                0x080021e0        0x2 build/stm32f4xx_hal_pcd_ex.o
                0x080021e0                HAL_PCDEx_LPM_Callback
 .text.USB_CoreReset
                0x080021e2       0x58 build/stm32f4xx_ll_usb.o
 .text.USB_CoreInit
                0x0800223a       0x92 build/stm32f4xx_ll_usb.o
                0x0800223a                USB_CoreInit
 .text.USB_SetTurnaroundTime
                0x080022cc       0xe4 build/stm32f4xx_ll_usb.o
                0x080022cc                USB_SetTurnaroundTime
 .text.USB_EnableGlobalInt
                0x080023b0        0xc build/stm32f4xx_ll_usb.o
                0x080023b0                USB_EnableGlobalInt
 .text.USB_DisableGlobalInt
                0x080023bc        0xc build/stm32f4xx_ll_usb.o
                0x080023bc                USB_DisableGlobalInt
 .text.USB_FlushTxFifo
                0x080023c8       0x4a build/stm32f4xx_ll_usb.o
                0x080023c8                USB_FlushTxFifo
 .text.USB_FlushRxFifo
                0x08002412       0x46 build/stm32f4xx_ll_usb.o
                0x08002412                USB_FlushRxFifo
 .text.USB_SetDevSpeed
                0x08002458        0xe build/stm32f4xx_ll_usb.o
                0x08002458                USB_SetDevSpeed
 *fill*         0x08002466        0x2 
 .text.USB_DevInit
                0x08002468      0x194 build/stm32f4xx_ll_usb.o
                0x08002468                USB_DevInit
 .text.USB_GetDevSpeed
                0x080025fc       0x22 build/stm32f4xx_ll_usb.o
                0x080025fc                USB_GetDevSpeed
 .text.USB_ActivateEndpoint
                0x0800261e       0x9c build/stm32f4xx_ll_usb.o
                0x0800261e                USB_ActivateEndpoint
 *fill*         0x080026ba        0x2 
 .text.USB_DeactivateEndpoint
                0x080026bc       0xe0 build/stm32f4xx_ll_usb.o
                0x080026bc                USB_DeactivateEndpoint
 .text.USB_EPStopXfer
                0x0800279c       0xbe build/stm32f4xx_ll_usb.o
                0x0800279c                USB_EPStopXfer
 .text.USB_WritePacket
                0x0800285a       0x2e build/stm32f4xx_ll_usb.o
                0x0800285a                USB_WritePacket
 .text.USB_EPStartXfer
                0x08002888      0x250 build/stm32f4xx_ll_usb.o
                0x08002888                USB_EPStartXfer
 .text.USB_ReadPacket
                0x08002ad8       0x54 build/stm32f4xx_ll_usb.o
                0x08002ad8                USB_ReadPacket
 .text.USB_EPSetStall
                0x08002b2c       0x5a build/stm32f4xx_ll_usb.o
                0x08002b2c                USB_EPSetStall
 .text.USB_EPClearStall
                0x08002b86       0x5c build/stm32f4xx_ll_usb.o
                0x08002b86                USB_EPClearStall
 .text.USB_SetDevAddress
                0x08002be2       0x20 build/stm32f4xx_ll_usb.o
                0x08002be2                USB_SetDevAddress
 .text.USB_DevConnect
                0x08002c02       0x1c build/stm32f4xx_ll_usb.o
                0x08002c02                USB_DevConnect
 .text.USB_DevDisconnect
                0x08002c1e       0x1c build/stm32f4xx_ll_usb.o
                0x08002c1e                USB_DevDisconnect
 .text.USB_ReadInterrupts
                0x08002c3a        0x8 build/stm32f4xx_ll_usb.o
                0x08002c3a                USB_ReadInterrupts
 .text.USB_ReadDevAllOutEpInterrupt
                0x08002c42       0x10 build/stm32f4xx_ll_usb.o
                0x08002c42                USB_ReadDevAllOutEpInterrupt
 .text.USB_ReadDevAllInEpInterrupt
                0x08002c52       0x10 build/stm32f4xx_ll_usb.o
                0x08002c52                USB_ReadDevAllInEpInterrupt
 .text.USB_ReadDevOutEPInterrupt
                0x08002c62       0x12 build/stm32f4xx_ll_usb.o
                0x08002c62                USB_ReadDevOutEPInterrupt
 .text.USB_ReadDevInEPInterrupt
                0x08002c74       0x28 build/stm32f4xx_ll_usb.o
                0x08002c74                USB_ReadDevInEPInterrupt
 .text.USB_GetMode
                0x08002c9c        0x8 build/stm32f4xx_ll_usb.o
                0x08002c9c                USB_GetMode
 .text.USB_SetCurrentMode
                0x08002ca4       0x62 build/stm32f4xx_ll_usb.o
                0x08002ca4                USB_SetCurrentMode
 .text.USB_ActivateSetup
                0x08002d06       0x20 build/stm32f4xx_ll_usb.o
                0x08002d06                USB_ActivateSetup
 *fill*         0x08002d26        0x2 
 .text.USB_EP0_OutStart
                0x08002d28       0x60 build/stm32f4xx_ll_usb.o
                0x08002d28                USB_EP0_OutStart
 .text.HAL_RCC_OscConfig
                0x08002d88      0x3f8 build/stm32f4xx_hal_rcc.o
                0x08002d88                HAL_RCC_OscConfig
 .text.HAL_RCC_GetSysClockFreq
                0x08003180       0xd4 build/stm32f4xx_hal_rcc.o
                0x08003180                HAL_RCC_GetSysClockFreq
 .text.HAL_RCC_ClockConfig
                0x08003254      0x160 build/stm32f4xx_hal_rcc.o
                0x08003254                HAL_RCC_ClockConfig
 .text.HAL_RCC_GetHCLKFreq
                0x080033b4        0xc build/stm32f4xx_hal_rcc.o
                0x080033b4                HAL_RCC_GetHCLKFreq
 .text.HAL_GPIO_Init
                0x080033c0      0x1c0 build/stm32f4xx_hal_gpio.o
                0x080033c0                HAL_GPIO_Init
 .text.HAL_GPIO_WritePin
                0x08003580        0xc build/stm32f4xx_hal_gpio.o
                0x08003580                HAL_GPIO_WritePin
 .text.HAL_NVIC_SetPriorityGrouping
                0x0800358c       0x24 build/stm32f4xx_hal_cortex.o
                0x0800358c                HAL_NVIC_SetPriorityGrouping
 .text.HAL_NVIC_SetPriority
                0x080035b0       0x70 build/stm32f4xx_hal_cortex.o
                0x080035b0                HAL_NVIC_SetPriority
 .text.HAL_NVIC_EnableIRQ
                0x08003620       0x1c build/stm32f4xx_hal_cortex.o
                0x08003620                HAL_NVIC_EnableIRQ
 .text.HAL_SYSTICK_Config
                0x0800363c       0x28 build/stm32f4xx_hal_cortex.o
                0x0800363c                HAL_SYSTICK_Config
 .text.HAL_InitTick
                0x08003664       0x4c build/stm32f4xx_hal.o
                0x08003664                HAL_InitTick
 .text.HAL_Init
                0x080036b0       0x34 build/stm32f4xx_hal.o
                0x080036b0                HAL_Init
 .text.HAL_IncTick
                0x080036e4       0x18 build/stm32f4xx_hal.o
                0x080036e4                HAL_IncTick
 .text.HAL_GetTick
                0x080036fc        0xc build/stm32f4xx_hal.o
                0x080036fc                HAL_GetTick
 .text.HAL_Delay
                0x08003708       0x28 build/stm32f4xx_hal.o
                0x08003708                HAL_Delay
 .text.SystemInit
                0x08003730       0x14 build/system_stm32f4xx.o
                0x08003730                SystemInit
 .text.USBD_Init
                0x08003744       0x2e build/usbd_core.o
                0x08003744                USBD_Init
 .text.USBD_RegisterClass
                0x08003772       0x34 build/usbd_core.o
                0x08003772                USBD_RegisterClass
 .text.USBD_Start
                0x080037a6        0x8 build/usbd_core.o
                0x080037a6                USBD_Start
 .text.USBD_SetClassConfig
                0x080037ae       0x12 build/usbd_core.o
                0x080037ae                USBD_SetClassConfig
 .text.USBD_ClrClassConfig
                0x080037c0       0x12 build/usbd_core.o
                0x080037c0                USBD_ClrClassConfig
 .text.USBD_LL_SetupStage
                0x080037d2       0x58 build/usbd_core.o
                0x080037d2                USBD_LL_SetupStage
 .text.USBD_LL_Reset
                0x0800382a       0x66 build/usbd_core.o
                0x0800382a                USBD_LL_Reset
 .text.USBD_LL_SetSpeed
                0x08003890        0x6 build/usbd_core.o
                0x08003890                USBD_LL_SetSpeed
 .text.USBD_LL_Suspend
                0x08003896       0x1e build/usbd_core.o
                0x08003896                USBD_LL_Suspend
 .text.USBD_LL_Resume
                0x080038b4       0x1a build/usbd_core.o
                0x080038b4                USBD_LL_Resume
 .text.USBD_LL_SOF
                0x080038ce       0x22 build/usbd_core.o
                0x080038ce                USBD_LL_SOF
 .text.USBD_LL_IsoINIncomplete
                0x080038f0       0x2e build/usbd_core.o
                0x080038f0                USBD_LL_IsoINIncomplete
 .text.USBD_LL_IsoOUTIncomplete
                0x0800391e       0x2e build/usbd_core.o
                0x0800391e                USBD_LL_IsoOUTIncomplete
 .text.USBD_LL_DevConnected
                0x0800394c        0x4 build/usbd_core.o
                0x0800394c                USBD_LL_DevConnected
 .text.USBD_LL_DevDisconnected
                0x08003950       0x20 build/usbd_core.o
                0x08003950                USBD_LL_DevDisconnected
 .text.USBD_CoreFindIF
                0x08003970        0x4 build/usbd_core.o
                0x08003970                USBD_CoreFindIF
 .text.USBD_CoreFindEP
                0x08003974        0x4 build/usbd_core.o
                0x08003974                USBD_CoreFindEP
 .text.USBD_LL_DataOutStage
                0x08003978       0xcc build/usbd_core.o
                0x08003978                USBD_LL_DataOutStage
 .text.USBD_LL_DataInStage
                0x08003a44       0xd8 build/usbd_core.o
                0x08003a44                USBD_LL_DataInStage
 .text.USBD_GetNextDesc
                0x08003b1c        0xe build/usbd_core.o
                0x08003b1c                USBD_GetNextDesc
 .text.USBD_GetEpDesc
                0x08003b2a       0x3e build/usbd_core.o
                0x08003b2a                USBD_GetEpDesc
 .text.USBD_GetLen
                0x08003b68       0x14 build/usbd_ctlreq.o
 .text.USBD_ParseSetupRequest
                0x08003b7c       0x28 build/usbd_ctlreq.o
                0x08003b7c                USBD_ParseSetupRequest
 .text.USBD_CtlError
                0x08003ba4       0x14 build/usbd_ctlreq.o
                0x08003ba4                USBD_CtlError
 .text.USBD_GetDescriptor
                0x08003bb8      0x18a build/usbd_ctlreq.o
 .text.USBD_SetAddress
                0x08003d42       0x50 build/usbd_ctlreq.o
 *fill*         0x08003d92        0x2 
 .text.USBD_SetConfig
                0x08003d94       0xcc build/usbd_ctlreq.o
 .text.USBD_GetConfig
                0x08003e60       0x40 build/usbd_ctlreq.o
 .text.USBD_GetStatus
                0x08003ea0       0x38 build/usbd_ctlreq.o
 .text.USBD_SetFeature
                0x08003ed8       0x2a build/usbd_ctlreq.o
 .text.USBD_ClrFeature
                0x08003f02       0x26 build/usbd_ctlreq.o
 .text.USBD_StdDevReq
                0x08003f28       0x76 build/usbd_ctlreq.o
                0x08003f28                USBD_StdDevReq
 .text.USBD_StdItfReq
                0x08003f9e       0x84 build/usbd_ctlreq.o
                0x08003f9e                USBD_StdItfReq
 .text.USBD_StdEPReq
                0x08004022      0x232 build/usbd_ctlreq.o
                0x08004022                USBD_StdEPReq
 .text.USBD_GetString
                0x08004254       0x46 build/usbd_ctlreq.o
                0x08004254                USBD_GetString
 .text.USBD_CtlSendData
                0x0800429a       0x1c build/usbd_ioreq.o
                0x0800429a                USBD_CtlSendData
 .text.USBD_CtlContinueSendData
                0x080042b6       0x10 build/usbd_ioreq.o
                0x080042b6                USBD_CtlContinueSendData
 .text.USBD_CtlPrepareRx
                0x080042c6       0x22 build/usbd_ioreq.o
                0x080042c6                USBD_CtlPrepareRx
 .text.USBD_CtlContinueRx
                0x080042e8       0x10 build/usbd_ioreq.o
                0x080042e8                USBD_CtlContinueRx
 .text.USBD_CtlSendStatus
                0x080042f8       0x16 build/usbd_ioreq.o
                0x080042f8                USBD_CtlSendStatus
 .text.USBD_CtlReceiveStatus
                0x0800430e       0x16 build/usbd_ioreq.o
                0x0800430e                USBD_CtlReceiveStatus
 .text.USBD_CDC_EP0_RxReady
                0x08004324       0x40 build/usbd_cdc.o
 .text.USBD_CDC_GetDeviceQualifierDescriptor
                0x08004364        0xc build/usbd_cdc.o
                0x08004364                USBD_CDC_GetDeviceQualifierDescriptor
 .text.USBD_CDC_GetOtherSpeedCfgDesc
                0x08004370       0x48 build/usbd_cdc.o
 .text.USBD_CDC_GetFSCfgDesc
                0x080043b8       0x48 build/usbd_cdc.o
 .text.USBD_CDC_GetHSCfgDesc
                0x08004400       0x48 build/usbd_cdc.o
 .text.USBD_CDC_DataOut
                0x08004448       0x38 build/usbd_cdc.o
 .text.USBD_CDC_DataIn
                0x08004480       0x7c build/usbd_cdc.o
 .text.USBD_CDC_Setup
                0x080044fc      0x11a build/usbd_cdc.o
 .text.USBD_CDC_DeInit
                0x08004616       0x64 build/usbd_cdc.o
 .text.USBD_CDC_Init
                0x0800467a       0xee build/usbd_cdc.o
 .text.USBD_CDC_RegisterInterface
                0x08004768       0x16 build/usbd_cdc.o
                0x08004768                USBD_CDC_RegisterInterface
 .text.USBD_CDC_SetTxBuffer
                0x0800477e       0x1c build/usbd_cdc.o
                0x0800477e                USBD_CDC_SetTxBuffer
 .text.USBD_CDC_SetRxBuffer
                0x0800479a       0x18 build/usbd_cdc.o
                0x0800479a                USBD_CDC_SetRxBuffer
 .text.USBD_CDC_TransmitPacket
                0x080047b2       0x3a build/usbd_cdc.o
                0x080047b2                USBD_CDC_TransmitPacket
 .text.USBD_CDC_ReceivePacket
                0x080047ec       0x38 build/usbd_cdc.o
                0x080047ec                USBD_CDC_ReceivePacket
 .text._sbrk    0x08004824       0x48 build/sysmem.o
                0x08004824                _sbrk
 .text._read    0x0800486c       0x20 build/syscalls.o
                0x0800486c                _read
 .text._write   0x0800488c       0x1c build/syscalls.o
                0x0800488c                _write
 .text._close   0x080048a8        0x6 build/syscalls.o
                0x080048a8                _close
 .text._fstat   0x080048ae        0xa build/syscalls.o
                0x080048ae                _fstat
 .text._isatty  0x080048b8        0x4 build/syscalls.o
                0x080048b8                _isatty
 .text._lseek   0x080048bc        0x4 build/syscalls.o
                0x080048bc                _lseek
 .text.get_fattime
                0x080048c0        0x4 build/diskio.o
                0x080048c0                get_fattime
 .text.disk_initialize
                0x080048c4      0x21c build/diskio.o
                0x080048c4                disk_initialize
 .text.disk_status
                0x08004ae0       0x74 build/diskio.o
                0x08004ae0                disk_status
 .text.disk_read
                0x08004b54      0x1f8 build/diskio.o
                0x08004b54                disk_read
 .text.disk_write
                0x08004d4c      0x24c build/diskio.o
                0x08004d4c                disk_write
 .text.disk_ioctl
                0x08004f98       0x38 build/diskio.o
                0x08004f98                disk_ioctl
 .text.SetCartNo
                0x08004fd0       0x28 build/diskio.o
                0x08004fd0                SetCartNo
 .text.ForceCartridgeReinit
                0x08004ff8       0x20 build/diskio.o
                0x08004ff8                ForceCartridgeReinit
 .text.ld_word  0x08005018        0xa build/ff.o
 .text.ld_dword
                0x08005022       0x16 build/ff.o
 .text.st_word  0x08005038        0x8 build/ff.o
 .text.st_dword
                0x08005040       0x14 build/ff.o
 .text.dbc_1st  0x08005054       0x24 build/ff.o
 .text.dbc_2nd  0x08005078       0x28 build/ff.o
 .text.clst2sect
                0x080050a0       0x18 build/ff.o
 .text.ld_clust
                0x080050b8       0x26 build/ff.o
 .text.st_clust
                0x080050de       0x26 build/ff.o
 .text.get_fileinfo
                0x08005104       0x74 build/ff.o
 .text.get_ldnumber
                0x08005178       0x56 build/ff.o
 .text.validate
                0x080051ce       0x46 build/ff.o
 .text.sync_window
                0x08005214       0x48 build/ff.o
 .text.move_window
                0x0800525c       0x36 build/ff.o
 *fill*         0x08005292        0x2 
 .text.check_fs
                0x08005294       0xd4 build/ff.o
 .text.find_volume
                0x08005368       0x70 build/ff.o
 .text.mount_volume
                0x080053d8      0x2a8 build/ff.o
 .text.put_fat  0x08005680      0x10e build/ff.o
 .text.get_fat  0x0800578e       0xd0 build/ff.o
 .text.dir_sdi  0x0800585e       0xac build/ff.o
 .text.create_chain
                0x0800590a      0x10e build/ff.o
 .text.remove_chain
                0x08005a18       0x7e build/ff.o
 .text.dir_remove
                0x08005a96       0x1c build/ff.o
 .text.dir_clear
                0x08005ab2       0x52 build/ff.o
 .text.dir_next
                0x08005b04       0xc8 build/ff.o
 .text.dir_find
                0x08005bcc       0x5a build/ff.o
 .text.dir_alloc
                0x08005c26       0x50 build/ff.o
 .text.dir_read
                0x08005c76       0x5e build/ff.o
 .text.create_name
                0x08005cd4      0x108 build/ff.o
 .text.follow_path
                0x08005ddc       0x8c build/ff.o
 .text.dir_register
                0x08005e68       0x46 build/ff.o
 *fill*         0x08005eae        0x2 
 .text.sync_fs  0x08005eb0       0x8c build/ff.o
 .text.create_partition
                0x08005f3c      0x13c build/ff.o
 .text.f_mount  0x08006078       0x58 build/ff.o
                0x08006078                f_mount
 .text.f_open   0x080060d0      0x1fc build/ff.o
                0x080060d0                f_open
 .text.f_read   0x080062cc      0x1a2 build/ff.o
                0x080062cc                f_read
 .text.f_write  0x0800646e      0x1de build/ff.o
                0x0800646e                f_write
 .text.f_sync   0x0800664c       0x96 build/ff.o
                0x0800664c                f_sync
 .text.f_close  0x080066e2       0x20 build/ff.o
                0x080066e2                f_close
 .text.f_opendir
                0x08006702       0x6e build/ff.o
                0x08006702                f_opendir
 .text.f_closedir
                0x08006770       0x14 build/ff.o
                0x08006770                f_closedir
 .text.f_readdir
                0x08006784       0x4e build/ff.o
                0x08006784                f_readdir
 .text.f_stat   0x080067d2       0x44 build/ff.o
                0x080067d2                f_stat
 .text.f_unlink
                0x08006816       0xac build/ff.o
                0x08006816                f_unlink
 *fill*         0x080068c2        0x2 
 .text.f_mkfs   0x080068c4      0x650 build/ff.o
                0x080068c4                f_mkfs
 .text._ZN21IIspSubCommandHandler12prepareForRxEPKhhm
                0x08006f14        0x6 build/main.o
                0x08006f14                IIspSubCommandHandler::prepareForRx(unsigned char const*, unsigned char, unsigned long)
 .text._ZN21IIspSubCommandHandler13processRxDataEPKhhm
                0x08006f1a        0x4 build/main.o
                0x08006f1a                IIspSubCommandHandler::processRxData(unsigned char const*, unsigned char, unsigned long)
 .text._ZN21IIspSubCommandHandler15prepareDataToTxEPKhhRm
                0x08006f1e        0x4 build/main.o
                0x08006f1e                IIspSubCommandHandler::prepareDataToTx(unsigned char const*, unsigned char, unsigned long&)
 .text._ZN21IIspSubCommandHandler9getSubCmdEv
                0x08006f22        0x4 build/main.o
                0x08006f22                IIspSubCommandHandler::getSubCmd()
 .text._ZN21IIspSubCommandHandler13processCmdReqEPh
                0x08006f26        0x4 build/main.o
                0x08006f26                IIspSubCommandHandler::processCmdReq(unsigned char*)
 *fill*         0x08006f2a        0x2 
 .text._ZN21IIspSubCommandHandlerD2Ev
                0x08006f2c        0xc build/main.o
                0x08006f2c                IIspSubCommandHandler::~IIspSubCommandHandler()
                0x08006f2c                IIspSubCommandHandler::~IIspSubCommandHandler()
 .text._ZN19Erase_SubCmdProcess9getSubCmdEv
                0x08006f38        0x4 build/main.o
                0x08006f38                Erase_SubCmdProcess::getSubCmd()
 .text._ZN29FirmwareVersion_SubCmdProcess13processCmdReqEPh
                0x08006f3c       0x30 build/main.o
                0x08006f3c                FirmwareVersion_SubCmdProcess::processCmdReq(unsigned char*)
 .text._ZN29FirmwareVersion_SubCmdProcess9getSubCmdEv
                0x08006f6c        0x4 build/main.o
                0x08006f6c                FirmwareVersion_SubCmdProcess::getSubCmd()
 .text._ZN21BoardID_SubCmdProcess13processCmdReqEPh
                0x08006f70       0x24 build/main.o
                0x08006f70                BoardID_SubCmdProcess::processCmdReq(unsigned char*)
 .text._ZN21BoardID_SubCmdProcess9getSubCmdEv
                0x08006f94        0x4 build/main.o
                0x08006f94                BoardID_SubCmdProcess::getSubCmd()
 .text._ZN24CartStatus_SubCmdProcess9getSubCmdEv
                0x08006f98        0x4 build/main.o
                0x08006f98                CartStatus_SubCmdProcess::getSubCmd()
 .text._ZN24GuiCtrlLed_SubCmdProcess13processCmdReqEPh
                0x08006f9c       0x2c build/main.o
                0x08006f9c                GuiCtrlLed_SubCmdProcess::processCmdReq(unsigned char*)
 .text._ZN24GuiCtrlLed_SubCmdProcess9getSubCmdEv
                0x08006fc8        0x4 build/main.o
                0x08006fc8                GuiCtrlLed_SubCmdProcess::getSubCmd()
 .text._ZN22GreenLed_SubCmdProcess9getSubCmdEv
                0x08006fcc        0x4 build/main.o
                0x08006fcc                GreenLed_SubCmdProcess::getSubCmd()
 .text._ZN20RedLed_SubCmdProcess9getSubCmdEv
                0x08006fd0        0x4 build/main.o
                0x08006fd0                RedLed_SubCmdProcess::getSubCmd()
 .text._ZN20Format_SubCmdProcess9getSubCmdEv
                0x08006fd4        0x4 build/main.o
                0x08006fd4                Format_SubCmdProcess::getSubCmd()
 .text._ZN26SlotLedBlink_SubCmdProcess9getSubCmdEv
                0x08006fd8        0x4 build/main.o
                0x08006fd8                SlotLedBlink_SubCmdProcess::getSubCmd()
 .text._ZN25BlinkAllLed_SubCmdProcess9getSubCmdEv
                0x08006fdc        0x4 build/main.o
                0x08006fdc                BlinkAllLed_SubCmdProcess::getSubCmd()
 .text._ZN25LedLoopBack_SubCmdProcess9getSubCmdEv
                0x08006fe0        0x4 build/main.o
                0x08006fe0                LedLoopBack_SubCmdProcess::getSubCmd()
 .text._ZN28D3_Power_Cycle_SubCmdProcess9getSubCmdEv
                0x08006fe4        0x4 build/main.o
                0x08006fe4                D3_Power_Cycle_SubCmdProcess::getSubCmd()
 .text._ZN21IspTransportInterface7receiveEPhj
                0x08006fe8        0x4 build/main.o
                0x08006fe8                IspTransportInterface::receive(unsigned char*, unsigned int)
 .text._ZNK21IspTransportInterface6statusEv
                0x08006fec        0x4 build/main.o
                0x08006fec                IspTransportInterface::status() const
 .text._ZN21IspTransportInterface5flushEv
                0x08006ff0        0x2 build/main.o
                0x08006ff0                IspTransportInterface::flush()
 *fill*         0x08006ff2        0x2 
 .text._ZNK21IspTransportInterface4nameEv
                0x08006ff4        0x8 build/main.o
                0x08006ff4                IspTransportInterface::name() const
 .text._ZN17IspCommandHandler12setTransportEP21IspTransportInterface
                0x08006ffc        0x4 build/main.o
                0x08006ffc                IspCommandHandler::setTransport(IspTransportInterface*)
 .text._ZN28D3_Power_Cycle_SubCmdProcessD2Ev
                0x08007000       0x14 build/main.o
                0x08007000                D3_Power_Cycle_SubCmdProcess::~D3_Power_Cycle_SubCmdProcess()
                0x08007000                D3_Power_Cycle_SubCmdProcess::~D3_Power_Cycle_SubCmdProcess()
 .text._ZN25LedLoopBack_SubCmdProcessD2Ev
                0x08007014       0x14 build/main.o
                0x08007014                LedLoopBack_SubCmdProcess::~LedLoopBack_SubCmdProcess()
                0x08007014                LedLoopBack_SubCmdProcess::~LedLoopBack_SubCmdProcess()
 .text._ZN25BlinkAllLed_SubCmdProcessD2Ev
                0x08007028       0x14 build/main.o
                0x08007028                BlinkAllLed_SubCmdProcess::~BlinkAllLed_SubCmdProcess()
                0x08007028                BlinkAllLed_SubCmdProcess::~BlinkAllLed_SubCmdProcess()
 .text._ZN26SlotLedBlink_SubCmdProcessD2Ev
                0x0800703c       0x14 build/main.o
                0x0800703c                SlotLedBlink_SubCmdProcess::~SlotLedBlink_SubCmdProcess()
                0x0800703c                SlotLedBlink_SubCmdProcess::~SlotLedBlink_SubCmdProcess()
 .text._ZN20Format_SubCmdProcessD2Ev
                0x08007050       0x14 build/main.o
                0x08007050                Format_SubCmdProcess::~Format_SubCmdProcess()
                0x08007050                Format_SubCmdProcess::~Format_SubCmdProcess()
 .text._ZN20RedLed_SubCmdProcessD2Ev
                0x08007064       0x14 build/main.o
                0x08007064                RedLed_SubCmdProcess::~RedLed_SubCmdProcess()
                0x08007064                RedLed_SubCmdProcess::~RedLed_SubCmdProcess()
 .text._ZN22GreenLed_SubCmdProcessD2Ev
                0x08007078       0x14 build/main.o
                0x08007078                GreenLed_SubCmdProcess::~GreenLed_SubCmdProcess()
                0x08007078                GreenLed_SubCmdProcess::~GreenLed_SubCmdProcess()
 .text._ZN24GuiCtrlLed_SubCmdProcessD2Ev
                0x0800708c       0x14 build/main.o
                0x0800708c                GuiCtrlLed_SubCmdProcess::~GuiCtrlLed_SubCmdProcess()
                0x0800708c                GuiCtrlLed_SubCmdProcess::~GuiCtrlLed_SubCmdProcess()
 .text._ZN24CartStatus_SubCmdProcessD2Ev
                0x080070a0       0x14 build/main.o
                0x080070a0                CartStatus_SubCmdProcess::~CartStatus_SubCmdProcess()
                0x080070a0                CartStatus_SubCmdProcess::~CartStatus_SubCmdProcess()
 .text._ZN21BoardID_SubCmdProcessD2Ev
                0x080070b4       0x14 build/main.o
                0x080070b4                BoardID_SubCmdProcess::~BoardID_SubCmdProcess()
                0x080070b4                BoardID_SubCmdProcess::~BoardID_SubCmdProcess()
 .text._ZN29FirmwareVersion_SubCmdProcessD2Ev
                0x080070c8       0x14 build/main.o
                0x080070c8                FirmwareVersion_SubCmdProcess::~FirmwareVersion_SubCmdProcess()
                0x080070c8                FirmwareVersion_SubCmdProcess::~FirmwareVersion_SubCmdProcess()
 .text._ZN19Erase_SubCmdProcessD2Ev
                0x080070dc       0x14 build/main.o
                0x080070dc                Erase_SubCmdProcess::~Erase_SubCmdProcess()
                0x080070dc                Erase_SubCmdProcess::~Erase_SubCmdProcess()
 .text._ZN15UsbIspTransportD2Ev
                0x080070f0       0x14 build/main.o
                0x080070f0                UsbIspTransport::~UsbIspTransport()
                0x080070f0                UsbIspTransport::~UsbIspTransport()
 .text._ZN17IspCmdReceiveDataD2Ev
                0x08007104       0x14 build/main.o
                0x08007104                IspCmdReceiveData::~IspCmdReceiveData()
                0x08007104                IspCmdReceiveData::~IspCmdReceiveData()
 .text._ZN18IspCmdTransmitDataD2Ev
                0x08007118       0x14 build/main.o
                0x08007118                IspCmdTransmitData::~IspCmdTransmitData()
                0x08007118                IspCmdTransmitData::~IspCmdTransmitData()
 .text._ZN24GuiCtrlLed_SubCmdProcessD0Ev
                0x0800712c       0x20 build/main.o
                0x0800712c                GuiCtrlLed_SubCmdProcess::~GuiCtrlLed_SubCmdProcess()
 .text._ZN21IIspSubCommandHandlerD0Ev
                0x0800714c       0x18 build/main.o
                0x0800714c                IIspSubCommandHandler::~IIspSubCommandHandler()
 .text._ZN28D3_Power_Cycle_SubCmdProcessD0Ev
                0x08007164       0x20 build/main.o
                0x08007164                D3_Power_Cycle_SubCmdProcess::~D3_Power_Cycle_SubCmdProcess()
 .text._ZN25LedLoopBack_SubCmdProcessD0Ev
                0x08007184       0x20 build/main.o
                0x08007184                LedLoopBack_SubCmdProcess::~LedLoopBack_SubCmdProcess()
 .text._ZN26SlotLedBlink_SubCmdProcessD0Ev
                0x080071a4       0x20 build/main.o
                0x080071a4                SlotLedBlink_SubCmdProcess::~SlotLedBlink_SubCmdProcess()
 .text._ZN25BlinkAllLed_SubCmdProcessD0Ev
                0x080071c4       0x20 build/main.o
                0x080071c4                BlinkAllLed_SubCmdProcess::~BlinkAllLed_SubCmdProcess()
 .text._ZN20Format_SubCmdProcessD0Ev
                0x080071e4       0x20 build/main.o
                0x080071e4                Format_SubCmdProcess::~Format_SubCmdProcess()
 .text._ZN19Erase_SubCmdProcessD0Ev
                0x08007204       0x20 build/main.o
                0x08007204                Erase_SubCmdProcess::~Erase_SubCmdProcess()
 .text._ZN24CartStatus_SubCmdProcessD0Ev
                0x08007224       0x20 build/main.o
                0x08007224                CartStatus_SubCmdProcess::~CartStatus_SubCmdProcess()
 .text._ZN20RedLed_SubCmdProcessD0Ev
                0x08007244       0x20 build/main.o
                0x08007244                RedLed_SubCmdProcess::~RedLed_SubCmdProcess()
 .text._ZN22GreenLed_SubCmdProcessD0Ev
                0x08007264       0x20 build/main.o
                0x08007264                GreenLed_SubCmdProcess::~GreenLed_SubCmdProcess()
 .text._ZN21BoardID_SubCmdProcessD0Ev
                0x08007284       0x20 build/main.o
                0x08007284                BoardID_SubCmdProcess::~BoardID_SubCmdProcess()
 .text._ZN29FirmwareVersion_SubCmdProcessD0Ev
                0x080072a4       0x20 build/main.o
                0x080072a4                FirmwareVersion_SubCmdProcess::~FirmwareVersion_SubCmdProcess()
 .text._ZN24CartStatus_SubCmdProcess13processCmdReqEPh
                0x080072c4       0x4c build/main.o
                0x080072c4                CartStatus_SubCmdProcess::processCmdReq(unsigned char*)
 .text._ZN21IIspSubCommandHandler12EnocdeCmdResEhPht
                0x08007310       0x2c build/main.o
                0x08007310                IIspSubCommandHandler::EnocdeCmdRes(unsigned char, unsigned char*, unsigned short)
 .text._ZN21IIspSubCommandHandler12DecodeCmdReqEPh
                0x0800733c       0x22 build/main.o
                0x0800733c                IIspSubCommandHandler::DecodeCmdReq(unsigned char*)
 .text._ZN12FatFsWrapperD2Ev
                0x0800735e        0xc build/main.o
                0x0800735e                FatFsWrapper::~FatFsWrapper()
                0x0800735e                FatFsWrapper::~FatFsWrapper()
 *fill*         0x0800736a        0x2 
 .text._ZN25LedLoopBack_SubCmdProcess13processCmdReqEPh
                0x0800736c       0x30 build/main.o
                0x0800736c                LedLoopBack_SubCmdProcess::processCmdReq(unsigned char*)
 .text._ZN26SlotLedBlink_SubCmdProcess13processCmdReqEPh
                0x0800739c       0x2c build/main.o
                0x0800739c                SlotLedBlink_SubCmdProcess::processCmdReq(unsigned char*)
 .text._ZN25BlinkAllLed_SubCmdProcess13processCmdReqEPh
                0x080073c8       0x28 build/main.o
                0x080073c8                BlinkAllLed_SubCmdProcess::processCmdReq(unsigned char*)
 .text._ZN20RedLed_SubCmdProcess13processCmdReqEPh
                0x080073f0       0x2c build/main.o
                0x080073f0                RedLed_SubCmdProcess::processCmdReq(unsigned char*)
 .text._ZN22GreenLed_SubCmdProcess13processCmdReqEPh
                0x0800741c       0x2c build/main.o
                0x0800741c                GreenLed_SubCmdProcess::processCmdReq(unsigned char*)
 .text._ZL12MX_GPIO_Initv
                0x08007448      0x158 build/main.o
 .text._Z41__static_initialization_and_destruction_0ii
                0x080075a0       0x90 build/main.o
 .text._ZN19Erase_SubCmdProcess13processCmdReqEPh
                0x08007630       0xd0 build/main.o
                0x08007630                Erase_SubCmdProcess::processCmdReq(unsigned char*)
 .text._ZN28D3_Power_Cycle_SubCmdProcess13processCmdReqEPh
                0x08007700       0xa0 build/main.o
                0x08007700                D3_Power_Cycle_SubCmdProcess::processCmdReq(unsigned char*)
 .text._ZN20Format_SubCmdProcess13processCmdReqEPh
                0x080077a0       0xd0 build/main.o
                0x080077a0                Format_SubCmdProcess::processCmdReq(unsigned char*)
 .text._Z13UpdateSlotLedv
                0x08007870       0x68 build/main.o
                0x08007870                UpdateSlotLed()
 .text._Z16BlinkLed_PA1_PA8t
                0x080078d8       0x40 build/main.o
                0x080078d8                BlinkLed_PA1_PA8(unsigned short)
 .text.Isp_forward_data
                0x08007918       0xb4 build/main.o
                0x08007918                Isp_forward_data
 .text.Error_Handler
                0x080079cc        0x4 build/main.o
                0x080079cc                Error_Handler
 .text._Z18SystemClock_Configv
                0x080079d0       0xa4 build/main.o
                0x080079d0                SystemClock_Config()
 .text.main     0x08007a74      0x524 build/main.o
                0x08007a74                main
 .text._ZN15UsbIspTransportD0Ev
                0x08007f98       0x20 build/main.o
                0x08007f98                UsbIspTransport::~UsbIspTransport()
 .text._ZN17IspCmdReceiveDataD0Ev
                0x08007fb8       0x20 build/main.o
                0x08007fb8                IspCmdReceiveData::~IspCmdReceiveData()
 .text._ZN18IspCmdTransmitDataD0Ev
                0x08007fd8       0x20 build/main.o
                0x08007fd8                IspCmdTransmitData::~IspCmdTransmitData()
 .text._GLOBAL__sub_I_usbTransport
                0x08007ff8        0xe build/main.o
 .text.__cxa_guard_acquire
                0x08008006        0xa build/cpp_minimal.o
                0x08008006                __cxa_guard_acquire
 .text.__cxa_guard_release
                0x08008010        0x6 build/cpp_minimal.o
                0x08008010                __cxa_guard_release
 .text.__cxa_pure_virtual
                0x08008016        0x2 build/cpp_minimal.o
                0x08008016                __cxa_pure_virtual
 .text._ZdlPvj  0x08008018        0x8 build/cpp_minimal.o
                0x08008018                operator delete(void*, unsigned int)
 .text._ZN12FatFsWrapper12lookupFileIdEPKc
                0x08008020       0x3c build/FatFsWrapperSingleton.o
                0x08008020                FatFsWrapper::lookupFileId(char const*)
 .text._ZNK12FatFsWrapper15getFilenameByIdEi
                0x0800805c       0x28 build/FatFsWrapperSingleton.o
                0x0800805c                FatFsWrapper::getFilenameById(int) const
 .text._ZN12FatFsWrapper5mountEv
                0x08008084       0x38 build/FatFsWrapperSingleton.o
                0x08008084                FatFsWrapper::mount()
 .text._ZN12FatFsWrapper7unmountEv
                0x080080bc       0x24 build/FatFsWrapperSingleton.o
                0x080080bc                FatFsWrapper::unmount()
 .text._ZN12FatFsWrapper20forceCartridgeReinitE11CartridgeID
                0x080080e0        0xa build/FatFsWrapperSingleton.o
                0x080080e0                FatFsWrapper::forceCartridgeReinit(CartridgeID)
 .text._ZN12FatFsWrapper8fileSizeEiRm
                0x080080ea       0x38 build/FatFsWrapperSingleton.o
                0x080080ea                FatFsWrapper::fileSize(int, unsigned long&)
 *fill*         0x08008122        0x2 
 .text._ZN12FatFsWrapper14deleteAllFilesEPKc
                0x08008124       0xa8 build/FatFsWrapperSingleton.o
                0x08008124                FatFsWrapper::deleteAllFiles(char const*)
 .text._ZN12FatFsWrapper9scanFilesEPKcPNS_8FileInfoEjRj
                0x080081cc       0xcc build/FatFsWrapperSingleton.o
                0x080081cc                FatFsWrapper::scanFiles(char const*, FatFsWrapper::FileInfo*, unsigned int, unsigned int&)
 .text._ZN12FatFsWrapper15buildFilePacketEPhj
                0x08008298       0xb8 build/FatFsWrapperSingleton.o
                0x08008298                FatFsWrapper::buildFilePacket(unsigned char*, unsigned int)
 .text._ZN12FatFsWrapper15buildFilePacketEPhjRm
                0x08008350       0x1a build/FatFsWrapperSingleton.o
                0x08008350                FatFsWrapper::buildFilePacket(unsigned char*, unsigned int, unsigned long&)
 *fill*         0x0800836a        0x2 
 .text._ZN12FatFsWrapper6formatEPKchj
                0x0800836c       0x2c build/FatFsWrapperSingleton.o
                0x0800836c                FatFsWrapper::format(char const*, unsigned char, unsigned int)
 .text._ZN12FatFsWrapper10FileStream5closeEv
                0x08008398       0x20 build/FatFsWrapperSingleton.o
                0x08008398                FatFsWrapper::FileStream::close()
 .text._ZN12FatFsWrapper10FileStream4openERS_ibb
                0x080083b8       0x72 build/FatFsWrapperSingleton.o
                0x080083b8                FatFsWrapper::FileStream::open(FatFsWrapper&, int, bool, bool)
 .text._ZN12FatFsWrapper10FileStream8readNextEPvjRj
                0x0800842a       0x1c build/FatFsWrapperSingleton.o
                0x0800842a                FatFsWrapper::FileStream::readNext(void*, unsigned int, unsigned int&)
 .text._ZN12FatFsWrapper10FileStream9writeNextEPKvjRj
                0x08008446       0x1c build/FatFsWrapperSingleton.o
                0x08008446                FatFsWrapper::FileStream::writeNext(void const*, unsigned int, unsigned int&)
 .text._ZN12FatFsWrapper10FileStream4syncEv
                0x08008462       0x12 build/FatFsWrapperSingleton.o
                0x08008462                FatFsWrapper::FileStream::sync()
 .text._ZN6Darin3C2Ev
                0x08008474       0xa4 build/Darin3.o
                0x08008474                Darin3::Darin3()
                0x08008474                Darin3::Darin3()
 .text._ZN6Darin315closeReadStreamEv
                0x08008518       0x1e build/Darin3.o
                0x08008518                Darin3::closeReadStream()
 .text._ZN6Darin316closeWriteStreamEv
                0x08008536       0x24 build/Darin3.o
                0x08008536                Darin3::closeWriteStream()
 *fill*         0x0800855a        0x2 
 .text._ZN6Darin3D2Ev
                0x0800855c       0x24 build/Darin3.o
                0x0800855c                Darin3::~Darin3()
                0x0800855c                Darin3::~Darin3()
 .text._ZN6Darin3D0Ev
                0x08008580       0x16 build/Darin3.o
                0x08008580                Darin3::~Darin3()
 *fill*         0x08008596        0x2 
 .text._ZN6Darin312prepareForRxEPKhhm
                0x08008598       0xdc build/Darin3.o
                0x08008598                Darin3::prepareForRx(unsigned char const*, unsigned char, unsigned long)
 .text._ZN6Darin313processRxDataEPKhhm
                0x08008674       0x7c build/Darin3.o
                0x08008674                Darin3::processRxData(unsigned char const*, unsigned char, unsigned long)
 .text._ZN6Darin315prepareDataToTxEPKhhRm
                0x080086f0      0x1a8 build/Darin3.o
                0x080086f0                Darin3::prepareDataToTx(unsigned char const*, unsigned char, unsigned long&)
 .text._ZNK15UsbIspTransport4nameEv
                0x08008898        0x8 build/SerialTransport.o
                0x08008898                UsbIspTransport::name() const
 .text._ZN15UsbIspTransport8transmitEPVKhj
                0x080088a0       0x12 build/SerialTransport.o
                0x080088a0                UsbIspTransport::transmit(unsigned char const volatile*, unsigned int)
 *fill*         0x080088b2        0x2 
 .text._ZN13IspCmdControlD2Ev
                0x080088b4       0x38 build/IspCmdControl.o
                0x080088b4                IspCmdControl::~IspCmdControl()
                0x080088b4                IspCmdControl::~IspCmdControl()
 .text._ZN13IspCmdControl5matchEh
                0x080088ec        0xa build/IspCmdControl.o
                0x080088ec                IspCmdControl::match(unsigned char)
 .text._ZN13IspCmdControlD0Ev
                0x080088f6       0x14 build/IspCmdControl.o
                0x080088f6                IspCmdControl::~IspCmdControl()
 *fill*         0x0800890a        0x2 
 .text._ZN13IspCmdControlC2Ev
                0x0800890c       0x4c build/IspCmdControl.o
                0x0800890c                IspCmdControl::IspCmdControl()
                0x0800890c                IspCmdControl::IspCmdControl()
 .text._ZN13IspCmdControl15setSubProcessorEP22IspSubCommandProcessor
                0x08008958        0x4 build/IspCmdControl.o
                0x08008958                IspCmdControl::setSubProcessor(IspSubCommandProcessor*)
 .text._ZN13IspCmdControl11findHandlerE13IspSubCommand
                0x0800895c       0x3c build/IspCmdControl.o
                0x0800895c                IspCmdControl::findHandler(IspSubCommand)
 .text._ZN13IspCmdControl7executeEPhm
                0x08008998       0xac build/IspCmdControl.o
                0x08008998                IspCmdControl::execute(unsigned char*, unsigned long)
 .text._ZN13IspCmdControl22registerSubCmdHandlersEP21IIspSubCommandHandler
                0x08008a44       0x3c build/IspCmdControl.o
                0x08008a44                IspCmdControl::registerSubCmdHandlers(IIspSubCommandHandler*)
 .text._ZN17IspCmdReceiveData5matchEh
                0x08008a80       0x14 build/IspCmdReceiveData.o
                0x08008a80                IspCmdReceiveData::match(unsigned char)
 .text._ZN17IspCmdReceiveData15setSubProcessorEP22IspSubCommandProcessor
                0x08008a94        0x4 build/IspCmdReceiveData.o
                0x08008a94                IspCmdReceiveData::setSubProcessor(IspSubCommandProcessor*)
 .text._ZN17IspCmdReceiveData5resetEv
                0x08008a98        0xe build/IspCmdReceiveData.o
                0x08008a98                IspCmdReceiveData::reset()
 *fill*         0x08008aa6        0x2 
 .text._ZN17IspCmdReceiveDataC2Ev
                0x08008aa8       0x24 build/IspCmdReceiveData.o
                0x08008aa8                IspCmdReceiveData::IspCmdReceiveData()
                0x08008aa8                IspCmdReceiveData::IspCmdReceiveData()
 .text._ZN17IspCmdReceiveData7sendAckEt14IspReturnCodes
                0x08008acc       0x9a build/IspCmdReceiveData.o
                0x08008acc                IspCmdReceiveData::sendAck(unsigned short, IspReturnCodes)
 .text._ZN17IspCmdReceiveData8sendNackEt14IspReturnCodes
                0x08008b66       0x9c build/IspCmdReceiveData.o
                0x08008b66                IspCmdReceiveData::sendNack(unsigned short, IspReturnCodes)
 .text._ZN17IspCmdReceiveData11sendDoneAckE14IspReturnCodes
                0x08008c02       0x9e build/IspCmdReceiveData.o
                0x08008c02                IspCmdReceiveData::sendDoneAck(IspReturnCodes)
 .text._ZN17IspCmdReceiveData15handleDataChunkEPKhm
                0x08008ca0      0x140 build/IspCmdReceiveData.o
                0x08008ca0                IspCmdReceiveData::handleDataChunk(unsigned char const*, unsigned long)
 .text._ZN17IspCmdReceiveData9sendRXAckEh
                0x08008de0       0x92 build/IspCmdReceiveData.o
                0x08008de0                IspCmdReceiveData::sendRXAck(unsigned char)
 .text._ZN17IspCmdReceiveData10sendRXNackEh14IspReturnCodes
                0x08008e72       0x9c build/IspCmdReceiveData.o
                0x08008e72                IspCmdReceiveData::sendRXNack(unsigned char, IspReturnCodes)
 .text._ZN17IspCmdReceiveData18handleStartCommandEPKhm
                0x08008f0e       0x7e build/IspCmdReceiveData.o
                0x08008f0e                IspCmdReceiveData::handleStartCommand(unsigned char const*, unsigned long)
 .text._ZN17IspCmdReceiveData7executeEPhm
                0x08008f8c       0x2c build/IspCmdReceiveData.o
                0x08008f8c                IspCmdReceiveData::execute(unsigned char*, unsigned long)
 .text._ZN18IspCmdTransmitData5matchEh
                0x08008fb8       0x3c build/IspCmdTransmitData.o
                0x08008fb8                IspCmdTransmitData::match(unsigned char)
 .text._ZN18IspCmdTransmitDataC2Ev
                0x08008ff4       0x24 build/IspCmdTransmitData.o
                0x08008ff4                IspCmdTransmitData::IspCmdTransmitData()
                0x08008ff4                IspCmdTransmitData::IspCmdTransmitData()
 .text._ZN18IspCmdTransmitData15setSubProcessorEP22IspSubCommandProcessor
                0x08009018        0x4 build/IspCmdTransmitData.o
                0x08009018                IspCmdTransmitData::setSubProcessor(IspSubCommandProcessor*)
 .text._ZN18IspCmdTransmitData13setDataToSendEm
                0x0800901c        0xc build/IspCmdTransmitData.o
                0x0800901c                IspCmdTransmitData::setDataToSend(unsigned long)
 .text._ZN18IspCmdTransmitData13handleAckDoneEv
                0x08009028        0x6 build/IspCmdTransmitData.o
                0x08009028                IspCmdTransmitData::handleAckDone()
 .text._ZN18IspCmdTransmitData10sendTXNackEhh
                0x0800902e       0x9c build/IspCmdTransmitData.o
                0x0800902e                IspCmdTransmitData::sendTXNack(unsigned char, unsigned char)
 *fill*         0x080090ca        0x2 
 .text._ZN18IspCmdTransmitData14sendNextPacketEt
                0x080090cc      0x1bc build/IspCmdTransmitData.o
                0x080090cc                IspCmdTransmitData::sendNextPacket(unsigned short)
 .text._ZN18IspCmdTransmitData17startTransmissionEv
                0x08009288       0x16 build/IspCmdTransmitData.o
                0x08009288                IspCmdTransmitData::startTransmission()
 *fill*         0x0800929e        0x2 
 .text._ZN18IspCmdTransmitData23resendPacketForSequenceEt
                0x080092a0       0xfc build/IspCmdTransmitData.o
                0x080092a0                IspCmdTransmitData::resendPacketForSequence(unsigned short)
 .text._ZN18IspCmdTransmitData9handleAckEPhm
                0x0800939c       0x40 build/IspCmdTransmitData.o
                0x0800939c                IspCmdTransmitData::handleAck(unsigned char*, unsigned long)
 .text._ZN18IspCmdTransmitData5resetEv
                0x080093dc       0x14 build/IspCmdTransmitData.o
                0x080093dc                IspCmdTransmitData::reset()
 .text._ZN18IspCmdTransmitData13handleTxResetEv
                0x080093f0        0x8 build/IspCmdTransmitData.o
                0x080093f0                IspCmdTransmitData::handleTxReset()
 .text._ZN18IspCmdTransmitData19handleTxDataCommandEPhm
                0x080093f8       0x6a build/IspCmdTransmitData.o
                0x080093f8                IspCmdTransmitData::handleTxDataCommand(unsigned char*, unsigned long)
 .text._ZN18IspCmdTransmitData10handleNackEPhm
                0x08009462       0x30 build/IspCmdTransmitData.o
                0x08009462                IspCmdTransmitData::handleNack(unsigned char*, unsigned long)
 .text._ZN18IspCmdTransmitData7executeEPhm
                0x08009492       0x3e build/IspCmdTransmitData.o
                0x08009492                IspCmdTransmitData::execute(unsigned char*, unsigned long)
 .text._ZN17IspCommandManagerC2Ev
                0x080094d0       0x1e build/IspCommandManager.o
                0x080094d0                IspCommandManager::IspCommandManager()
                0x080094d0                IspCommandManager::IspCommandManager()
 .text._ZN17IspCommandManager10addHandlerEP17IspCommandHandler
                0x080094ee       0x14 build/IspCommandManager.o
                0x080094ee                IspCommandManager::addHandler(IspCommandHandler*)
 .text._ZN17IspCommandManager10handleDataEPhm
                0x08009502       0x42 build/IspCommandManager.o
                0x08009502                IspCommandManager::handleData(unsigned char*, unsigned long)
 .text._ZN17IspCommandManager10setBoardIDE10IspBoardId
                0x08009544        0x6 build/IspCommandManager.o
                0x08009544                IspCommandManager::setBoardID(IspBoardId)
 .text._ZN22IspSubCommandProcessorC2Ev
                0x0800954a       0x34 build/IspSubCommandProcessor.o
                0x0800954a                IspSubCommandProcessor::IspSubCommandProcessor()
                0x0800954a                IspSubCommandProcessor::IspSubCommandProcessor()
 .text._ZN22IspSubCommandProcessor15registerHandlerEhP21IIspSubCommandHandler
                0x0800957e       0x2c build/IspSubCommandProcessor.o
                0x0800957e                IspSubCommandProcessor::registerHandler(unsigned char, IIspSubCommandHandler*)
 .text._ZN22IspSubCommandProcessor11findHandlerEh
                0x080095aa       0x3a build/IspSubCommandProcessor.o
                0x080095aa                IspSubCommandProcessor::findHandler(unsigned char)
 .text._ZN22IspSubCommandProcessor12prepareForRxEhPKhm
                0x080095e4       0x30 build/IspSubCommandProcessor.o
                0x080095e4                IspSubCommandProcessor::prepareForRx(unsigned char, unsigned char const*, unsigned long)
 .text._ZN22IspSubCommandProcessor19processRxSubCommandEhPKhm
                0x08009614       0x2c build/IspSubCommandProcessor.o
                0x08009614                IspSubCommandProcessor::processRxSubCommand(unsigned char, unsigned char const*, unsigned long)
 .text._ZN22IspSubCommandProcessor13prepareTxDataEhPKhRm
                0x08009640       0x30 build/IspSubCommandProcessor.o
                0x08009640                IspSubCommandProcessor::prepareTxData(unsigned char, unsigned char const*, unsigned long&)
 .text._Z19SafeWriteToTxBufferPKhmm
                0x08009670       0x24 build/safeBuffer.o
                0x08009670                SafeWriteToTxBuffer(unsigned char const*, unsigned long, unsigned long)
 .text._Z19SafeWriteToRxBufferPKhmm
                0x08009694       0x24 build/safeBuffer.o
                0x08009694                SafeWriteToRxBuffer(unsigned char const*, unsigned long, unsigned long)
 .text.Reset_Handler
                0x080096b8       0x50 build/startup_stm32f411xe.o
                0x080096b8                Reset_Handler
 .text.Default_Handler
                0x08009708        0x2 build/startup_stm32f411xe.o
                0x08009708                RTC_Alarm_IRQHandler
                0x08009708                EXTI2_IRQHandler
                0x08009708                SPI4_IRQHandler
                0x08009708                TIM1_CC_IRQHandler
                0x08009708                DMA2_Stream5_IRQHandler
                0x08009708                DMA1_Stream5_IRQHandler
                0x08009708                PVD_IRQHandler
                0x08009708                SDIO_IRQHandler
                0x08009708                TAMP_STAMP_IRQHandler
                0x08009708                EXTI3_IRQHandler
                0x08009708                TIM1_UP_TIM10_IRQHandler
                0x08009708                I2C3_ER_IRQHandler
                0x08009708                EXTI0_IRQHandler
                0x08009708                I2C2_EV_IRQHandler
                0x08009708                DMA1_Stream2_IRQHandler
                0x08009708                FPU_IRQHandler
                0x08009708                DMA2_Stream2_IRQHandler
                0x08009708                SPI1_IRQHandler
                0x08009708                TIM1_BRK_TIM9_IRQHandler
                0x08009708                DMA2_Stream3_IRQHandler
                0x08009708                USART6_IRQHandler
                0x08009708                DMA2_Stream0_IRQHandler
                0x08009708                TIM4_IRQHandler
                0x08009708                I2C1_EV_IRQHandler
                0x08009708                DMA1_Stream6_IRQHandler
                0x08009708                DMA1_Stream1_IRQHandler
                0x08009708                TIM3_IRQHandler
                0x08009708                RCC_IRQHandler
                0x08009708                Default_Handler
                0x08009708                EXTI15_10_IRQHandler
                0x08009708                ADC_IRQHandler
                0x08009708                DMA1_Stream7_IRQHandler
                0x08009708                SPI5_IRQHandler
                0x08009708                TIM5_IRQHandler
                0x08009708                DMA2_Stream7_IRQHandler
                0x08009708                I2C3_EV_IRQHandler
                0x08009708                EXTI9_5_IRQHandler
                0x08009708                RTC_WKUP_IRQHandler
                0x08009708                SPI2_IRQHandler
                0x08009708                DMA1_Stream0_IRQHandler
                0x08009708                EXTI4_IRQHandler
                0x08009708                WWDG_IRQHandler
                0x08009708                TIM2_IRQHandler
                0x08009708                OTG_FS_WKUP_IRQHandler
                0x08009708                TIM1_TRG_COM_TIM11_IRQHandler
                0x08009708                EXTI1_IRQHandler
                0x08009708                USART2_IRQHandler
                0x08009708                I2C2_ER_IRQHandler
                0x08009708                DMA2_Stream1_IRQHandler
                0x08009708                FLASH_IRQHandler
                0x08009708                DMA2_Stream4_IRQHandler
                0x08009708                USART1_IRQHandler
                0x08009708                SPI3_IRQHandler
                0x08009708                DMA1_Stream4_IRQHandler
                0x08009708                I2C1_ER_IRQHandler
                0x08009708                DMA2_Stream6_IRQHandler
                0x08009708                DMA1_Stream3_IRQHandler
 .text.__aeabi_atexit
                0x0800970a        0xa c:/program files (x86)/gnu arm embedded toolchain/10 2021.10/bin/../lib/gcc/arm-none-eabi/10.3.1/../../../../arm-none-eabi/lib/thumb/v7e-m+fp/hard\libc_nano.a(lib_a-aeabi_atexit.o)
                0x0800970a                __aeabi_atexit
 .text.__cxa_atexit
                0x08009714       0x1c c:/program files (x86)/gnu arm embedded toolchain/10 2021.10/bin/../lib/gcc/arm-none-eabi/10.3.1/../../../../arm-none-eabi/lib/thumb/v7e-m+fp/hard\libc_nano.a(lib_a-cxa_atexit.o)
                0x08009714                __cxa_atexit
 .text.__errno  0x08009730        0xc c:/program files (x86)/gnu arm embedded toolchain/10 2021.10/bin/../lib/gcc/arm-none-eabi/10.3.1/../../../../arm-none-eabi/lib/thumb/v7e-m+fp/hard\libc_nano.a(lib_a-errno.o)
                0x08009730                __errno
 .text.__libc_init_array
                0x0800973c       0x48 c:/program files (x86)/gnu arm embedded toolchain/10 2021.10/bin/../lib/gcc/arm-none-eabi/10.3.1/../../../../arm-none-eabi/lib/thumb/v7e-m+fp/hard\libc_nano.a(lib_a-init.o)
                0x0800973c                __libc_init_array
 .text.free     0x08009784       0x10 c:/program files (x86)/gnu arm embedded toolchain/10 2021.10/bin/../lib/gcc/arm-none-eabi/10.3.1/../../../../arm-none-eabi/lib/thumb/v7e-m+fp/hard\libc_nano.a(lib_a-malloc.o)
                0x08009784                free
 .text.memcmp   0x08009794       0x20 c:/program files (x86)/gnu arm embedded toolchain/10 2021.10/bin/../lib/gcc/arm-none-eabi/10.3.1/../../../../arm-none-eabi/lib/thumb/v7e-m+fp/hard\libc_nano.a(lib_a-memcmp.o)
                0x08009794                memcmp
 .text.memcpy   0x080097b4       0x1c c:/program files (x86)/gnu arm embedded toolchain/10 2021.10/bin/../lib/gcc/arm-none-eabi/10.3.1/../../../../arm-none-eabi/lib/thumb/v7e-m+fp/hard\libc_nano.a(lib_a-memcpy-stub.o)
                0x080097b4                memcpy
 .text.memmove  0x080097d0       0x34 c:/program files (x86)/gnu arm embedded toolchain/10 2021.10/bin/../lib/gcc/arm-none-eabi/10.3.1/../../../../arm-none-eabi/lib/thumb/v7e-m+fp/hard\libc_nano.a(lib_a-memmove.o)
                0x080097d0                memmove
 .text.memset   0x08009804       0x10 c:/program files (x86)/gnu arm embedded toolchain/10 2021.10/bin/../lib/gcc/arm-none-eabi/10.3.1/../../../../arm-none-eabi/lib/thumb/v7e-m+fp/hard\libc_nano.a(lib_a-memset.o)
                0x08009804                memset
 .text._free_r  0x08009814       0x98 c:/program files (x86)/gnu arm embedded toolchain/10 2021.10/bin/../lib/gcc/arm-none-eabi/10.3.1/../../../../arm-none-eabi/lib/thumb/v7e-m+fp/hard\libc_nano.a(lib_a-nano-freer.o)
                0x08009814                _free_r
 .text.sbrk_aligned
                0x080098ac       0x40 c:/program files (x86)/gnu arm embedded toolchain/10 2021.10/bin/../lib/gcc/arm-none-eabi/10.3.1/../../../../arm-none-eabi/lib/thumb/v7e-m+fp/hard\libc_nano.a(lib_a-nano-mallocr.o)
 .text._malloc_r
                0x080098ec       0xe8 c:/program files (x86)/gnu arm embedded toolchain/10 2021.10/bin/../lib/gcc/arm-none-eabi/10.3.1/../../../../arm-none-eabi/lib/thumb/v7e-m+fp/hard\libc_nano.a(lib_a-nano-mallocr.o)
                0x080098ec                _malloc_r
 .text.printf   0x080099d4       0x30 c:/program files (x86)/gnu arm embedded toolchain/10 2021.10/bin/../lib/gcc/arm-none-eabi/10.3.1/../../../../arm-none-eabi/lib/thumb/v7e-m+fp/hard\libc_nano.a(lib_a-printf.o)
                0x080099d4                iprintf
                0x080099d4                printf
 .text._sbrk_r  0x08009a04       0x20 c:/program files (x86)/gnu arm embedded toolchain/10 2021.10/bin/../lib/gcc/arm-none-eabi/10.3.1/../../../../arm-none-eabi/lib/thumb/v7e-m+fp/hard\libc_nano.a(lib_a-sbrkr.o)
                0x08009a04                _sbrk_r
 .text.snprintf
                0x08009a24       0x68 c:/program files (x86)/gnu arm embedded toolchain/10 2021.10/bin/../lib/gcc/arm-none-eabi/10.3.1/../../../../arm-none-eabi/lib/thumb/v7e-m+fp/hard\libc_nano.a(lib_a-snprintf.o)
                0x08009a24                sniprintf
                0x08009a24                snprintf
 .text.strchr   0x08009a8c       0x1a c:/program files (x86)/gnu arm embedded toolchain/10 2021.10/bin/../lib/gcc/arm-none-eabi/10.3.1/../../../../arm-none-eabi/lib/thumb/v7e-m+fp/hard\libc_nano.a(lib_a-strchr.o)
                0x08009a8c                strchr
 .text.strncpy  0x08009aa6       0x26 c:/program files (x86)/gnu arm embedded toolchain/10 2021.10/bin/../lib/gcc/arm-none-eabi/10.3.1/../../../../arm-none-eabi/lib/thumb/v7e-m+fp/hard\libc_nano.a(lib_a-strncpy.o)
                0x08009aa6                strncpy
 .text.std      0x08009acc       0x48 c:/program files (x86)/gnu arm embedded toolchain/10 2021.10/bin/../lib/gcc/arm-none-eabi/10.3.1/../../../../arm-none-eabi/lib/thumb/v7e-m+fp/hard\libc_nano.a(lib_a-findfp.o)
 .text._cleanup_r
                0x08009b14        0xc c:/program files (x86)/gnu arm embedded toolchain/10 2021.10/bin/../lib/gcc/arm-none-eabi/10.3.1/../../../../arm-none-eabi/lib/thumb/v7e-m+fp/hard\libc_nano.a(lib_a-findfp.o)
                0x08009b14                _cleanup_r
 .text.__sfmoreglue
                0x08009b20       0x2c c:/program files (x86)/gnu arm embedded toolchain/10 2021.10/bin/../lib/gcc/arm-none-eabi/10.3.1/../../../../arm-none-eabi/lib/thumb/v7e-m+fp/hard\libc_nano.a(lib_a-findfp.o)
                0x08009b20                __sfmoreglue
 .text.__sfp_lock_acquire
                0x08009b4c        0xc c:/program files (x86)/gnu arm embedded toolchain/10 2021.10/bin/../lib/gcc/arm-none-eabi/10.3.1/../../../../arm-none-eabi/lib/thumb/v7e-m+fp/hard\libc_nano.a(lib_a-findfp.o)
                0x08009b4c                __sfp_lock_acquire
 .text.__sfp_lock_release
                0x08009b58        0xc c:/program files (x86)/gnu arm embedded toolchain/10 2021.10/bin/../lib/gcc/arm-none-eabi/10.3.1/../../../../arm-none-eabi/lib/thumb/v7e-m+fp/hard\libc_nano.a(lib_a-findfp.o)
                0x08009b58                __sfp_lock_release
 .text.__sinit_lock_acquire
                0x08009b64        0xc c:/program files (x86)/gnu arm embedded toolchain/10 2021.10/bin/../lib/gcc/arm-none-eabi/10.3.1/../../../../arm-none-eabi/lib/thumb/v7e-m+fp/hard\libc_nano.a(lib_a-findfp.o)
                0x08009b64                __sinit_lock_acquire
 .text.__sinit_lock_release
                0x08009b70        0xc c:/program files (x86)/gnu arm embedded toolchain/10 2021.10/bin/../lib/gcc/arm-none-eabi/10.3.1/../../../../arm-none-eabi/lib/thumb/v7e-m+fp/hard\libc_nano.a(lib_a-findfp.o)
                0x08009b70                __sinit_lock_release
 .text.__sinit  0x08009b7c       0x70 c:/program files (x86)/gnu arm embedded toolchain/10 2021.10/bin/../lib/gcc/arm-none-eabi/10.3.1/../../../../arm-none-eabi/lib/thumb/v7e-m+fp/hard\libc_nano.a(lib_a-findfp.o)
                0x08009b7c                __sinit
 .text.__sfp    0x08009bec       0x8c c:/program files (x86)/gnu arm embedded toolchain/10 2021.10/bin/../lib/gcc/arm-none-eabi/10.3.1/../../../../arm-none-eabi/lib/thumb/v7e-m+fp/hard\libc_nano.a(lib_a-findfp.o)
                0x08009bec                __sfp
 .text._fwalk_reent
                0x08009c78       0x3e c:/program files (x86)/gnu arm embedded toolchain/10 2021.10/bin/../lib/gcc/arm-none-eabi/10.3.1/../../../../arm-none-eabi/lib/thumb/v7e-m+fp/hard\libc_nano.a(lib_a-fwalk.o)
                0x08009c78                _fwalk_reent
 .text.__retarget_lock_init_recursive
                0x08009cb6        0x2 c:/program files (x86)/gnu arm embedded toolchain/10 2021.10/bin/../lib/gcc/arm-none-eabi/10.3.1/../../../../arm-none-eabi/lib/thumb/v7e-m+fp/hard\libc_nano.a(lib_a-lock.o)
                0x08009cb6                __retarget_lock_init_recursive
 .text.__retarget_lock_acquire_recursive
                0x08009cb8        0x2 c:/program files (x86)/gnu arm embedded toolchain/10 2021.10/bin/../lib/gcc/arm-none-eabi/10.3.1/../../../../arm-none-eabi/lib/thumb/v7e-m+fp/hard\libc_nano.a(lib_a-lock.o)
                0x08009cb8                __retarget_lock_acquire_recursive
 .text.__retarget_lock_release_recursive
                0x08009cba        0x2 c:/program files (x86)/gnu arm embedded toolchain/10 2021.10/bin/../lib/gcc/arm-none-eabi/10.3.1/../../../../arm-none-eabi/lib/thumb/v7e-m+fp/hard\libc_nano.a(lib_a-lock.o)
                0x08009cba                __retarget_lock_release_recursive
 .text.__malloc_lock
                0x08009cbc        0xc c:/program files (x86)/gnu arm embedded toolchain/10 2021.10/bin/../lib/gcc/arm-none-eabi/10.3.1/../../../../arm-none-eabi/lib/thumb/v7e-m+fp/hard\libc_nano.a(lib_a-mlock.o)
                0x08009cbc                __malloc_lock
 .text.__malloc_unlock
                0x08009cc8        0xc c:/program files (x86)/gnu arm embedded toolchain/10 2021.10/bin/../lib/gcc/arm-none-eabi/10.3.1/../../../../arm-none-eabi/lib/thumb/v7e-m+fp/hard\libc_nano.a(lib_a-mlock.o)
                0x08009cc8                __malloc_unlock
 .text.__ssputs_r
                0x08009cd4       0xb6 c:/program files (x86)/gnu arm embedded toolchain/10 2021.10/bin/../lib/gcc/arm-none-eabi/10.3.1/../../../../arm-none-eabi/lib/thumb/v7e-m+fp/hard\libc_nano.a(lib_a-nano-svfprintf.o)
                0x08009cd4                __ssputs_r
 *fill*         0x08009d8a        0x2 
 .text._svfprintf_r
                0x08009d8c      0x200 c:/program files (x86)/gnu arm embedded toolchain/10 2021.10/bin/../lib/gcc/arm-none-eabi/10.3.1/../../../../arm-none-eabi/lib/thumb/v7e-m+fp/hard\libc_nano.a(lib_a-nano-svfprintf.o)
                0x08009d8c                _svfiprintf_r
                0x08009d8c                _svfprintf_r
 .text.__sfputc_r
                0x08009f8c       0x2e c:/program files (x86)/gnu arm embedded toolchain/10 2021.10/bin/../lib/gcc/arm-none-eabi/10.3.1/../../../../arm-none-eabi/lib/thumb/v7e-m+fp/hard\libc_nano.a(lib_a-nano-vfprintf.o)
 .text.__sfputs_r
                0x08009fba       0x24 c:/program files (x86)/gnu arm embedded toolchain/10 2021.10/bin/../lib/gcc/arm-none-eabi/10.3.1/../../../../arm-none-eabi/lib/thumb/v7e-m+fp/hard\libc_nano.a(lib_a-nano-vfprintf.o)
                0x08009fba                __sfputs_r
 *fill*         0x08009fde        0x2 
 .text._vfprintf_r
                0x08009fe0      0x260 c:/program files (x86)/gnu arm embedded toolchain/10 2021.10/bin/../lib/gcc/arm-none-eabi/10.3.1/../../../../arm-none-eabi/lib/thumb/v7e-m+fp/hard\libc_nano.a(lib_a-nano-vfprintf.o)
                0x08009fe0                _vfprintf_r
                0x08009fe0                _vfiprintf_r
 .text._printf_common
                0x0800a240       0xda c:/program files (x86)/gnu arm embedded toolchain/10 2021.10/bin/../lib/gcc/arm-none-eabi/10.3.1/../../../../arm-none-eabi/lib/thumb/v7e-m+fp/hard\libc_nano.a(lib_a-nano-vfprintf_i.o)
                0x0800a240                _printf_common
 *fill*         0x0800a31a        0x2 
 .text._printf_i
                0x0800a31c      0x24c c:/program files (x86)/gnu arm embedded toolchain/10 2021.10/bin/../lib/gcc/arm-none-eabi/10.3.1/../../../../arm-none-eabi/lib/thumb/v7e-m+fp/hard\libc_nano.a(lib_a-nano-vfprintf_i.o)
                0x0800a31c                _printf_i
 .text.__sread  0x0800a568       0x22 c:/program files (x86)/gnu arm embedded toolchain/10 2021.10/bin/../lib/gcc/arm-none-eabi/10.3.1/../../../../arm-none-eabi/lib/thumb/v7e-m+fp/hard\libc_nano.a(lib_a-stdio.o)
                0x0800a568                __sread
 .text.__swrite
                0x0800a58a       0x38 c:/program files (x86)/gnu arm embedded toolchain/10 2021.10/bin/../lib/gcc/arm-none-eabi/10.3.1/../../../../arm-none-eabi/lib/thumb/v7e-m+fp/hard\libc_nano.a(lib_a-stdio.o)
                0x0800a58a                __swrite
 .text.__sseek  0x0800a5c2       0x24 c:/program files (x86)/gnu arm embedded toolchain/10 2021.10/bin/../lib/gcc/arm-none-eabi/10.3.1/../../../../arm-none-eabi/lib/thumb/v7e-m+fp/hard\libc_nano.a(lib_a-stdio.o)
                0x0800a5c2                __sseek
 .text.__sclose
                0x0800a5e6        0x8 c:/program files (x86)/gnu arm embedded toolchain/10 2021.10/bin/../lib/gcc/arm-none-eabi/10.3.1/../../../../arm-none-eabi/lib/thumb/v7e-m+fp/hard\libc_nano.a(lib_a-stdio.o)
                0x0800a5e6                __sclose
 *fill*         0x0800a5ee        0x2 
 .text.__swbuf_r
                0x0800a5f0       0xa4 c:/program files (x86)/gnu arm embedded toolchain/10 2021.10/bin/../lib/gcc/arm-none-eabi/10.3.1/../../../../arm-none-eabi/lib/thumb/v7e-m+fp/hard\libc_nano.a(lib_a-wbuf.o)
                0x0800a5f0                __swbuf_r
 .text._write_r
                0x0800a694       0x24 c:/program files (x86)/gnu arm embedded toolchain/10 2021.10/bin/../lib/gcc/arm-none-eabi/10.3.1/../../../../arm-none-eabi/lib/thumb/v7e-m+fp/hard\libc_nano.a(lib_a-writer.o)
                0x0800a694                _write_r
 .text.__swsetup_r
                0x0800a6b8       0xdc c:/program files (x86)/gnu arm embedded toolchain/10 2021.10/bin/../lib/gcc/arm-none-eabi/10.3.1/../../../../arm-none-eabi/lib/thumb/v7e-m+fp/hard\libc_nano.a(lib_a-wsetup.o)
                0x0800a6b8                __swsetup_r
 .text._close_r
                0x0800a794       0x20 c:/program files (x86)/gnu arm embedded toolchain/10 2021.10/bin/../lib/gcc/arm-none-eabi/10.3.1/../../../../arm-none-eabi/lib/thumb/v7e-m+fp/hard\libc_nano.a(lib_a-closer.o)
                0x0800a794                _close_r
 .text.__sflush_r
                0x0800a7b4      0x10c c:/program files (x86)/gnu arm embedded toolchain/10 2021.10/bin/../lib/gcc/arm-none-eabi/10.3.1/../../../../arm-none-eabi/lib/thumb/v7e-m+fp/hard\libc_nano.a(lib_a-fflush.o)
                0x0800a7b4                __sflush_r
 .text._fflush_r
                0x0800a8c0       0x78 c:/program files (x86)/gnu arm embedded toolchain/10 2021.10/bin/../lib/gcc/arm-none-eabi/10.3.1/../../../../arm-none-eabi/lib/thumb/v7e-m+fp/hard\libc_nano.a(lib_a-fflush.o)
                0x0800a8c0                _fflush_r
 .text._lseek_r
                0x0800a938       0x24 c:/program files (x86)/gnu arm embedded toolchain/10 2021.10/bin/../lib/gcc/arm-none-eabi/10.3.1/../../../../arm-none-eabi/lib/thumb/v7e-m+fp/hard\libc_nano.a(lib_a-lseekr.o)
                0x0800a938                _lseek_r
 .text.__swhatbuf_r
                0x0800a95c       0x4a c:/program files (x86)/gnu arm embedded toolchain/10 2021.10/bin/../lib/gcc/arm-none-eabi/10.3.1/../../../../arm-none-eabi/lib/thumb/v7e-m+fp/hard\libc_nano.a(lib_a-makebuf.o)
                0x0800a95c                __swhatbuf_r
 *fill*         0x0800a9a6        0x2 
 .text.__smakebuf_r
                0x0800a9a8       0x80 c:/program files (x86)/gnu arm embedded toolchain/10 2021.10/bin/../lib/gcc/arm-none-eabi/10.3.1/../../../../arm-none-eabi/lib/thumb/v7e-m+fp/hard\libc_nano.a(lib_a-makebuf.o)
                0x0800a9a8                __smakebuf_r
 .text._realloc_r
                0x0800aa28       0x5e c:/program files (x86)/gnu arm embedded toolchain/10 2021.10/bin/../lib/gcc/arm-none-eabi/10.3.1/../../../../arm-none-eabi/lib/thumb/v7e-m+fp/hard\libc_nano.a(lib_a-nano-reallocr.o)
                0x0800aa28                _realloc_r
 *fill*         0x0800aa86        0x2 
 .text._read_r  0x0800aa88       0x24 c:/program files (x86)/gnu arm embedded toolchain/10 2021.10/bin/../lib/gcc/arm-none-eabi/10.3.1/../../../../arm-none-eabi/lib/thumb/v7e-m+fp/hard\libc_nano.a(lib_a-readr.o)
                0x0800aa88                _read_r
 .text._fstat_r
                0x0800aaac       0x24 c:/program files (x86)/gnu arm embedded toolchain/10 2021.10/bin/../lib/gcc/arm-none-eabi/10.3.1/../../../../arm-none-eabi/lib/thumb/v7e-m+fp/hard\libc_nano.a(lib_a-fstatr.o)
                0x0800aaac                _fstat_r
 .text._isatty_r
                0x0800aad0       0x20 c:/program files (x86)/gnu arm embedded toolchain/10 2021.10/bin/../lib/gcc/arm-none-eabi/10.3.1/../../../../arm-none-eabi/lib/thumb/v7e-m+fp/hard\libc_nano.a(lib_a-isattyr.o)
                0x0800aad0                _isatty_r
 .text._malloc_usable_size_r
                0x0800aaf0       0x10 c:/program files (x86)/gnu arm embedded toolchain/10 2021.10/bin/../lib/gcc/arm-none-eabi/10.3.1/../../../../arm-none-eabi/lib/thumb/v7e-m+fp/hard\libc_nano.a(lib_a-nano-msizer.o)
                0x0800aaf0                _malloc_usable_size_r
 *(.glue_7)
 .glue_7        0x0800ab00        0x0 linker stubs
 *(.glue_7t)
 .glue_7t       0x0800ab00        0x0 linker stubs
 *(.eh_frame)
 .eh_frame      0x0800ab00        0x0 c:/program files (x86)/gnu arm embedded toolchain/10 2021.10/bin/../lib/gcc/arm-none-eabi/10.3.1/thumb/v7e-m+fp/hard/crtbegin.o
 *(.init)
 .init          0x0800ab00        0x4 c:/program files (x86)/gnu arm embedded toolchain/10 2021.10/bin/../lib/gcc/arm-none-eabi/10.3.1/thumb/v7e-m+fp/hard/crti.o
                0x0800ab00                _init
 .init          0x0800ab04        0x8 c:/program files (x86)/gnu arm embedded toolchain/10 2021.10/bin/../lib/gcc/arm-none-eabi/10.3.1/thumb/v7e-m+fp/hard/crtn.o
 *(.fini)
 .fini          0x0800ab0c        0x4 c:/program files (x86)/gnu arm embedded toolchain/10 2021.10/bin/../lib/gcc/arm-none-eabi/10.3.1/thumb/v7e-m+fp/hard/crti.o
                0x0800ab0c                _fini
 .fini          0x0800ab10        0x8 c:/program files (x86)/gnu arm embedded toolchain/10 2021.10/bin/../lib/gcc/arm-none-eabi/10.3.1/thumb/v7e-m+fp/hard/crtn.o
                0x0800ab18                . = ALIGN (0x4)
                0x0800ab18                _etext = .

.vfp11_veneer   0x0800ab18        0x0
 .vfp11_veneer  0x0800ab18        0x0 linker stubs

.v4_bx          0x0800ab18        0x0
 .v4_bx         0x0800ab18        0x0 linker stubs

.iplt           0x0800ab18        0x0
 .iplt          0x0800ab18        0x0 c:/program files (x86)/gnu arm embedded toolchain/10 2021.10/bin/../lib/gcc/arm-none-eabi/10.3.1/thumb/v7e-m+fp/hard/crtbegin.o

.rodata         0x0800ab18      0x764
                0x0800ab18                . = ALIGN (0x4)
 *(.rodata)
 *(.rodata*)
 .rodata.GREEN_LED
                0x0800ab18        0x8 build/Darin3Cart_Driver.o
 .rodata.RED_LED
                0x0800ab20        0x8 build/Darin3Cart_Driver.o
 .rodata.USBD_FS_ProductStrDescriptor.str1.4
                0x0800ab28       0x16 build/usbd_desc.o
 *fill*         0x0800ab3e        0x2 
 .rodata.USBD_FS_ManufacturerStrDescriptor.str1.4
                0x0800ab40       0x13 build/usbd_desc.o
 *fill*         0x0800ab53        0x1 
 .rodata.USBD_FS_ConfigStrDescriptor.str1.4
                0x0800ab54        0xb build/usbd_desc.o
 *fill*         0x0800ab5f        0x1 
 .rodata.USBD_FS_InterfaceStrDescriptor.str1.4
                0x0800ab60        0xe build/usbd_desc.o
 *fill*         0x0800ab6e        0x2 
 .rodata.AHBPrescTable
                0x0800ab70       0x10 build/system_stm32f4xx.o
                0x0800ab70                AHBPrescTable
 .rodata.check_fs.str1.4
                0x0800ab80        0x9 build/ff.o
 *fill*         0x0800ab89        0x3 
 .rodata.create_name.str1.4
                0x0800ab8c        0xf build/ff.o
 *fill*         0x0800ab9b        0x1 
 .rodata.f_mkfs.str1.4
                0x0800ab9c       0x34 build/ff.o
 .rodata.cst.0  0x0800abd0        0xe build/ff.o
 *fill*         0x0800abde        0x2 
 .rodata.cst32.1
                0x0800abe0        0xe build/ff.o
 *fill*         0x0800abee        0x2 
 .rodata.defopt.2
                0x0800abf0       0x10 build/ff.o
 .rodata._ZN29FirmwareVersion_SubCmdProcess13processCmdReqEPh.str1.4
                0x0800ac00        0x4 build/main.o
 .rodata._ZNK21IspTransportInterface4nameEv.str1.4
                0x0800ac04       0x11 build/main.o
 *fill*         0x0800ac15        0x3 
 .rodata._ZN19Erase_SubCmdProcess13processCmdReqEPh.str1.4
                0x0800ac18        0x2 build/main.o
 *fill*         0x0800ac1a        0x2 
 .rodata._ZTV21IIspSubCommandHandler
                0x0800ac1c       0x2c build/main.o
                0x0800ac1c                vtable for IIspSubCommandHandler
 .rodata._ZTV19Erase_SubCmdProcess
                0x0800ac48       0x2c build/main.o
                0x0800ac48                vtable for Erase_SubCmdProcess
 .rodata._ZTV29FirmwareVersion_SubCmdProcess
                0x0800ac74       0x2c build/main.o
                0x0800ac74                vtable for FirmwareVersion_SubCmdProcess
 .rodata._ZTV21BoardID_SubCmdProcess
                0x0800aca0       0x2c build/main.o
                0x0800aca0                vtable for BoardID_SubCmdProcess
 .rodata._ZTV24CartStatus_SubCmdProcess
                0x0800accc       0x2c build/main.o
                0x0800accc                vtable for CartStatus_SubCmdProcess
 .rodata._ZTV24GuiCtrlLed_SubCmdProcess
                0x0800acf8       0x2c build/main.o
                0x0800acf8                vtable for GuiCtrlLed_SubCmdProcess
 .rodata._ZTV22GreenLed_SubCmdProcess
                0x0800ad24       0x2c build/main.o
                0x0800ad24                vtable for GreenLed_SubCmdProcess
 .rodata._ZTV20RedLed_SubCmdProcess
                0x0800ad50       0x2c build/main.o
                0x0800ad50                vtable for RedLed_SubCmdProcess
 .rodata._ZTV20Format_SubCmdProcess
                0x0800ad7c       0x2c build/main.o
                0x0800ad7c                vtable for Format_SubCmdProcess
 .rodata._ZTV26SlotLedBlink_SubCmdProcess
                0x0800ada8       0x2c build/main.o
                0x0800ada8                vtable for SlotLedBlink_SubCmdProcess
 .rodata._ZTV25BlinkAllLed_SubCmdProcess
                0x0800add4       0x2c build/main.o
                0x0800add4                vtable for BlinkAllLed_SubCmdProcess
 .rodata._ZTV25LedLoopBack_SubCmdProcess
                0x0800ae00       0x2c build/main.o