Archive member included to satisfy reference by file (symbol)

c:/program files (x86)/gnu arm embedded toolchain/10 2021.10/bin/../lib/gcc/arm-none-eabi/10.3.1/../../../../arm-none-eabi/lib/thumb/v7e-m+fp/hard\libc_nano.a(lib_a-errno.o)
                              build/sysmem.o (__errno)
c:/program files (x86)/gnu arm embedded toolchain/10 2021.10/bin/../lib/gcc/arm-none-eabi/10.3.1/../../../../arm-none-eabi/lib/thumb/v7e-m+fp/hard\libc_nano.a(lib_a-exit.o)
                              c:/program files (x86)/gnu arm embedded toolchain/10 2021.10/bin/../lib/gcc/arm-none-eabi/10.3.1/../../../../arm-none-eabi/lib/thumb/v7e-m+fp/hard/crt0.o (exit)
c:/program files (x86)/gnu arm embedded toolchain/10 2021.10/bin/../lib/gcc/arm-none-eabi/10.3.1/../../../../arm-none-eabi/lib/thumb/v7e-m+fp/hard\libc_nano.a(lib_a-impure.o)
                              c:/program files (x86)/gnu arm embedded toolchain/10 2021.10/bin/../lib/gcc/arm-none-eabi/10.3.1/../../../../arm-none-eabi/lib/thumb/v7e-m+fp/hard\libc_nano.a(lib_a-exit.o) (_global_impure_ptr)
c:/program files (x86)/gnu arm embedded toolchain/10 2021.10/bin/../lib/gcc/arm-none-eabi/10.3.1/../../../../arm-none-eabi/lib/thumb/v7e-m+fp/hard\libc_nano.a(lib_a-init.o)
                              c:/program files (x86)/gnu arm embedded toolchain/10 2021.10/bin/../lib/gcc/arm-none-eabi/10.3.1/../../../../arm-none-eabi/lib/thumb/v7e-m+fp/hard/crt0.o (__libc_init_array)
c:/program files (x86)/gnu arm embedded toolchain/10 2021.10/bin/../lib/gcc/arm-none-eabi/10.3.1/../../../../arm-none-eabi/lib/thumb/v7e-m+fp/hard\libc_nano.a(lib_a-malloc.o)
                              build/cpp_minimal.o (malloc)
c:/program files (x86)/gnu arm embedded toolchain/10 2021.10/bin/../lib/gcc/arm-none-eabi/10.3.1/../../../../arm-none-eabi/lib/thumb/v7e-m+fp/hard\libc_nano.a(lib_a-memcmp.o)
                              build/ff.o (memcmp)
c:/program files (x86)/gnu arm embedded toolchain/10 2021.10/bin/../lib/gcc/arm-none-eabi/10.3.1/../../../../arm-none-eabi/lib/thumb/v7e-m+fp/hard\libc_nano.a(lib_a-memcpy-stub.o)
                              build/ff.o (memcpy)
c:/program files (x86)/gnu arm embedded toolchain/10 2021.10/bin/../lib/gcc/arm-none-eabi/10.3.1/../../../../arm-none-eabi/lib/thumb/v7e-m+fp/hard\libc_nano.a(lib_a-memmove.o)
                              build/IspCmdReceiveData.o (memmove)
c:/program files (x86)/gnu arm embedded toolchain/10 2021.10/bin/../lib/gcc/arm-none-eabi/10.3.1/../../../../arm-none-eabi/lib/thumb/v7e-m+fp/hard\libc_nano.a(lib_a-memset.o)
                              c:/program files (x86)/gnu arm embedded toolchain/10 2021.10/bin/../lib/gcc/arm-none-eabi/10.3.1/../../../../arm-none-eabi/lib/thumb/v7e-m+fp/hard/crt0.o (memset)
c:/program files (x86)/gnu arm embedded toolchain/10 2021.10/bin/../lib/gcc/arm-none-eabi/10.3.1/../../../../arm-none-eabi/lib/thumb/v7e-m+fp/hard\libc_nano.a(lib_a-nano-freer.o)
                              c:/program files (x86)/gnu arm embedded toolchain/10 2021.10/bin/../lib/gcc/arm-none-eabi/10.3.1/../../../../arm-none-eabi/lib/thumb/v7e-m+fp/hard\libc_nano.a(lib_a-malloc.o) (_free_r)
c:/program files (x86)/gnu arm embedded toolchain/10 2021.10/bin/../lib/gcc/arm-none-eabi/10.3.1/../../../../arm-none-eabi/lib/thumb/v7e-m+fp/hard\libc_nano.a(lib_a-nano-mallocr.o)
                              c:/program files (x86)/gnu arm embedded toolchain/10 2021.10/bin/../lib/gcc/arm-none-eabi/10.3.1/../../../../arm-none-eabi/lib/thumb/v7e-m+fp/hard\libc_nano.a(lib_a-malloc.o) (_malloc_r)
c:/program files (x86)/gnu arm embedded toolchain/10 2021.10/bin/../lib/gcc/arm-none-eabi/10.3.1/../../../../arm-none-eabi/lib/thumb/v7e-m+fp/hard\libc_nano.a(lib_a-printf.o)
                              build/IspSubCommandProcessor.o (printf)
c:/program files (x86)/gnu arm embedded toolchain/10 2021.10/bin/../lib/gcc/arm-none-eabi/10.3.1/../../../../arm-none-eabi/lib/thumb/v7e-m+fp/hard\libc_nano.a(lib_a-sbrkr.o)
                              c:/program files (x86)/gnu arm embedded toolchain/10 2021.10/bin/../lib/gcc/arm-none-eabi/10.3.1/../../../../arm-none-eabi/lib/thumb/v7e-m+fp/hard\libc_nano.a(lib_a-nano-mallocr.o) (_sbrk_r)
c:/program files (x86)/gnu arm embedded toolchain/10 2021.10/bin/../lib/gcc/arm-none-eabi/10.3.1/../../../../arm-none-eabi/lib/thumb/v7e-m+fp/hard\libc_nano.a(lib_a-sprintf.o)
                              build/Darin2.o (sprintf)
c:/program files (x86)/gnu arm embedded toolchain/10 2021.10/bin/../lib/gcc/arm-none-eabi/10.3.1/../../../../arm-none-eabi/lib/thumb/v7e-m+fp/hard\libc_nano.a(lib_a-strchr.o)
                              build/ff.o (strchr)
c:/program files (x86)/gnu arm embedded toolchain/10 2021.10/bin/../lib/gcc/arm-none-eabi/10.3.1/../../../../arm-none-eabi/lib/thumb/v7e-m+fp/hard\libc_nano.a(lib_a-findfp.o)
[...]
Memory Configuration

Name             Origin             Length             Attributes
RAM              0x20000000         0x00020000         xrw
FLASH            0x08000000         0x00080000         xr
*default*        0x00000000         0xffffffff

Linker script and memory map

LOAD c:/program files (x86)/gnu arm embedded toolchain/10 2021.10/bin/../lib/gcc/arm-none-eabi/10.3.1/thumb/v7e-m+fp/hard/crti.o
LOAD c:/program files (x86)/gnu arm embedded toolchain/10 2021.10/bin/../lib/gcc/arm-none-eabi/10.3.1/thumb/v7e-m+fp/hard/crtbegin.o
LOAD c:/program files (x86)/gnu arm embedded toolchain/10 2021.10/bin/../lib/gcc/arm-none-eabi/10.3.1/../../../../arm-none-eabi/lib/thumb/v7e-m+fp/hard/crt0.o
LOAD build/stm32f4xx_it.o
LOAD build/stm32f4xx_hal_msp.o
LOAD build/Darin2Cart_Driver.o
LOAD build/Darin3Cart_Driver.o
LOAD build/usb_device.o
LOAD build/usbd_desc.o
LOAD build/usbd_cdc_if.o
LOAD build/usbd_conf.o
LOAD build/stm32f4xx_hal_pcd.o
LOAD build/stm32f4xx_hal_pcd_ex.o
LOAD build/stm32f4xx_ll_usb.o
LOAD build/stm32f4xx_hal_rcc.o
LOAD build/stm32f4xx_hal_rcc_ex.o
LOAD build/stm32f4xx_hal_flash.o
LOAD build/stm32f4xx_hal_flash_ex.o
LOAD build/stm32f4xx_hal_flash_ramfunc.o
LOAD build/stm32f4xx_hal_gpio.o
LOAD build/stm32f4xx_hal_dma_ex.o
LOAD build/stm32f4xx_hal_dma.o
LOAD build/stm32f4xx_hal_pwr.o
LOAD build/stm32f4xx_hal_pwr_ex.o
LOAD build/stm32f4xx_hal_cortex.o
LOAD build/stm32f4xx_hal.o
LOAD build/stm32f4xx_hal_exti.o
LOAD build/stm32f4xx_hal_tim.o
LOAD build/stm32f4xx_hal_tim_ex.o
LOAD build/system_stm32f4xx.o
LOAD build/usbd_core.o
LOAD build/usbd_ctlreq.o
LOAD build/usbd_ioreq.o
LOAD build/usbd_cdc.o
LOAD build/sysmem.o
LOAD build/syscalls.o
LOAD build/diskio.o
LOAD build/ff.o
LOAD build/ffsystem.o
LOAD build/ffunicode.o
LOAD build/main.o
LOAD build/cpp_minimal.o
LOAD build/Darin2.o
LOAD build/Darin3.o
LOAD build/SerialTransport.o
LOAD build/IspCmdControl.o
LOAD build/IspCmdReceiveData.o
LOAD build/IspCmdTransmitData.o
LOAD build/IspCommandManager.o
LOAD build/IspSubCommandProcessor.o
LOAD build/IspRingBuffer.o
LOAD build/safeBuffer.o
LOAD build/startup_stm32f411vetx.o
LOAD c:/program files (x86)/gnu arm embedded toolchain/10 2021.10/bin/../lib/gcc/arm-none-eabi/10.3.1/../../../../arm-none-eabi/lib/thumb/v7e-m+fp/hard\libc_nano.a
LOAD c:/program files (x86)/gnu arm embedded toolchain/10 2021.10/bin/../lib/gcc/arm-none-eabi/10.3.1/../../../../arm-none-eabi/lib/thumb/v7e-m+fp/hard\libm.a
LOAD c:/program files (x86)/gnu arm embedded toolchain/10 2021.10/bin/../lib/gcc/arm-none-eabi/10.3.1/../../../../arm-none-eabi/lib/thumb/v7e-m+fp/hard\libnosys.a
LOAD c:/program files (x86)/gnu arm embedded toolchain/10 2021.10/bin/../lib/gcc/arm-none-eabi/10.3.1/../../../../arm-none-eabi/lib/thumb/v7e-m+fp/hard\libstdc++_nano.a
START GROUP
LOAD c:/program files (x86)/gnu arm embedded toolchain/10 2021.10/bin/../lib/gcc/arm-none-eabi/10.3.1/thumb/v7e-m+fp/hard\libgcc.a
LOAD c:/program files (x86)/gnu arm embedded toolchain/10 2021.10/bin/../lib/gcc/arm-none-eabi/10.3.1/../../../../arm-none-eabi/lib/thumb/v7e-m+fp/hard\libc_nano.a
END GROUP
START GROUP
LOAD c:/program files (x86)/gnu arm embedded toolchain/10 2021.10/bin/../lib/gcc/arm-none-eabi/10.3.1/thumb/v7e-m+fp/hard\libgcc.a
LOAD c:/program files (x86)/gnu arm embedded toolchain/10 2021.10/bin/../lib/gcc/arm-none-eabi/10.3.1/../../../../arm-none-eabi/lib/thumb/v7e-m+fp/hard\libc_nano.a
END GROUP
LOAD c:/program files (x86)/gnu arm embedded toolchain/10 2021.10/bin/../lib/gcc/arm-none-eabi/10.3.1/thumb/v7e-m+fp/hard/crtend.o
LOAD c:/program files (x86)/gnu arm embedded toolchain/10 2021.10/bin/../lib/gcc/arm-none-eabi/10.3.1/thumb/v7e-m+fp/hard/crtn.o
                0x20020000                _estack = (ORIGIN (RAM) + LENGTH (RAM))
                0x00000200                _Min_Heap_Size = 0x200
                0x00000400                _Min_Stack_Size = 0x400

.isr_vector     0x08000000      0x198
                0x08000000                . = ALIGN (0x4)
 *(.isr_vector)
 .isr_vector    0x08000000      0x198 build/startup_stm32f411vetx.o
                0x08000000                g_pfnVectors
                0x08000198                . = ALIGN (0x4)

.text           0x080001a0     0xbaf4
                0x080001a0                . = ALIGN (0x4)
 *(.text)
 .text          0x080001a0       0x40 c:/program files (x86)/gnu arm embedded toolchain/10 2021.10/bin/../lib/gcc/arm-none-eabi/10.3.1/thumb/v7e-m+fp/hard/crtbegin.o
 .text          0x080001e0       0xa0 c:/program files (x86)/gnu arm embedded toolchain/10 2021.10/bin/../lib/gcc/arm-none-eabi/10.3.1/../../../../arm-none-eabi/lib/thumb/v7e-m+fp/hard\libc_nano.a(lib_a-memchr.o)
                0x080001e0                memchr
 .text          0x08000280       0x30 c:/program files (x86)/gnu arm embedded toolchain/10 2021.10/bin/../lib/gcc/arm-none-eabi/10.3.1/thumb/v7e-m+fp/hard\libgcc.a(_aeabi_uldivmod.o)
                0x08000280                __aeabi_uldivmod
 .text          0x080002b0      0x2d0 c:/program files (x86)/gnu arm embedded toolchain/10 2021.10/bin/../lib/gcc/arm-none-eabi/10.3.1/thumb/v7e-m+fp/hard\libgcc.a(_udivmoddi4.o)
                0x080002b0                __udivmoddi4
 .text          0x08000580        0x4 c:/program files (x86)/gnu arm embedded toolchain/10 2021.10/bin/../lib/gcc/arm-none-eabi/10.3.1/thumb/v7e-m+fp/hard\libgcc.a(_dvmd_tls.o)
                0x08000580                __aeabi_idiv0
                0x08000580                __aeabi_ldiv0
 *(.text*)
 .text.NMI_Handler
                0x08000584        0x2 build/stm32f4xx_it.o
                0x08000584                NMI_Handler
 .text.HardFault_Handler
                0x08000586        0x2 build/stm32f4xx_it.o
                0x08000586                HardFault_Handler
 .text.MemManage_Handler
                0x08000588        0x2 build/stm32f4xx_it.o
                0x08000588                MemManage_Handler
 .text.BusFault_Handler
                0x0800058a        0x2 build/stm32f4xx_it.o
                0x0800058a                BusFault_Handler
 .text.UsageFault_Handler
                0x0800058c        0x2 build/stm32f4xx_it.o
                0x0800058c                UsageFault_Handler
 .text.SVC_Handler
                0x0800058e        0x2 build/stm32f4xx_it.o
                0x0800058e                SVC_Handler
 .text.DebugMon_Handler
                0x08000590        0x2 build/stm32f4xx_it.o
                0x08000590                DebugMon_Handler
 .text.PendSV_Handler
                0x08000592        0x2 build/stm32f4xx_it.o
                0x08000592                PendSV_Handler
 .text.SysTick_Handler
                0x08000594        0x8 build/stm32f4xx_it.o
                0x08000594                SysTick_Handler
 .text.OTG_FS_IRQHandler
                0x0800059c       0x10 build/stm32f4xx_it.o
                0x0800059c                OTG_FS_IRQHandler
 .text.HAL_MspInit
                0x080005ac       0x40 build/stm32f4xx_hal_msp.o
                0x080005ac                HAL_MspInit
 .text.write_port
                0x080005ec      0x108 build/Darin2Cart_Driver.o
                0x080005ec                write_port
 .text.Read_port
                0x080006f4       0xd4 build/Darin2Cart_Driver.o
                0x080006f4                Read_port
 .text.Configure_GPIO_IO_D2
                0x080007c8       0xe8 build/Darin2Cart_Driver.o
                0x080007c8                Configure_GPIO_IO_D2
 .text.pre_write_flash
                0x080008b0       0x58 build/Darin2Cart_Driver.o
                0x080008b0                pre_write_flash
 .text.post_write_flash
                0x08000908       0x58 build/Darin2Cart_Driver.o
                0x08000908                post_write_flash
 .text.pre_read_flash
                0x08000960       0x58 build/Darin2Cart_Driver.o
                0x08000960                pre_read_flash
 .text.post_read_flash
                0x080009b8       0x58 build/Darin2Cart_Driver.o
                0x080009b8                post_read_flash
 .text.pre_erase_flash
                0x08000a10       0x7c build/Darin2Cart_Driver.o
                0x08000a10                pre_erase_flash
 .text.post_erase_flash
                0x08000a8c       0x58 build/Darin2Cart_Driver.o
                0x08000a8c                post_erase_flash
 .text.get_slt_pin
                0x08000ae4        0xc build/Darin2Cart_Driver.o
                0x08000ae4                get_slt_pin
 .text.get_D2_slt_status
                0x08000af0        0xc build/Darin2Cart_Driver.o
                0x08000af0                get_D2_slt_status
 .text.get_D1_slt_status
                0x08000afc        0x4 build/Darin2Cart_Driver.o
                0x08000afc                get_D1_slt_status
 .text.get_D2_Green_LedPins
                0x08000b00        0xc build/Darin2Cart_Driver.o
                0x08000b00                get_D2_Green_LedPins
 .text.setGreenLed
                0x08000b0c       0x20 build/Darin2Cart_Driver.o
                0x08000b0c                setGreenLed
 .text.get_D2_Red_LedPins
                0x08000b2c        0xc build/Darin2Cart_Driver.o
                0x08000b2c                get_D2_Red_LedPins
 .text.setRedLed
                0x08000b38       0x20 build/Darin2Cart_Driver.o
                0x08000b38                setRedLed
 .text.UpdateD2SlotStatus
                0x08000b58       0x54 build/Darin2Cart_Driver.o
                0x08000b58                UpdateD2SlotStatus
 .text.short_delay_us
                0x08000bac       0x1c build/Darin2Cart_Driver.o
                0x08000bac                short_delay_us
 .text.flash_write
                0x08000bc8      0x170 build/Darin2Cart_Driver.o
                0x08000bc8                flash_write
 .text.flash_read
                0x08000d38      0x10c build/Darin2Cart_Driver.o
                0x08000d38                flash_read
 .text.flash_erase
                0x08000e44      0x150 build/Darin2Cart_Driver.o
                0x08000e44                flash_erase
 .text.post_read_compact_flash
                0x08000f94       0x54 build/Darin3Cart_Driver.o
                0x08000f94                post_read_compact_flash
 .text.post_write_compact_flash
                0x08000fe8       0x54 build/Darin3Cart_Driver.o
                0x08000fe8                post_write_compact_flash
 .text.write_address_port
                0x0800103c       0x58 build/Darin3Cart_Driver.o
                0x0800103c                write_address_port
 .text.pre_read_compact_flash
                0x08001094       0x7c build/Darin3Cart_Driver.o
                0x08001094                pre_read_compact_flash
 .text.compact_flash_read
                0x08001110       0x4c build/Darin3Cart_Driver.o
                0x08001110                compact_flash_read
 .text.pre_write_compact_flash
                0x0800115c       0x7c build/Darin3Cart_Driver.o
                0x0800115c                pre_write_compact_flash
 .text.compact_flash_ready
                0x080011d8       0xbc build/Darin3Cart_Driver.o
                0x080011d8                compact_flash_ready
 .text.check_stat_of_compact_flash
                0x08001294      0x11c build/Darin3Cart_Driver.o
                0x08001294                check_stat_of_compact_flash
 .text.compact_flash_write
                0x080013b0       0x88 build/Darin3Cart_Driver.o
                0x080013b0                compact_flash_write
 .text.generic_CF_CMD
                0x08001438       0xe8 build/Darin3Cart_Driver.o
                0x08001438                generic_CF_CMD
 .text.UpdateD3SlotStatus
                0x08001520       0x54 build/Darin3Cart_Driver.o
                0x08001520                UpdateD3SlotStatus
 .text.get_D3_Green_LedPins
                0x08001574        0xc build/Darin3Cart_Driver.o
                0x08001574                get_D3_Green_LedPins
 .text.get_D3_slt_status
                0x08001580        0xc build/Darin3Cart_Driver.o
                0x08001580                get_D3_slt_status
 .text.LedLoopBack
                0x0800158c       0xac build/Darin3Cart_Driver.o
                0x0800158c                LedLoopBack
 .text.MX_USB_DEVICE_Init
                0x08001638       0x54 build/usb_device.o
                0x08001638                MX_USB_DEVICE_Init
 .text.USBD_FS_DeviceDescriptor
                0x0800168c        0xc build/usbd_desc.o
                0x0800168c                USBD_FS_DeviceDescriptor
 .text.USBD_FS_LangIDStrDescriptor
                0x08001698        0xc build/usbd_desc.o
                0x08001698                USBD_FS_LangIDStrDescriptor
 .text.IntToUnicode
                0x080016a4       0x46 build/usbd_desc.o
 *fill*         0x080016ea        0x2 
 .text.Get_SerialNum
                0x080016ec       0x38 build/usbd_desc.o
 .text.USBD_FS_SerialStrDescriptor
                0x08001724       0x14 build/usbd_desc.o
                0x08001724                USBD_FS_SerialStrDescriptor
 .text.USBD_FS_ProductStrDescriptor
                0x08001738       0x24 build/usbd_desc.o
                0x08001738                USBD_FS_ProductStrDescriptor
 .text.USBD_FS_ManufacturerStrDescriptor
                0x0800175c       0x1c build/usbd_desc.o
                0x0800175c                USBD_FS_ManufacturerStrDescriptor
 .text.USBD_FS_ConfigStrDescriptor
                0x08001778       0x24 build/usbd_desc.o
                0x08001778                USBD_FS_ConfigStrDescriptor
 .text.USBD_FS_InterfaceStrDescriptor
                0x0800179c       0x24 build/usbd_desc.o
                0x0800179c                USBD_FS_InterfaceStrDescriptor
 .text.CDC_DeInit_FS
                0x080017c0        0x4 build/usbd_cdc_if.o
 .text.CDC_Control_FS
                0x080017c4        0x4 build/usbd_cdc_if.o
 .text.CDC_TransmitCplt_FS
                0x080017c8        0x4 build/usbd_cdc_if.o
 .text.CDC_Receive_FS
                0x080017cc       0x28 build/usbd_cdc_if.o
 .text.CDC_Init_FS
                0x080017f4       0x28 build/usbd_cdc_if.o
 .text.CDC_Transmit_FS
                0x0800181c       0x2c build/usbd_cdc_if.o
                0x0800181c                CDC_Transmit_FS
 .text.HAL_PCD_MspInit
                0x08001848       0x98 build/usbd_conf.o
                0x08001848                HAL_PCD_MspInit
 .text.HAL_PCD_SetupStageCallback
                0x080018e0       0x10 build/usbd_conf.o
                0x080018e0                HAL_PCD_SetupStageCallback
 .text.HAL_PCD_DataOutStageCallback
                0x080018f0       0x18 build/usbd_conf.o
                0x080018f0                HAL_PCD_DataOutStageCallback
 .text.HAL_PCD_DataInStageCallback
                0x08001908       0x16 build/usbd_conf.o
                0x08001908                HAL_PCD_DataInStageCallback
 .text.HAL_PCD_SOFCallback
                0x0800191e        0xc build/usbd_conf.o
                0x0800191e                HAL_PCD_SOFCallback
 .text.HAL_PCD_ResetCallback
                0x0800192a       0x24 build/usbd_conf.o
                0x0800192a                HAL_PCD_ResetCallback
 *fill*         0x0800194e        0x2 
 .text.HAL_PCD_SuspendCallback
                0x08001950       0x30 build/usbd_conf.o
                0x08001950                HAL_PCD_SuspendCallback
 .text.HAL_PCD_ResumeCallback
                0x08001980        0xc build/usbd_conf.o
                0x08001980                HAL_PCD_ResumeCallback
 .text.HAL_PCD_ISOOUTIncompleteCallback
                0x0800198c        0xc build/usbd_conf.o
                0x0800198c                HAL_PCD_ISOOUTIncompleteCallback
 .text.HAL_PCD_ISOINIncompleteCallback
                0x08001998        0xc build/usbd_conf.o
                0x08001998                HAL_PCD_ISOINIncompleteCallback
 .text.HAL_PCD_ConnectCallback
                0x080019a4        0xc build/usbd_conf.o
                0x080019a4                HAL_PCD_ConnectCallback
 .text.HAL_PCD_DisconnectCallback
                0x080019b0        0xc build/usbd_conf.o
                0x080019b0                HAL_PCD_DisconnectCallback
 .text.USBD_LL_Init
                0x080019bc       0x68 build/usbd_conf.o
                0x080019bc                USBD_LL_Init
 .text.USBD_LL_IsStallEP
                0x08001a24       0x2e build/usbd_conf.o
                0x08001a24                USBD_LL_IsStallEP
 .text.USBD_LL_GetRxDataSize
                0x08001a52        0xc build/usbd_conf.o
                0x08001a52                USBD_LL_GetRxDataSize
 *fill*         0x08001a5e        0x2 
 .text.USBD_static_malloc
                0x08001a60        0x8 build/usbd_conf.o
                0x08001a60                USBD_static_malloc
 .text.USBD_static_free
                0x08001a68        0x2 build/usbd_conf.o
                0x08001a68                USBD_static_free
 .text.USBD_Get_USB_Status
                0x08001a6a       0x14 build/usbd_conf.o
                0x08001a6a                USBD_Get_USB_Status
 .text.USBD_LL_Start
                0x08001a7e       0x10 build/usbd_conf.o
                0x08001a7e                USBD_LL_Start
 .text.USBD_LL_OpenEP
                0x08001a8e       0x16 build/usbd_conf.o
                0x08001a8e                USBD_LL_OpenEP
 .text.USBD_LL_CloseEP
                0x08001aa4       0x10 build/usbd_conf.o
                0x08001aa4                USBD_LL_CloseEP
 .text.USBD_LL_StallEP
                0x08001ab4       0x10 build/usbd_conf.o
                0x08001ab4                USBD_LL_StallEP
 .text.USBD_LL_ClearStallEP
                0x08001ac4       0x10 build/usbd_conf.o
                0x08001ac4                USBD_LL_ClearStallEP
 .text.USBD_LL_SetUSBAddress
                0x08001ad4       0x10 build/usbd_conf.o
                0x08001ad4                USBD_LL_SetUSBAddress
 .text.USBD_LL_Transmit
                0x08001ae4       0x10 build/usbd_conf.o
                0x08001ae4                USBD_LL_Transmit
 .text.USBD_LL_PrepareReceive
                0x08001af4       0x10 build/usbd_conf.o
                0x08001af4                USBD_LL_PrepareReceive
 .text.PCD_WriteEmptyTxFifo
                0x08001b04       0xd0 build/stm32f4xx_hal_pcd.o
 .text.HAL_PCD_Init
                0x08001bd4      0x12e build/stm32f4xx_hal_pcd.o
                0x08001bd4                HAL_PCD_Init
 .text.HAL_PCD_Start
                0x08001d02       0x42 build/stm32f4xx_hal_pcd.o
                0x08001d02                HAL_PCD_Start
 .text.PCD_EP_OutXfrComplete_int
                0x08001d44      0x104 build/stm32f4xx_hal_pcd.o
 .text.PCD_EP_OutSetupPacket_int
                0x08001e48       0x50 build/stm32f4xx_hal_pcd.o
 .text.HAL_PCD_SetAddress
                0x08001e98       0x28 build/stm32f4xx_hal_pcd.o
                0x08001e98                HAL_PCD_SetAddress
 .text.HAL_PCD_EP_Open
                0x08001ec0       0x8a build/stm32f4xx_hal_pcd.o
                0x08001ec0                HAL_PCD_EP_Open
 .text.HAL_PCD_EP_Close
                0x08001f4a       0x72 build/stm32f4xx_hal_pcd.o
                0x08001f4a                HAL_PCD_EP_Close
 .text.HAL_PCD_EP_Receive
                0x08001fbc       0x5e build/stm32f4xx_hal_pcd.o
                0x08001fbc                HAL_PCD_EP_Receive
 .text.HAL_PCD_EP_GetRxCount
                0x0800201a       0x12 build/stm32f4xx_hal_pcd.o
                0x0800201a                HAL_PCD_EP_GetRxCount
 .text.HAL_PCD_EP_Transmit
                0x0800202c       0x5e build/stm32f4xx_hal_pcd.o
                0x0800202c                HAL_PCD_EP_Transmit
 .text.HAL_PCD_EP_SetStall
                0x0800208a       0x88 build/stm32f4xx_hal_pcd.o
                0x0800208a                HAL_PCD_EP_SetStall
 .text.HAL_PCD_EP_ClrStall
                0x08002112       0x76 build/stm32f4xx_hal_pcd.o
                0x08002112                HAL_PCD_EP_ClrStall
 .text.HAL_PCD_EP_Abort
                0x08002188       0x34 build/stm32f4xx_hal_pcd.o
                0x08002188                HAL_PCD_EP_Abort
 .text.HAL_PCD_IRQHandler
                0x080021bc      0x5c4 build/stm32f4xx_hal_pcd.o
                0x080021bc                HAL_PCD_IRQHandler
 .text.HAL_PCDEx_SetTxFiFo
                0x08002780       0x4c build/stm32f4xx_hal_pcd_ex.o
                0x08002780                HAL_PCDEx_SetTxFiFo
 .text.HAL_PCDEx_SetRxFiFo
                0x080027cc        0x8 build/stm32f4xx_hal_pcd_ex.o
                0x080027cc                HAL_PCDEx_SetRxFiFo
 .text.HAL_PCDEx_LPM_Callback
                0x080027d4        0x2 build/stm32f4xx_hal_pcd_ex.o
                0x080027d4                HAL_PCDEx_LPM_Callback
 *fill*         0x080027d6        0x2 
 .text.USB_CoreReset
                0x080027d8       0x50 build/stm32f4xx_ll_usb.o
 .text.USB_CoreInit
                0x08002828       0x8a build/stm32f4xx_ll_usb.o
                0x08002828                USB_CoreInit
 *fill*         0x080028b2        0x2 
 .text.USB_SetTurnaroundTime
                0x080028b4       0xe4 build/stm32f4xx_ll_usb.o
                0x080028b4                USB_SetTurnaroundTime
 .text.USB_EnableGlobalInt
                0x08002998        0xc build/stm32f4xx_ll_usb.o
                0x08002998                USB_EnableGlobalInt
 .text.USB_DisableGlobalInt
                0x080029a4        0xc build/stm32f4xx_ll_usb.o
                0x080029a4                USB_DisableGlobalInt
 .text.USB_FlushTxFifo
                0x080029b0       0x50 build/stm32f4xx_ll_usb.o
                0x080029b0                USB_FlushTxFifo
 .text.USB_FlushRxFifo
                0x08002a00       0x4c build/stm32f4xx_ll_usb.o
                0x08002a00                USB_FlushRxFifo
 .text.USB_SetDevSpeed
                0x08002a4c        0xe build/stm32f4xx_ll_usb.o
                0x08002a4c                USB_SetDevSpeed
 *fill*         0x08002a5a        0x2 
 .text.USB_DevInit
                0x08002a5c      0x190 build/stm32f4xx_ll_usb.o
                0x08002a5c                USB_DevInit
 .text.USB_GetDevSpeed
                0x08002bec       0x22 build/stm32f4xx_ll_usb.o
                0x08002bec                USB_GetDevSpeed
 .text.USB_ActivateEndpoint
                0x08002c0e       0x9c build/stm32f4xx_ll_usb.o
                0x08002c0e                USB_ActivateEndpoint
 *fill*         0x08002caa        0x2 
 .text.USB_DeactivateEndpoint
                0x08002cac       0xe0 build/stm32f4xx_ll_usb.o
                0x08002cac                USB_DeactivateEndpoint
 .text.USB_EP0StartXfer
                0x08002d8c      0x124 build/stm32f4xx_ll_usb.o
                0x08002d8c                USB_EP0StartXfer
 .text.USB_EPStopXfer
                0x08002eb0       0xbe build/stm32f4xx_ll_usb.o
                0x08002eb0                USB_EPStopXfer
 .text.USB_WritePacket
                0x08002f6e       0x2e build/stm32f4xx_ll_usb.o
                0x08002f6e                USB_WritePacket
 .text.USB_EPStartXfer
                0x08002f9c      0x234 build/stm32f4xx_ll_usb.o
                0x08002f9c                USB_EPStartXfer
 .text.USB_ReadPacket
                0x080031d0       0x54 build/stm32f4xx_ll_usb.o
                0x080031d0                USB_ReadPacket
 .text.USB_EPSetStall
                0x08003224       0x5a build/stm32f4xx_ll_usb.o
                0x08003224                USB_EPSetStall
 .text.USB_EPClearStall
                0x0800327e       0x5c build/stm32f4xx_ll_usb.o
                0x0800327e                USB_EPClearStall
 .text.USB_SetDevAddress
                0x080032da       0x20 build/stm32f4xx_ll_usb.o
                0x080032da                USB_SetDevAddress
 .text.USB_DevConnect
                0x080032fa       0x1c build/stm32f4xx_ll_usb.o
                0x080032fa                USB_DevConnect
 .text.USB_DevDisconnect
                0x08003316       0x1c build/stm32f4xx_ll_usb.o
                0x08003316                USB_DevDisconnect
 .text.USB_ReadInterrupts
                0x08003332        0x8 build/stm32f4xx_ll_usb.o
                0x08003332                USB_ReadInterrupts
 .text.USB_ReadDevAllOutEpInterrupt
                0x0800333a       0x10 build/stm32f4xx_ll_usb.o
                0x0800333a                USB_ReadDevAllOutEpInterrupt
 .text.USB_ReadDevAllInEpInterrupt
                0x0800334a       0x10 build/stm32f4xx_ll_usb.o
                0x0800334a                USB_ReadDevAllInEpInterrupt
 .text.USB_ReadDevOutEPInterrupt
                0x0800335a       0x12 build/stm32f4xx_ll_usb.o
                0x0800335a                USB_ReadDevOutEPInterrupt
 .text.USB_ReadDevInEPInterrupt
                0x0800336c       0x28 build/stm32f4xx_ll_usb.o
                0x0800336c                USB_ReadDevInEPInterrupt
 .text.USB_GetMode
                0x08003394        0x8 build/stm32f4xx_ll_usb.o
                0x08003394                USB_GetMode
 .text.USB_SetCurrentMode
                0x0800339c       0x62 build/stm32f4xx_ll_usb.o
                0x0800339c                USB_SetCurrentMode
 .text.USB_ActivateSetup
                0x080033fe       0x20 build/stm32f4xx_ll_usb.o
                0x080033fe                USB_ActivateSetup
 *fill*         0x0800341e        0x2 
 .text.USB_EP0_OutStart
                0x08003420       0x60 build/stm32f4xx_ll_usb.o
                0x08003420                USB_EP0_OutStart
 .text.HAL_RCC_OscConfig
                0x08003480      0x3f8 build/stm32f4xx_hal_rcc.o
                0x08003480                HAL_RCC_OscConfig
 .text.HAL_RCC_GetSysClockFreq
                0x08003878       0xd4 build/stm32f4xx_hal_rcc.o
                0x08003878                HAL_RCC_GetSysClockFreq
 .text.HAL_RCC_ClockConfig
                0x0800394c      0x160 build/stm32f4xx_hal_rcc.o
                0x0800394c                HAL_RCC_ClockConfig
 .text.HAL_RCC_GetHCLKFreq
                0x08003aac        0xc build/stm32f4xx_hal_rcc.o
                0x08003aac                HAL_RCC_GetHCLKFreq
 .text.HAL_GPIO_Init
                0x08003ab8      0x1c0 build/stm32f4xx_hal_gpio.o
                0x08003ab8                HAL_GPIO_Init
 .text.HAL_GPIO_ReadPin
                0x08003c78        0xe build/stm32f4xx_hal_gpio.o
                0x08003c78                HAL_GPIO_ReadPin
 .text.HAL_GPIO_WritePin
                0x08003c86        0xc build/stm32f4xx_hal_gpio.o
                0x08003c86                HAL_GPIO_WritePin
 *fill*         0x08003c92        0x2 
 .text.HAL_NVIC_SetPriorityGrouping
                0x08003c94       0x24 build/stm32f4xx_hal_cortex.o
                0x08003c94                HAL_NVIC_SetPriorityGrouping
 .text.HAL_NVIC_SetPriority
                0x08003cb8       0x70 build/stm32f4xx_hal_cortex.o
                0x08003cb8                HAL_NVIC_SetPriority
 .text.HAL_NVIC_EnableIRQ
                0x08003d28       0x1c build/stm32f4xx_hal_cortex.o
                0x08003d28                HAL_NVIC_EnableIRQ
 .text.HAL_SYSTICK_Config
                0x08003d44       0x28 build/stm32f4xx_hal_cortex.o
                0x08003d44                HAL_SYSTICK_Config
 .text.HAL_InitTick
                0x08003d6c       0x4c build/stm32f4xx_hal.o
                0x08003d6c                HAL_InitTick
 .text.HAL_Init
                0x08003db8       0x34 build/stm32f4xx_hal.o
                0x08003db8                HAL_Init
 .text.HAL_IncTick
                0x08003dec       0x18 build/stm32f4xx_hal.o
                0x08003dec                HAL_IncTick
 .text.HAL_GetTick
                0x08003e04        0xc build/stm32f4xx_hal.o
                0x08003e04                HAL_GetTick
 .text.HAL_Delay
                0x08003e10       0x28 build/stm32f4xx_hal.o
                0x08003e10                HAL_Delay
 .text.SystemInit
                0x08003e38       0x14 build/system_stm32f4xx.o
                0x08003e38                SystemInit
 .text.USBD_Init
                0x08003e4c       0x2e build/usbd_core.o
                0x08003e4c                USBD_Init
 .text.USBD_RegisterClass
                0x08003e7a       0x34 build/usbd_core.o
                0x08003e7a                USBD_RegisterClass
 .text.USBD_Start
                0x08003eae        0x8 build/usbd_core.o
                0x08003eae                USBD_Start
 .text.USBD_SetClassConfig
                0x08003eb6       0x12 build/usbd_core.o
                0x08003eb6                USBD_SetClassConfig
 .text.USBD_ClrClassConfig
                0x08003ec8       0x12 build/usbd_core.o
                0x08003ec8                USBD_ClrClassConfig
 .text.USBD_LL_SetupStage
                0x08003eda       0x58 build/usbd_core.o
                0x08003eda                USBD_LL_SetupStage
 .text.USBD_LL_Reset
                0x08003f32       0x64 build/usbd_core.o
                0x08003f32                USBD_LL_Reset
 .text.USBD_LL_SetSpeed
                0x08003f96        0x6 build/usbd_core.o
                0x08003f96                USBD_LL_SetSpeed
 .text.USBD_LL_Suspend
                0x08003f9c       0x14 build/usbd_core.o
                0x08003f9c                USBD_LL_Suspend
 .text.USBD_LL_Resume
                0x08003fb0       0x1a build/usbd_core.o
                0x08003fb0                USBD_LL_Resume
 .text.USBD_LL_SOF
                0x08003fca       0x22 build/usbd_core.o
                0x08003fca                USBD_LL_SOF
 .text.USBD_LL_IsoINIncomplete
                0x08003fec       0x2e build/usbd_core.o
                0x08003fec                USBD_LL_IsoINIncomplete
 .text.USBD_LL_IsoOUTIncomplete
                0x0800401a       0x2e build/usbd_core.o
                0x0800401a                USBD_LL_IsoOUTIncomplete
 .text.USBD_LL_DevConnected
                0x08004048        0x4 build/usbd_core.o
                0x08004048                USBD_LL_DevConnected
 .text.USBD_LL_DevDisconnected
                0x0800404c       0x20 build/usbd_core.o
                0x0800404c                USBD_LL_DevDisconnected
 .text.USBD_CoreFindIF
                0x0800406c        0x4 build/usbd_core.o
                0x0800406c                USBD_CoreFindIF
 .text.USBD_CoreFindEP
                0x08004070        0x4 build/usbd_core.o
                0x08004070                USBD_CoreFindEP
 .text.USBD_LL_DataOutStage
                0x08004074       0xc6 build/usbd_core.o
                0x08004074                USBD_LL_DataOutStage
 .text.USBD_LL_DataInStage
                0x0800413a       0xd6 build/usbd_core.o
                0x0800413a                USBD_LL_DataInStage
 .text.USBD_GetNextDesc
                0x08004210        0xe build/usbd_core.o
                0x08004210                USBD_GetNextDesc
 .text.USBD_GetEpDesc
                0x0800421e       0x3e build/usbd_core.o
                0x0800421e                USBD_GetEpDesc
 .text.USBD_GetLen
                0x0800425c       0x14 build/usbd_ctlreq.o
 .text.USBD_ParseSetupRequest
                0x08004270       0x28 build/usbd_ctlreq.o
                0x08004270                USBD_ParseSetupRequest
 .text.USBD_CtlError
                0x08004298       0x14 build/usbd_ctlreq.o
                0x08004298                USBD_CtlError
 .text.USBD_GetDescriptor
                0x080042ac      0x18a build/usbd_ctlreq.o
 .text.USBD_SetAddress
                0x08004436       0x50 build/usbd_ctlreq.o
 *fill*         0x08004486        0x2 
 .text.USBD_SetConfig
                0x08004488       0xcc build/usbd_ctlreq.o
 .text.USBD_GetConfig
                0x08004554       0x40 build/usbd_ctlreq.o
 .text.USBD_GetStatus
                0x08004594       0x38 build/usbd_ctlreq.o
 .text.USBD_SetFeature
                0x080045cc       0x2a build/usbd_ctlreq.o
 .text.USBD_ClrFeature
                0x080045f6       0x26 build/usbd_ctlreq.o
 .text.USBD_StdDevReq
                0x0800461c       0x76 build/usbd_ctlreq.o
                0x0800461c                USBD_StdDevReq
 .text.USBD_StdItfReq
                0x08004692       0x84 build/usbd_ctlreq.o
                0x08004692                USBD_StdItfReq
 .text.USBD_StdEPReq
                0x08004716      0x230 build/usbd_ctlreq.o
                0x08004716                USBD_StdEPReq
 .text.USBD_GetString
                0x08004946       0x3a build/usbd_ctlreq.o
                0x08004946                USBD_GetString
 .text.USBD_CtlSendData
                0x08004980       0x1a build/usbd_ioreq.o
                0x08004980                USBD_CtlSendData
 .text.USBD_CtlContinueSendData
                0x0800499a       0x10 build/usbd_ioreq.o
                0x0800499a                USBD_CtlContinueSendData
 .text.USBD_CtlPrepareRx
                0x080049aa       0x1e build/usbd_ioreq.o
                0x080049aa                USBD_CtlPrepareRx
 .text.USBD_CtlContinueRx
                0x080049c8       0x10 build/usbd_ioreq.o
                0x080049c8                USBD_CtlContinueRx
 .text.USBD_CtlSendStatus
                0x080049d8       0x16 build/usbd_ioreq.o
                0x080049d8                USBD_CtlSendStatus
 .text.USBD_CtlReceiveStatus
                0x080049ee       0x16 build/usbd_ioreq.o
                0x080049ee                USBD_CtlReceiveStatus
 .text.USBD_CDC_EP0_RxReady
                0x08004a04       0x40 build/usbd_cdc.o
 .text.USBD_CDC_GetDeviceQualifierDescriptor
                0x08004a44        0xc build/usbd_cdc.o
                0x08004a44                USBD_CDC_GetDeviceQualifierDescriptor
 .text.USBD_CDC_GetOtherSpeedCfgDesc
                0x08004a50       0x48 build/usbd_cdc.o
 .text.USBD_CDC_GetFSCfgDesc
                0x08004a98       0x48 build/usbd_cdc.o
 .text.USBD_CDC_GetHSCfgDesc
                0x08004ae0       0x48 build/usbd_cdc.o
 .text.USBD_CDC_DataOut
                0x08004b28       0x38 build/usbd_cdc.o
 .text.USBD_CDC_DataIn
                0x08004b60       0x7c build/usbd_cdc.o
 .text.USBD_CDC_Setup
                0x08004bdc      0x11a build/usbd_cdc.o
 .text.USBD_CDC_DeInit
                0x08004cf6       0x64 build/usbd_cdc.o
 .text.USBD_CDC_Init
                0x08004d5a       0xee build/usbd_cdc.o
 .text.USBD_CDC_RegisterInterface
                0x08004e48       0x16 build/usbd_cdc.o
                0x08004e48                USBD_CDC_RegisterInterface
 .text.USBD_CDC_SetTxBuffer
                0x08004e5e       0x1c build/usbd_cdc.o
                0x08004e5e                USBD_CDC_SetTxBuffer
 .text.USBD_CDC_SetRxBuffer
                0x08004e7a       0x18 build/usbd_cdc.o
                0x08004e7a                USBD_CDC_SetRxBuffer
 .text.USBD_CDC_TransmitPacket
                0x08004e92       0x3a build/usbd_cdc.o
                0x08004e92                USBD_CDC_TransmitPacket
 .text.USBD_CDC_ReceivePacket
                0x08004ecc       0x38 build/usbd_cdc.o
                0x08004ecc                USBD_CDC_ReceivePacket
 .text._sbrk    0x08004f04       0x48 build/sysmem.o
                0x08004f04                _sbrk
 .text._read    0x08004f4c       0x20 build/syscalls.o
                0x08004f4c                _read
 .text._write   0x08004f6c       0x1c build/syscalls.o
                0x08004f6c                _write
 .text._close   0x08004f88        0x6 build/syscalls.o
                0x08004f88                _close
 .text._fstat   0x08004f8e        0xa build/syscalls.o
                0x08004f8e                _fstat
 .text._isatty  0x08004f98        0x4 build/syscalls.o
                0x08004f98                _isatty
 .text._lseek   0x08004f9c        0x4 build/syscalls.o
                0x08004f9c                _lseek
 .text.get_fattime
                0x08004fa0        0x4 build/diskio.o
                0x08004fa0                get_fattime
 .text.disk_status
                0x08004fa4        0x8 build/diskio.o
                0x08004fa4                disk_status
 .text.CfCmd    0x08004fac       0x12 build/diskio.o
                0x08004fac                CfCmd
 *fill*         0x08004fbe        0x2 
 .text.disk_read
                0x08004fc0       0x50 build/diskio.o
                0x08004fc0                disk_read
 .text.disk_write
                0x08005010       0x50 build/diskio.o
                0x08005010                disk_write
 .text.disk_ioctl
                0x08005060       0xa4 build/diskio.o
                0x08005060                disk_ioctl
 .text.ChkCF    0x08005104        0x4 build/diskio.o
                0x08005104                ChkCF
 .text.RstCf    0x08005108       0x30 build/diskio.o
                0x08005108                RstCf
 .text.disk_initialize
                0x08005138       0x1a build/diskio.o
                0x08005138                disk_initialize
 .text.ld_word  0x08005152        0xa build/ff.o
 .text.ld_dword
                0x0800515c       0x16 build/ff.o
 .text.st_word  0x08005172        0x8 build/ff.o
 .text.st_dword
                0x0800517a       0x14 build/ff.o
 .text.dbc_1st  0x0800518e       0x24 build/ff.o
 .text.dbc_2nd  0x080051b2       0x28 build/ff.o
 .text.clst2sect
                0x080051da       0x18 build/ff.o
 .text.ld_clust
                0x080051f2       0x26 build/ff.o
 .text.st_clust
                0x08005218       0x26 build/ff.o
 .text.get_fileinfo
                0x0800523e       0x74 build/ff.o
 .text.get_ldnumber
                0x080052b2       0x56 build/ff.o
 .text.validate
                0x08005308       0x46 build/ff.o
 .text.sync_window
                0x0800534e       0x48 build/ff.o
 .text.move_window
                0x08005396       0x36 build/ff.o
 .text.check_fs
                0x080053cc       0xd4 build/ff.o
 .text.find_volume
                0x080054a0       0x70 build/ff.o
 .text.mount_volume
                0x08005510      0x2a8 build/ff.o
 .text.put_fat  0x080057b8      0x10e build/ff.o
 .text.get_fat  0x080058c6       0xd0 build/ff.o
 .text.dir_sdi  0x08005996       0xac build/ff.o
 .text.create_chain
                0x08005a42      0x10e build/ff.o
 .text.remove_chain
                0x08005b50       0x7e build/ff.o
 .text.dir_remove
                0x08005bce       0x1c build/ff.o
 .text.dir_clear
                0x08005bea       0x52 build/ff.o
 .text.dir_next
                0x08005c3c       0xc8 build/ff.o
 .text.dir_find
                0x08005d04       0x5a build/ff.o
 .text.dir_alloc
                0x08005d5e       0x50 build/ff.o
 .text.dir_read
                0x08005dae       0x5e build/ff.o
 .text.create_name
                0x08005e0c      0x108 build/ff.o
 .text.follow_path
                0x08005f14       0x8c build/ff.o
 .text.dir_register
                0x08005fa0       0x46 build/ff.o
 *fill*         0x08005fe6        0x2 
 .text.sync_fs  0x08005fe8       0x8c build/ff.o
 .text.create_partition
                0x08006074      0x13c build/ff.o
 .text.f_mount  0x080061b0       0x58 build/ff.o
                0x080061b0                f_mount
 .text.f_open   0x08006208      0x1fc build/ff.o
                0x08006208                f_open
 .text.f_read   0x08006404      0x1a2 build/ff.o
                0x08006404                f_read
 .text.f_write  0x080065a6      0x1de build/ff.o
                0x080065a6                f_write
 .text.f_sync   0x08006784       0x96 build/ff.o
                0x08006784                f_sync
 .text.f_close  0x0800681a       0x20 build/ff.o
                0x0800681a                f_close
 .text.f_opendir
                0x0800683a       0x6e build/ff.o
                0x0800683a                f_opendir
 .text.f_closedir
                0x080068a8       0x14 build/ff.o
                0x080068a8                f_closedir
 .text.f_readdir
                0x080068bc       0x4e build/ff.o
                0x080068bc                f_readdir
 .text.f_stat   0x0800690a       0x44 build/ff.o
                0x0800690a                f_stat
 .text.f_unlink
                0x0800694e       0xac build/ff.o
                0x0800694e                f_unlink
 *fill*         0x080069fa        0x2 
 .text.f_mkfs   0x080069fc      0x650 build/ff.o
                0x080069fc                f_mkfs
 .text._ZN21IIspSubCommandHandler12prepareForRxEPKhhm
                0x0800704c        0x6 build/main.o
                0x0800704c                IIspSubCommandHandler::prepareForRx(unsigned char const*, unsigned char, unsigned long)
 .text._ZN21IIspSubCommandHandler13processRxDataEPKhhm
                0x08007052        0x4 build/main.o
                0x08007052                IIspSubCommandHandler::processRxData(unsigned char const*, unsigned char, unsigned long)
 .text._ZN21IIspSubCommandHandler15prepareDataToTxEPKhhRm
                0x08007056        0x4 build/main.o
                0x08007056                IIspSubCommandHandler::prepareDataToTx(unsigned char const*, unsigned char, unsigned long&)
 .text._ZN21IIspSubCommandHandler9getSubCmdEv
                0x0800705a        0x4 build/main.o
                0x0800705a                IIspSubCommandHandler::getSubCmd()
 .text._ZN21IIspSubCommandHandler13processCmdReqEPh
                0x0800705e        0x4 build/main.o
                0x0800705e                IIspSubCommandHandler::processCmdReq(unsigned char*)
 *fill*         0x08007062        0x2 
 .text._ZN21IIspSubCommandHandlerD2Ev
                0x08007064        0xc build/main.o
                0x08007064                IIspSubCommandHandler::~IIspSubCommandHandler()
                0x08007064                IIspSubCommandHandler::~IIspSubCommandHandler()
 .text._ZN19Erase_SubCmdProcess9getSubCmdEv
                0x08007070        0x4 build/main.o
                0x08007070                Erase_SubCmdProcess::getSubCmd()
 .text._ZN29FirmwareVersion_SubCmdProcess13processCmdReqEPh
                0x08007074       0x30 build/main.o
                0x08007074                FirmwareVersion_SubCmdProcess::processCmdReq(unsigned char*)
 .text._ZN29FirmwareVersion_SubCmdProcess9getSubCmdEv
                0x080070a4        0x4 build/main.o
                0x080070a4                FirmwareVersion_SubCmdProcess::getSubCmd()
 .text._ZN21BoardID_SubCmdProcess13processCmdReqEPh
                0x080070a8       0x24 build/main.o
                0x080070a8                BoardID_SubCmdProcess::processCmdReq(unsigned char*)
 .text._ZN21BoardID_SubCmdProcess9getSubCmdEv
                0x080070cc        0x4 build/main.o
                0x080070cc                BoardID_SubCmdProcess::getSubCmd()
 .text._ZN24CartStatus_SubCmdProcess9getSubCmdEv
                0x080070d0        0x4 build/main.o
                0x080070d0                CartStatus_SubCmdProcess::getSubCmd()
 .text._ZN24GuiCtrlLed_SubCmdProcess13processCmdReqEPh
                0x080070d4       0x2c build/main.o
                0x080070d4                GuiCtrlLed_SubCmdProcess::processCmdReq(unsigned char*)
 .text._ZN24GuiCtrlLed_SubCmdProcess9getSubCmdEv
                0x08007100        0x4 build/main.o
                0x08007100                GuiCtrlLed_SubCmdProcess::getSubCmd()
 .text._ZN22GreenLed_SubCmdProcess9getSubCmdEv
                0x08007104        0x4 build/main.o
                0x08007104                GreenLed_SubCmdProcess::getSubCmd()
 .text._ZN20RedLed_SubCmdProcess9getSubCmdEv
                0x08007108        0x4 build/main.o
                0x08007108                RedLed_SubCmdProcess::getSubCmd()
 .text._ZN20Format_SubCmdProcess9getSubCmdEv
                0x0800710c        0x4 build/main.o
                0x0800710c                Format_SubCmdProcess::getSubCmd()
 .text._ZN25LedLoopBack_SubCmdProcess9getSubCmdEv
                0x08007110        0x4 build/main.o
                0x08007110                LedLoopBack_SubCmdProcess::getSubCmd()
 .text._ZN28D3_Power_Cycle_SubCmdProcess9getSubCmdEv
                0x08007114        0x4 build/main.o
                0x08007114                D3_Power_Cycle_SubCmdProcess::getSubCmd()
 .text._ZN21IspTransportInterface7receiveEPhj
                0x08007118        0x4 build/main.o
                0x08007118                IspTransportInterface::receive(unsigned char*, unsigned int)
 .text._ZNK21IspTransportInterface6statusEv
                0x0800711c        0x4 build/main.o
                0x0800711c                IspTransportInterface::status() const
 .text._ZN21IspTransportInterface5flushEv
                0x08007120        0x2 build/main.o
                0x08007120                IspTransportInterface::flush()
 *fill*         0x08007122        0x2 
 .text._ZNK21IspTransportInterface4nameEv
                0x08007124        0x8 build/main.o
                0x08007124                IspTransportInterface::name() const
 .text._ZN17IspCommandHandler12setTransportEP21IspTransportInterface
                0x0800712c        0x4 build/main.o
                0x0800712c                IspCommandHandler::setTransport(IspTransportInterface*)
 .text._ZN28D3_Power_Cycle_SubCmdProcessD2Ev
                0x08007130       0x14 build/main.o
                0x08007130                D3_Power_Cycle_SubCmdProcess::~D3_Power_Cycle_SubCmdProcess()
                0x08007130                D3_Power_Cycle_SubCmdProcess::~D3_Power_Cycle_SubCmdProcess()
 .text._ZN25LedLoopBack_SubCmdProcessD2Ev
                0x08007144       0x14 build/main.o
                0x08007144                LedLoopBack_SubCmdProcess::~LedLoopBack_SubCmdProcess()
                0x08007144                LedLoopBack_SubCmdProcess::~LedLoopBack_SubCmdProcess()
 .text._ZN20Format_SubCmdProcessD2Ev
                0x08007158       0x14 build/main.o
                0x08007158                Format_SubCmdProcess::~Format_SubCmdProcess()
                0x08007158                Format_SubCmdProcess::~Format_SubCmdProcess()
 .text._ZN20RedLed_SubCmdProcessD2Ev
                0x0800716c       0x14 build/main.o
                0x0800716c                RedLed_SubCmdProcess::~RedLed_SubCmdProcess()
                0x0800716c                RedLed_SubCmdProcess::~RedLed_SubCmdProcess()
 .text._ZN22GreenLed_SubCmdProcessD2Ev
                0x08007180       0x14 build/main.o
                0x08007180                GreenLed_SubCmdProcess::~GreenLed_SubCmdProcess()
                0x08007180                GreenLed_SubCmdProcess::~GreenLed_SubCmdProcess()
 .text._ZN24GuiCtrlLed_SubCmdProcessD2Ev
                0x08007194       0x14 build/main.o
                0x08007194                GuiCtrlLed_SubCmdProcess::~GuiCtrlLed_SubCmdProcess()
                0x08007194                GuiCtrlLed_SubCmdProcess::~GuiCtrlLed_SubCmdProcess()
 .text._ZN24CartStatus_SubCmdProcessD2Ev
                0x080071a8       0x14 build/main.o
                0x080071a8                CartStatus_SubCmdProcess::~CartStatus_SubCmdProcess()
                0x080071a8                CartStatus_SubCmdProcess::~CartStatus_SubCmdProcess()
 .text._ZN21BoardID_SubCmdProcessD2Ev
                0x080071bc       0x14 build/main.o
                0x080071bc                BoardID_SubCmdProcess::~BoardID_SubCmdProcess()
                0x080071bc                BoardID_SubCmdProcess::~BoardID_SubCmdProcess()
 .text._ZN29FirmwareVersion_SubCmdProcessD2Ev
                0x080071d0       0x14 build/main.o
                0x080071d0                FirmwareVersion_SubCmdProcess::~FirmwareVersion_SubCmdProcess()
                0x080071d0                FirmwareVersion_SubCmdProcess::~FirmwareVersion_SubCmdProcess()
 .text._ZN19Erase_SubCmdProcessD2Ev
                0x080071e4       0x14 build/main.o
                0x080071e4                Erase_SubCmdProcess::~Erase_SubCmdProcess()
                0x080071e4                Erase_SubCmdProcess::~Erase_SubCmdProcess()
 .text._ZN15UsbIspTransportD2Ev
                0x080071f8       0x14 build/main.o
                0x080071f8                UsbIspTransport::~UsbIspTransport()
                0x080071f8                UsbIspTransport::~UsbIspTransport()
 .text._ZN17IspCmdReceiveDataD2Ev
                0x0800720c       0x14 build/main.o
                0x0800720c                IspCmdReceiveData::~IspCmdReceiveData()
                0x0800720c                IspCmdReceiveData::~IspCmdReceiveData()
 .text._ZN18IspCmdTransmitDataD2Ev
                0x08007220       0x14 build/main.o
                0x08007220                IspCmdTransmitData::~IspCmdTransmitData()
                0x08007220                IspCmdTransmitData::~IspCmdTransmitData()
 .text._ZN6Darin2D2Ev
                0x08007234       0x14 build/main.o
                0x08007234                Darin2::~Darin2()
                0x08007234                Darin2::~Darin2()
 .text._ZN24GuiCtrlLed_SubCmdProcessD0Ev
                0x08007248       0x20 build/main.o
                0x08007248                GuiCtrlLed_SubCmdProcess::~GuiCtrlLed_SubCmdProcess()
 .text._ZN21IIspSubCommandHandlerD0Ev
                0x08007268       0x18 build/main.o
                0x08007268                IIspSubCommandHandler::~IIspSubCommandHandler()
 .text._ZN28D3_Power_Cycle_SubCmdProcessD0Ev
                0x08007280       0x20 build/main.o
                0x08007280                D3_Power_Cycle_SubCmdProcess::~D3_Power_Cycle_SubCmdProcess()
 .text._ZN20Format_SubCmdProcessD0Ev
                0x080072a0       0x20 build/main.o
                0x080072a0                Format_SubCmdProcess::~Format_SubCmdProcess()
 .text._ZN19Erase_SubCmdProcessD0Ev
                0x080072c0       0x20 build/main.o
                0x080072c0                Erase_SubCmdProcess::~Erase_SubCmdProcess()
 .text._ZN25LedLoopBack_SubCmdProcessD0Ev
                0x080072e0       0x20 build/main.o
                0x080072e0                LedLoopBack_SubCmdProcess::~LedLoopBack_SubCmdProcess()
 .text._ZN24CartStatus_SubCmdProcessD0Ev
                0x08007300       0x20 build/main.o
                0x08007300                CartStatus_SubCmdProcess::~CartStatus_SubCmdProcess()
 .text._ZN20RedLed_SubCmdProcessD0Ev
                0x08007320       0x20 build/main.o
                0x08007320                RedLed_SubCmdProcess::~RedLed_SubCmdProcess()
 .text._ZN22GreenLed_SubCmdProcessD0Ev
                0x08007340       0x20 build/main.o
                0x08007340                GreenLed_SubCmdProcess::~GreenLed_SubCmdProcess()
 .text._ZN21BoardID_SubCmdProcessD0Ev
                0x08007360       0x20 build/main.o
                0x08007360                BoardID_SubCmdProcess::~BoardID_SubCmdProcess()
 .text._ZN29FirmwareVersion_SubCmdProcessD0Ev
                0x08007380       0x20 build/main.o
                0x08007380                FirmwareVersion_SubCmdProcess::~FirmwareVersion_SubCmdProcess()
 .text._ZN21IIspSubCommandHandler12EnocdeCmdResEhPht
                0x080073a0       0x2c build/main.o
                0x080073a0                IIspSubCommandHandler::EnocdeCmdRes(unsigned char, unsigned char*, unsigned short)
 .text._ZN21IIspSubCommandHandler12DecodeCmdReqEPh
                0x080073cc       0x22 build/main.o
                0x080073cc                IIspSubCommandHandler::DecodeCmdReq(unsigned char*)
 *fill*         0x080073ee        0x2 
 .text._ZN25LedLoopBack_SubCmdProcess13processCmdReqEPh
                0x080073f0       0x30 build/main.o
                0x080073f0                LedLoopBack_SubCmdProcess::processCmdReq(unsigned char*)
 .text._ZN24CartStatus_SubCmdProcess13processCmdReqEPh
                0x08007420       0x4c build/main.o
                0x08007420                CartStatus_SubCmdProcess::processCmdReq(unsigned char*)
 .text._ZN20RedLed_SubCmdProcess13processCmdReqEPh
                0x0800746c       0x2c build/main.o
                0x0800746c                RedLed_SubCmdProcess::processCmdReq(unsigned char*)
 .text._ZN22GreenLed_SubCmdProcess13processCmdReqEPh
                0x08007498       0x2c build/main.o
                0x08007498                GreenLed_SubCmdProcess::processCmdReq(unsigned char*)
 .text._ZL12MX_GPIO_Initv
                0x080074c4      0x194 build/main.o
 .text._Z41__static_initialization_and_destruction_0ii
                0x08007658       0x90 build/main.o
 .text._ZN12FatFsWrapperD2Ev
                0x080076e8       0x24 build/main.o
                0x080076e8                FatFsWrapper::~FatFsWrapper()
                0x080076e8                FatFsWrapper::~FatFsWrapper()
 .text._ZN20Format_SubCmdProcess13processCmdReqEPh
                0x0800770c       0xb8 build/main.o
                0x0800770c                Format_SubCmdProcess::processCmdReq(unsigned char*)
 .text._ZN28D3_Power_Cycle_SubCmdProcess13processCmdReqEPh
                0x080077c4       0xfc build/main.o
                0x080077c4                D3_Power_Cycle_SubCmdProcess::processCmdReq(unsigned char*)
 .text._ZN12FatFsWrapper14deleteAllFilesEPKc
                0x080078c0      0x118 build/main.o
                0x080078c0                FatFsWrapper::deleteAllFiles(char const*)
 .text._ZN19Erase_SubCmdProcess13processCmdReqEPh
                0x080079d8       0x9c build/main.o
                0x080079d8                Erase_SubCmdProcess::processCmdReq(unsigned char*)
 .text.Isp_forward_data
                0x08007a74       0xb4 build/main.o
                0x08007a74                Isp_forward_data
 .text._Z8BlinkLedt
                0x08007b28       0x50 build/main.o
                0x08007b28                BlinkLed(unsigned short)
 .text._Z13UpdateSlotLedv
                0x08007b78       0x74 build/main.o
                0x08007b78                UpdateSlotLed()
 .text.Error_Handler
                0x08007bec        0x4 build/main.o
                0x08007bec                Error_Handler
 .text._Z18SystemClock_Configv
                0x08007bf0       0xa4 build/main.o
                0x08007bf0                SystemClock_Config()
 .text.main     0x08007c94      0x60c build/main.o
                0x08007c94                main
 .text._ZN15UsbIspTransportD0Ev
                0x080082a0       0x20 build/main.o
                0x080082a0                UsbIspTransport::~UsbIspTransport()
 .text._ZN17IspCmdReceiveDataD0Ev
                0x080082c0       0x20 build/main.o
                0x080082c0                IspCmdReceiveData::~IspCmdReceiveData()
 .text._ZN18IspCmdTransmitDataD0Ev
                0x080082e0       0x20 build/main.o
                0x080082e0                IspCmdTransmitData::~IspCmdTransmitData()
 .text._ZN6Darin2D0Ev
                0x08008300       0x20 build/main.o
                0x08008300                Darin2::~Darin2()
 .text._GLOBAL__sub_I_usbTransport
                0x08008320        0xe build/main.o
 .text._ZdlPvj  0x0800832e        0x8 build/cpp_minimal.o
                0x0800832e                operator delete(void*, unsigned int)
 .text.__cxa_pure_virtual
                0x08008336        0x2 build/cpp_minimal.o
                0x08008336                __cxa_pure_virtual
 .text.__cxa_guard_acquire
                0x08008338        0xa build/cpp_minimal.o
                0x08008338                __cxa_guard_acquire
 .text.__cxa_guard_release
                0x08008342        0x6 build/cpp_minimal.o
                0x08008342                __cxa_guard_release
 .text.__aeabi_atexit
                0x08008348        0x4 build/cpp_minimal.o
                0x08008348                __aeabi_atexit
 .text._ZN6Darin212prepareForRxEPKhhm
                0x0800834c       0x92 build/Darin2.o
                0x0800834c                Darin2::prepareForRx(unsigned char const*, unsigned char, unsigned long)
 .text._ZN6Darin213processRxDataEPKhhm
                0x080083de       0x7c build/Darin2.o
                0x080083de                Darin2::processRxData(unsigned char const*, unsigned char, unsigned long)
 .text._ZN6Darin215prepareDataToTxEPKhhRm
                0x0800845a       0xac build/Darin2.o
                0x0800845a                Darin2::prepareDataToTx(unsigned char const*, unsigned char, unsigned long&)
 *fill*         0x08008506        0x2 
 .text._ZN6Darin2C2Ev
                0x08008508       0x18 build/Darin2.o
                0x08008508                Darin2::Darin2()
                0x08008508                Darin2::Darin2()
 .text._ZN12FatFsWrapper15buildFilePacketEPhj
                0x08008520      0x19c build/Darin3.o
                0x08008520                FatFsWrapper::buildFilePacket(unsigned char*, unsigned int)
 .text._ZN6Darin315closeReadStreamEv
                0x080086bc       0x28 build/Darin3.o
                0x080086bc                Darin3::closeReadStream()
 .text._ZN6Darin315prepareDataToTxEPKhhRm
                0x080086e4      0x244 build/Darin3.o
                0x080086e4                Darin3::prepareDataToTx(unsigned char const*, unsigned char, unsigned long&)
 .text._ZN6Darin316closeWriteStreamEv
                0x08008928       0x2a build/Darin3.o
                0x08008928                Darin3::closeWriteStream()
 *fill*         0x08008952        0x2 
 .text._ZN6Darin3D2Ev
                0x08008954       0x50 build/Darin3.o
                0x08008954                Darin3::~Darin3()
                0x08008954                Darin3::~Darin3()
 .text._ZN6Darin3D0Ev
                0x080089a4       0x16 build/Darin3.o
                0x080089a4                Darin3::~Darin3()
 *fill*         0x080089ba        0x2 
 .text._ZN6Darin312prepareForRxEPKhhm
                0x080089bc      0x1a4 build/Darin3.o
                0x080089bc                Darin3::prepareForRx(unsigned char const*, unsigned char, unsigned long)
 .text._ZN6Darin313processRxDataEPKhhm
                0x08008b60       0x54 build/Darin3.o
                0x08008b60                Darin3::processRxData(unsigned char const*, unsigned char, unsigned long)
 .text._ZN6Darin321registerAllKnownFilesEv
                0x08008bb4     0x1158 build/Darin3.o
                0x08008bb4                Darin3::registerAllKnownFiles()
 .text._ZN6Darin3C2Ev
                0x08009d0c       0xec build/Darin3.o
                0x08009d0c                Darin3::Darin3()
                0x08009d0c                Darin3::Darin3()
 .text._ZNK15UsbIspTransport4nameEv
                0x08009df8        0x8 build/SerialTransport.o
                0x08009df8                UsbIspTransport::name() const
 .text._ZN15UsbIspTransport8transmitEPVKhj
                0x08009e00       0x12 build/SerialTransport.o
                0x08009e00                UsbIspTransport::transmit(unsigned char const volatile*, unsigned int)
 *fill*         0x08009e12        0x2 
 .text._ZN13IspCmdControlD2Ev
                0x08009e14       0x38 build/IspCmdControl.o
                0x08009e14                IspCmdControl::~IspCmdControl()
                0x08009e14                IspCmdControl::~IspCmdControl()
 .text._ZN13IspCmdControl5matchEh
                0x08009e4c        0xa build/IspCmdControl.o
                0x08009e4c                IspCmdControl::match(unsigned char)
 .text._ZN13IspCmdControlD0Ev
                0x08009e56       0x14 build/IspCmdControl.o
                0x08009e56                IspCmdControl::~IspCmdControl()
 *fill*         0x08009e6a        0x2 
 .text._ZN13IspCmdControlC2Ev
                0x08009e6c       0x4c build/IspCmdControl.o
                0x08009e6c                IspCmdControl::IspCmdControl()
                0x08009e6c                IspCmdControl::IspCmdControl()
 .text._ZN13IspCmdControl15setSubProcessorEP22IspSubCommandProcessor
                0x08009eb8        0x4 build/IspCmdControl.o
                0x08009eb8                IspCmdControl::setSubProcessor(IspSubCommandProcessor*)
 .text._ZN13IspCmdControl11findHandlerE13IspSubCommand
                0x08009ebc       0x3c build/IspCmdControl.o
                0x08009ebc                IspCmdControl::findHandler(IspSubCommand)
 .text._ZN13IspCmdControl7executeEPhm
                0x08009ef8       0xac build/IspCmdControl.o
                0x08009ef8                IspCmdControl::execute(unsigned char*, unsigned long)
 .text._ZN13IspCmdControl22registerSubCmdHandlersEP21IIspSubCommandHandler
                0x08009fa4       0x3c build/IspCmdControl.o
                0x08009fa4                IspCmdControl::registerSubCmdHandlers(IIspSubCommandHandler*)
 .text._ZN17IspCmdReceiveData5matchEh
                0x08009fe0       0x14 build/IspCmdReceiveData.o
                0x08009fe0                IspCmdReceiveData::match(unsigned char)
 .text._ZN17IspCmdReceiveData15setSubProcessorEP22IspSubCommandProcessor
                0x08009ff4        0x4 build/IspCmdReceiveData.o
                0x08009ff4                IspCmdReceiveData::setSubProcessor(IspSubCommandProcessor*)
 .text._ZN17IspCmdReceiveData5resetEv
                0x08009ff8        0xe build/IspCmdReceiveData.o
                0x08009ff8                IspCmdReceiveData::reset()
 *fill*         0x0800a006        0x2 
 .text._ZN17IspCmdReceiveDataC2Ev
                0x0800a008       0x24 build/IspCmdReceiveData.o
                0x0800a008                IspCmdReceiveData::IspCmdReceiveData()
                0x0800a008                IspCmdReceiveData::IspCmdReceiveData()
 .text._ZN17IspCmdReceiveData7sendAckEt14IspReturnCodes
                0x0800a02c       0x9a build/IspCmdReceiveData.o
                0x0800a02c                IspCmdReceiveData::sendAck(unsigned short, IspReturnCodes)
 .text._ZN17IspCmdReceiveData8sendNackEt14IspReturnCodes
                0x0800a0c6       0x9c build/IspCmdReceiveData.o
                0x0800a0c6                IspCmdReceiveData::sendNack(unsigned short, IspReturnCodes)
 .text._ZN17IspCmdReceiveData11sendDoneAckE14IspReturnCodes
                0x0800a162       0x9e build/IspCmdReceiveData.o
                0x0800a162                IspCmdReceiveData::sendDoneAck(IspReturnCodes)
 .text._ZN17IspCmdReceiveData15handleDataChunkEPKhm
                0x0800a200      0x140 build/IspCmdReceiveData.o
                0x0800a200                IspCmdReceiveData::handleDataChunk(unsigned char const*, unsigned long)
 .text._ZN17IspCmdReceiveData9sendRXAckEh
                0x0800a340       0x92 build/IspCmdReceiveData.o
                0x0800a340                IspCmdReceiveData::sendRXAck(unsigned char)
 .text._ZN17IspCmdReceiveData10sendRXNackEh14IspReturnCodes
                0x0800a3d2       0x9c build/IspCmdReceiveData.o
                0x0800a3d2                IspCmdReceiveData::sendRXNack(unsigned char, IspReturnCodes)
 .text._ZN17IspCmdReceiveData18handleStartCommandEPKhm
                0x0800a46e       0x72 build/IspCmdReceiveData.o
                0x0800a46e                IspCmdReceiveData::handleStartCommand(unsigned char const*, unsigned long)
 .text._ZN17IspCmdReceiveData7executeEPhm
                0x0800a4e0       0x2c build/IspCmdReceiveData.o
                0x0800a4e0                IspCmdReceiveData::execute(unsigned char*, unsigned long)
 .text._ZN18IspCmdTransmitData5matchEh
                0x0800a50c       0x3c build/IspCmdTransmitData.o
                0x0800a50c                IspCmdTransmitData::match(unsigned char)
 .text._ZN18IspCmdTransmitDataC2Ev
                0x0800a548       0x24 build/IspCmdTransmitData.o
                0x0800a548                IspCmdTransmitData::IspCmdTransmitData()
                0x0800a548                IspCmdTransmitData::IspCmdTransmitData()
 .text._ZN18IspCmdTransmitData15setSubProcessorEP22IspSubCommandProcessor
                0x0800a56c        0x4 build/IspCmdTransmitData.o
                0x0800a56c                IspCmdTransmitData::setSubProcessor(IspSubCommandProcessor*)
 .text._ZN18IspCmdTransmitData13setDataToSendEm
                0x0800a570        0xc build/IspCmdTransmitData.o
                0x0800a570                IspCmdTransmitData::setDataToSend(unsigned long)
 .text._ZN18IspCmdTransmitData13handleAckDoneEv
                0x0800a57c        0x6 build/IspCmdTransmitData.o
                0x0800a57c                IspCmdTransmitData::handleAckDone()
 .text._ZN18IspCmdTransmitData10sendTXNackEhh
                0x0800a582       0x9c build/IspCmdTransmitData.o
                0x0800a582                IspCmdTransmitData::sendTXNack(unsigned char, unsigned char)
 *fill*         0x0800a61e        0x2 
 .text._ZN18IspCmdTransmitData14sendNextPacketEt
                0x0800a620      0x1c0 build/IspCmdTransmitData.o
                0x0800a620                IspCmdTransmitData::sendNextPacket(unsigned short)
 .text._ZN18IspCmdTransmitData17startTransmissionEv
                0x0800a7e0       0x16 build/IspCmdTransmitData.o
                0x0800a7e0                IspCmdTransmitData::startTransmission()
 *fill*         0x0800a7f6        0x2 
 .text._ZN18IspCmdTransmitData23resendPacketForSequenceEt
                0x0800a7f8       0xf8 build/IspCmdTransmitData.o
                0x0800a7f8                IspCmdTransmitData::resendPacketForSequence(unsigned short)
 .text._ZN18IspCmdTransmitData9handleAckEPhm
                0x0800a8f0       0x40 build/IspCmdTransmitData.o
                0x0800a8f0                IspCmdTransmitData::handleAck(unsigned char*, unsigned long)
 .text._ZN18IspCmdTransmitData5resetEv
                0x0800a930       0x14 build/IspCmdTransmitData.o
                0x0800a930                IspCmdTransmitData::reset()
 .text._ZN18IspCmdTransmitData13handleTxResetEv
                0x0800a944        0x8 build/IspCmdTransmitData.o
                0x0800a944                IspCmdTransmitData::handleTxReset()
 .text._ZN18IspCmdTransmitData19handleTxDataCommandEPhm
                0x0800a94c       0x6a build/IspCmdTransmitData.o
                0x0800a94c                IspCmdTransmitData::handleTxDataCommand(unsigned char*, unsigned long)
 .text._ZN18IspCmdTransmitData10handleNackEPhm
                0x0800a9b6       0x30 build/IspCmdTransmitData.o
                0x0800a9b6                IspCmdTransmitData::handleNack(unsigned char*, unsigned long)
 .text._ZN18IspCmdTransmitData7executeEPhm
                0x0800a9e6       0x3e build/IspCmdTransmitData.o
                0x0800a9e6                IspCmdTransmitData::execute(unsigned char*, unsigned long)
 .text._ZN17IspCommandManagerC2Ev
                0x0800aa24       0x1e build/IspCommandManager.o
                0x0800aa24                IspCommandManager::IspCommandManager()
                0x0800aa24                IspCommandManager::IspCommandManager()
 .text._ZN17IspCommandManager10addHandlerEP17IspCommandHandler
                0x0800aa42       0x14 build/IspCommandManager.o
                0x0800aa42                IspCommandManager::addHandler(IspCommandHandler*)
 .text._ZN17IspCommandManager10handleDataEPhm
                0x0800aa56       0x42 build/IspCommandManager.o
                0x0800aa56                IspCommandManager::handleData(unsigned char*, unsigned long)
 .text._ZN17IspCommandManager10setBoardIDE10IspBoardId
                0x0800aa98        0x6 build/IspCommandManager.o
                0x0800aa98                IspCommandManager::setBoardID(IspBoardId)
 .text._ZN22IspSubCommandProcessorC2Ev
                0x0800aa9e       0x34 build/IspSubCommandProcessor.o
                0x0800aa9e                IspSubCommandProcessor::IspSubCommandProcessor()
                0x0800aa9e                IspSubCommandProcessor::IspSubCommandProcessor()
 .text._ZN22IspSubCommandProcessor15registerHandlerEhP21IIspSubCommandHandler
                0x0800aad2       0x2c build/IspSubCommandProcessor.o
                0x0800aad2                IspSubCommandProcessor::registerHandler(unsigned char, IIspSubCommandHandler*)
 .text._ZN22IspSubCommandProcessor11findHandlerEh
                0x0800aafe       0x3a build/IspSubCommandProcessor.o
                0x0800aafe                IspSubCommandProcessor::findHandler(unsigned char)
 .text._ZN22IspSubCommandProcessor12prepareForRxEhPKhm
                0x0800ab38       0x30 build/IspSubCommandProcessor.o
                0x0800ab38                IspSubCommandProcessor::prepareForRx(unsigned char, unsigned char const*, unsigned long)
 .text._ZN22IspSubCommandProcessor19processRxSubCommandEhPKhm
                0x0800ab68       0x2c build/IspSubCommandProcessor.o
                0x0800ab68                IspSubCommandProcessor::processRxSubCommand(unsigned char, unsigned char const*, unsigned long)
 .text._ZN22IspSubCommandProcessor13prepareTxDataEhPKhRm
                0x0800ab94       0x30 build/IspSubCommandProcessor.o
                0x0800ab94                IspSubCommandProcessor::prepareTxData(unsigned char, unsigned char const*, unsigned long&)
 .text._Z19SafeWriteToTxBufferPKhmm
                0x0800abc4       0x24 build/safeBuffer.o
                0x0800abc4                SafeWriteToTxBuffer(unsigned char const*, unsigned long, unsigned long)
 .text._Z19SafeWriteToRxBufferPKhmm
                0x0800abe8       0x24 build/safeBuffer.o
                0x0800abe8                SafeWriteToRxBuffer(unsigned char const*, unsigned long, unsigned long)
 .text.Reset_Handler
                0x0800ac0c       0x50 build/startup_stm32f411vetx.o
                0x0800ac0c                Reset_Handler
 .text.Default_Handler
                0x0800ac5c        0x2 build/startup_stm32f411vetx.o
                0x0800ac5c                RTC_Alarm_IRQHandler
                0x0800ac5c                EXTI2_IRQHandler
                0x0800ac5c                SPI4_IRQHandler
                0x0800ac5c                TIM1_CC_IRQHandler
                0x0800ac5c                DMA2_Stream5_IRQHandler
                0x0800ac5c                DMA1_Stream5_IRQHandler
                0x0800ac5c                PVD_IRQHandler
                0x0800ac5c                SDIO_IRQHandler
                0x0800ac5c                TAMP_STAMP_IRQHandler
                0x0800ac5c                EXTI3_IRQHandler
                0x0800ac5c                TIM1_UP_TIM10_IRQHandler
                0x0800ac5c                I2C3_ER_IRQHandler
                0x0800ac5c                EXTI0_IRQHandler
                0x0800ac5c                I2C2_EV_IRQHandler
                0x0800ac5c                DMA1_Stream2_IRQHandler
                0x0800ac5c                FPU_IRQHandler
                0x0800ac5c                DMA2_Stream2_IRQHandler
                0x0800ac5c                SPI1_IRQHandler
                0x0800ac5c                TIM1_BRK_TIM9_IRQHandler
                0x0800ac5c                DMA2_Stream3_IRQHandler
                0x0800ac5c                USART6_IRQHandler
                0x0800ac5c                DMA2_Stream0_IRQHandler
                0x0800ac5c                TIM4_IRQHandler
                0x0800ac5c                I2C1_EV_IRQHandler
                0x0800ac5c                DMA1_Stream6_IRQHandler
                0x0800ac5c                DMA1_Stream1_IRQHandler
                0x0800ac5c                TIM3_IRQHandler
                0x0800ac5c                RCC_IRQHandler
                0x0800ac5c                Default_Handler
                0x0800ac5c                EXTI15_10_IRQHandler
                0x0800ac5c                ADC_IRQHandler
                0x0800ac5c                DMA1_Stream7_IRQHandler
                0x0800ac5c                SPI5_IRQHandler
                0x0800ac5c                TIM5_IRQHandler
                0x0800ac5c                DMA2_Stream7_IRQHandler
                0x0800ac5c                I2C3_EV_IRQHandler
                0x0800ac5c                EXTI9_5_IRQHandler
                0x0800ac5c                RTC_WKUP_IRQHandler
                0x0800ac5c                SPI2_IRQHandler
                0x0800ac5c                DMA1_Stream0_IRQHandler
                0x0800ac5c                EXTI4_IRQHandler
                0x0800ac5c                WWDG_IRQHandler
                0x0800ac5c                TIM2_IRQHandler
                0x0800ac5c                OTG_FS_WKUP_IRQHandler
                0x0800ac5c                TIM1_TRG_COM_TIM11_IRQHandler
                0x0800ac5c                EXTI1_IRQHandler
                0x0800ac5c                USART2_IRQHandler
                0x0800ac5c                I2C2_ER_IRQHandler
                0x0800ac5c                DMA2_Stream1_IRQHandler
                0x0800ac5c                FLASH_IRQHandler
                0x0800ac5c                DMA2_Stream4_IRQHandler
                0x0800ac5c                USART1_IRQHandler
                0x0800ac5c                SPI3_IRQHandler
                0x0800ac5c                DMA1_Stream4_IRQHandler
                0x0800ac5c                I2C1_ER_IRQHandler
                0x0800ac5c                DMA2_Stream6_IRQHandler
                0x0800ac5c                DMA1_Stream3_IRQHandler
 *fill*         0x0800ac5e        0x2 
 .text.__errno  0x0800ac60        0xc c:/program files (x86)/gnu arm embedded toolchain/10 2021.10/bin/../lib/gcc/arm-none-eabi/10.3.1/../../../../arm-none-eabi/lib/thumb/v7e-m+fp/hard\libc_nano.a(lib_a-errno.o)
                0x0800ac60                __errno
 .text.__libc_init_array
                0x0800ac6c       0x48 c:/program files (x86)/gnu arm embedded toolchain/10 2021.10/bin/../lib/gcc/arm-none-eabi/10.3.1/../../../../arm-none-eabi/lib/thumb/v7e-m+fp/hard\libc_nano.a(lib_a-init.o)
                0x0800ac6c                __libc_init_array
 .text.free     0x0800acb4       0x10 c:/program files (x86)/gnu arm embedded toolchain/10 2021.10/bin/../lib/gcc/arm-none-eabi/10.3.1/../../../../arm-none-eabi/lib/thumb/v7e-m+fp/hard\libc_nano.a(lib_a-malloc.o)
                0x0800acb4                free
 .text.memcmp   0x0800acc4       0x20 c:/program files (x86)/gnu arm embedded toolchain/10 2021.10/bin/../lib/gcc/arm-none-eabi/10.3.1/../../../../arm-none-eabi/lib/thumb/v7e-m+fp/hard\libc_nano.a(lib_a-memcmp.o)
                0x0800acc4                memcmp
 .text.memcpy   0x0800ace4       0x1c c:/program files (x86)/gnu arm embedded toolchain/10 2021.10/bin/../lib/gcc/arm-none-eabi/10.3.1/../../../../arm-none-eabi/lib/thumb/v7e-m+fp/hard\libc_nano.a(lib_a-memcpy-stub.o)
                0x0800ace4                memcpy
 .text.memmove  0x0800ad00       0x34 c:/program files (x86)/gnu arm embedded toolchain/10 2021.10/bin/../lib/gcc/arm-none-eabi/10.3.1/../../../../arm-none-eabi/lib/thumb/v7e-m+fp/hard\libc_nano.a(lib_a-memmove.o)
                0x0800ad00                memmove
 .text.memset   0x0800ad34       0x10 c:/program files (x86)/gnu arm embedded toolchain/10 2021.10/bin/../lib/gcc/arm-none-eabi/10.3.1/../../../../arm-none-eabi/lib/thumb/v7e-m+fp/hard\libc_nano.a(lib_a-memset.o)
                0x0800ad34                memset
 .text._free_r  0x0800ad44       0x98 c:/program files (x86)/gnu arm embedded toolchain/10 2021.10/bin/../lib/gcc/arm-none-eabi/10.3.1/../../../../arm-none-eabi/lib/thumb/v7e-m+fp/hard\libc_nano.a(lib_a-nano-freer.o)
                0x0800ad44                _free_r
 .text.sbrk_aligned
                0x0800addc       0x40 c:/program files (x86)/gnu arm embedded toolchain/10 2021.10/bin/../lib/gcc/arm-none-eabi/10.3.1/../../../../arm-none-eabi/lib/thumb/v7e-m+fp/hard\libc_nano.a(lib_a-nano-mallocr.o)
 .text._malloc_r
                0x0800ae1c       0xe8 c:/program files (x86)/gnu arm embedded toolchain/10 2021.10/bin/../lib/gcc/arm-none-eabi/10.3.1/../../../../arm-none-eabi/lib/thumb/v7e-m+fp/hard\libc_nano.a(lib_a-nano-mallocr.o)
                0x0800ae1c                _malloc_r
 .text.printf   0x0800af04       0x30 c:/program files (x86)/gnu arm embedded toolchain/10 2021.10/bin/../lib/gcc/arm-none-eabi/10.3.1/../../../../arm-none-eabi/lib/thumb/v7e-m+fp/hard\libc_nano.a(lib_a-printf.o)
                0x0800af04                iprintf
                0x0800af04                printf
 .text._sbrk_r  0x0800af34       0x20 c:/program files (x86)/gnu arm embedded toolchain/10 2021.10/bin/../lib/gcc/arm-none-eabi/10.3.1/../../../../arm-none-eabi/lib/thumb/v7e-m+fp/hard\libc_nano.a(lib_a-sbrkr.o)
                0x0800af34                _sbrk_r
 .text.strchr   0x0800af54       0x1a c:/program files (x86)/gnu arm embedded toolchain/10 2021.10/bin/../lib/gcc/arm-none-eabi/10.3.1/../../../../arm-none-eabi/lib/thumb/v7e-m+fp/hard\libc_nano.a(lib_a-strchr.o)
                0x0800af54                strchr
 *fill*         0x0800af6e        0x2 
 .text.std      0x0800af70       0x48 c:/program files (x86)/gnu arm embedded toolchain/10 2021.10/bin/../lib/gcc/arm-none-eabi/10.3.1/../../../../arm-none-eabi/lib/thumb/v7e-m+fp/hard\libc_nano.a(lib_a-findfp.o)
 .text._cleanup_r
                0x0800afb8        0xc c:/program files (x86)/gnu arm embedded toolchain/10 2021.10/bin/../lib/gcc/arm-none-eabi/10.3.1/../../../../arm-none-eabi/lib/thumb/v7e-m+fp/hard\libc_nano.a(lib_a-findfp.o)
                0x0800afb8                _cleanup_r
 .text.__sfmoreglue
                0x0800afc4       0x2c c:/program files (x86)/gnu arm embedded toolchain/10 2021.10/bin/../lib/gcc/arm-none-eabi/10.3.1/../../../../arm-none-eabi/lib/thumb/v7e-m+fp/hard\libc_nano.a(lib_a-findfp.o)
                0x0800afc4                __sfmoreglue
 .text.__sfp_lock_acquire
                0x0800aff0        0xc c:/program files (x86)/gnu arm embedded toolchain/10 2021.10/bin/../lib/gcc/arm-none-eabi/10.3.1/../../../../arm-none-eabi/lib/thumb/v7e-m+fp/hard\libc_nano.a(lib_a-findfp.o)
                0x0800aff0                __sfp_lock_acquire
 .text.__sfp_lock_release
                0x0800affc        0xc c:/program files (x86)/gnu arm embedded toolchain/10 2021.10/bin/../lib/gcc/arm-none-eabi/10.3.1/../../../../arm-none-eabi/lib/thumb/v7e-m+fp/hard\libc_nano.a(lib_a-findfp.o)
                0x0800affc                __sfp_lock_release
 .text.__sinit_lock_acquire
                0x0800b008        0xc c:/program files (x86)/gnu arm embedded toolchain/10 2021.10/bin/../lib/gcc/arm-none-eabi/10.3.1/../../../../arm-none-eabi/lib/thumb/v7e-m+fp/hard\libc_nano.a(lib_a-findfp.o)
                0x0800b008                __sinit_lock_acquire
 .text.__sinit_lock_release
                0x0800b014        0xc c:/program files (x86)/gnu arm embedded toolchain/10 2021.10/bin/../lib/gcc/arm-none-eabi/10.3.1/../../../../arm-none-eabi/lib/thumb/v7e-m+fp/hard\libc_nano.a(lib_a-findfp.o)
                0x0800b014                __sinit_lock_release
 .text.__sinit  0x0800b020       0x70 c:/program files (x86)/gnu arm embedded toolchain/10 2021.10/bin/../lib/gcc/arm-none-eabi/10.3.1/../../../../arm-none-eabi/lib/thumb/v7e-m+fp/hard\libc_nano.a(lib_a-findfp.o)
                0x0800b020                __sinit
 .text.__sfp    0x0800b090       0x8c c:/program files (x86)/gnu arm embedded toolchain/10 2021.10/bin/../lib/gcc/arm-none-eabi/10.3.1/../../../../arm-none-eabi/lib/thumb/v7e-m+fp/hard\libc_nano.a(lib_a-findfp.o)
                0x0800b090                __sfp
 .text._fwalk_reent
                0x0800b11c       0x3e c:/program files (x86)/gnu arm embedded toolchain/10 2021.10/bin/../lib/gcc/arm-none-eabi/10.3.1/../../../../arm-none-eabi/lib/thumb/v7e-m+fp/hard\libc_nano.a(lib_a-fwalk.o)
                0x0800b11c                _fwalk_reent
 .text.__retarget_lock_init_recursive
                0x0800b15a        0x2 c:/program files (x86)/gnu arm embedded toolchain/10 2021.10/bin/../lib/gcc/arm-none-eabi/10.3.1/../../../../arm-none-eabi/lib/thumb/v7e-m+fp/hard\libc_nano.a(lib_a-lock.o)
                0x0800b15a                __retarget_lock_init_recursive
 .text.__retarget_lock_acquire_recursive
                0x0800b15c        0x2 c:/program files (x86)/gnu arm embedded toolchain/10 2021.10/bin/../lib/gcc/arm-none-eabi/10.3.1/../../../../arm-none-eabi/lib/thumb/v7e-m+fp/hard\libc_nano.a(lib_a-lock.o)
                0x0800b15c                __retarget_lock_acquire_recursive
 .text.__retarget_lock_release_recursive
                0x0800b15e        0x2 c:/program files (x86)/gnu arm embedded toolchain/10 2021.10/bin/../lib/gcc/arm-none-eabi/10.3.1/../../../../arm-none-eabi/lib/thumb/v7e-m+fp/hard\libc_nano.a(lib_a-lock.o)
                0x0800b15e                __retarget_lock_release_recursive
 .text.__malloc_lock
                0x0800b160        0xc c:/program files (x86)/gnu arm embedded toolchain/10 2021.10/bin/../lib/gcc/arm-none-eabi/10.3.1/../../../../arm-none-eabi/lib/thumb/v7e-m+fp/hard\libc_nano.a(lib_a-mlock.o)
                0x0800b160                __malloc_lock
 .text.__malloc_unlock
                0x0800b16c        0xc c:/program files (x86)/gnu arm embedded toolchain/10 2021.10/bin/../lib/gcc/arm-none-eabi/10.3.1/../../../../arm-none-eabi/lib/thumb/v7e-m+fp/hard\libc_nano.a(lib_a-mlock.o)
                0x0800b16c                __malloc_unlock
 .text.__sfputc_r
                0x0800b178       0x2e c:/program files (x86)/gnu arm embedded toolchain/10 2021.10/bin/../lib/gcc/arm-none-eabi/10.3.1/../../../../arm-none-eabi/lib/thumb/v7e-m+fp/hard\libc_nano.a(lib_a-nano-vfprintf.o)
 .text.__sfputs_r
                0x0800b1a6       0x24 c:/program files (x86)/gnu arm embedded toolchain/10 2021.10/bin/../lib/gcc/arm-none-eabi/10.3.1/../../../../arm-none-eabi/lib/thumb/v7e-m+fp/hard\libc_nano.a(lib_a-nano-vfprintf.o)
                0x0800b1a6                __sfputs_r
 *fill*         0x0800b1ca        0x2 
 .text._vfprintf_r
                0x0800b1cc      0x260 c:/program files (x86)/gnu arm embedded toolchain/10 2021.10/bin/../lib/gcc/arm-none-eabi/10.3.1/../../../../arm-none-eabi/lib/thumb/v7e-m+fp/hard\libc_nano.a(lib_a-nano-vfprintf.o)
                0x0800b1cc                _vfprintf_r
                0x0800b1cc                _vfiprintf_r
 .text._printf_common
                0x0800b42c       0xda c:/program files (x86)/gnu arm embedded toolchain/10 2021.10/bin/../lib/gcc/arm-none-eabi/10.3.1/../../../../arm-none-eabi/lib/thumb/v7e-m+fp/hard\libc_nano.a(lib_a-nano-vfprintf_i.o)
                0x0800b42c                _printf_common
 *fill*         0x0800b506        0x2 
 .text._printf_i
                0x0800b508      0x24c c:/program files (x86)/gnu arm embedded toolchain/10 2021.10/bin/../lib/gcc/arm-none-eabi/10.3.1/../../../../arm-none-eabi/lib/thumb/v7e-m+fp/hard\libc_nano.a(lib_a-nano-vfprintf_i.o)
                0x0800b508                _printf_i
 .text.__sread  0x0800b754       0x22 c:/program files (x86)/gnu arm embedded toolchain/10 2021.10/bin/../lib/gcc/arm-none-eabi/10.3.1/../../../../arm-none-eabi/lib/thumb/v7e-m+fp/hard\libc_nano.a(lib_a-stdio.o)
                0x0800b754                __sread
 .text.__swrite
                0x0800b776       0x38 c:/program files (x86)/gnu arm embedded toolchain/10 2021.10/bin/../lib/gcc/arm-none-eabi/10.3.1/../../../../arm-none-eabi/lib/thumb/v7e-m+fp/hard\libc_nano.a(lib_a-stdio.o)
                0x0800b776                __swrite
 .text.__sseek  0x0800b7ae       0x24 c:/program files (x86)/gnu arm embedded toolchain/10 2021.10/bin/../lib/gcc/arm-none-eabi/10.3.1/../../../../arm-none-eabi/lib/thumb/v7e-m+fp/hard\libc_nano.a(lib_a-stdio.o)
                0x0800b7ae                __sseek
 .text.__sclose
                0x0800b7d2        0x8 c:/program files (x86)/gnu arm embedded toolchain/10 2021.10/bin/../lib/gcc/arm-none-eabi/10.3.1/../../../../arm-none-eabi/lib/thumb/v7e-m+fp/hard\libc_nano.a(lib_a-stdio.o)
                0x0800b7d2                __sclose
 *fill*         0x0800b7da        0x2 
 .text.__swbuf_r
                0x0800b7dc       0xa4 c:/program files (x86)/gnu arm embedded toolchain/10 2021.10/bin/../lib/gcc/arm-none-eabi/10.3.1/../../../../arm-none-eabi/lib/thumb/v7e-m+fp/hard\libc_nano.a(lib_a-wbuf.o)
                0x0800b7dc                __swbuf_r
 .text._write_r
                0x0800b880       0x24 c:/program files (x86)/gnu arm embedded toolchain/10 2021.10/bin/../lib/gcc/arm-none-eabi/10.3.1/../../../../arm-none-eabi/lib/thumb/v7e-m+fp/hard\libc_nano.a(lib_a-writer.o)
                0x0800b880                _write_r
 .text.__swsetup_r
                0x0800b8a4       0xdc c:/program files (x86)/gnu arm embedded toolchain/10 2021.10/bin/../lib/gcc/arm-none-eabi/10.3.1/../../../../arm-none-eabi/lib/thumb/v7e-m+fp/hard\libc_nano.a(lib_a-wsetup.o)
                0x0800b8a4                __swsetup_r
 .text._close_r
                0x0800b980       0x20 c:/program files (x86)/gnu arm embedded toolchain/10 2021.10/bin/../lib/gcc/arm-none-eabi/10.3.1/../../../../arm-none-eabi/lib/thumb/v7e-m+fp/hard\libc_nano.a(lib_a-closer.o)
                0x0800b980                _close_r
 .text.__sflush_r
                0x0800b9a0      0x10c c:/program files (x86)/gnu arm embedded toolchain/10 2021.10/bin/../lib/gcc/arm-none-eabi/10.3.1/../../../../arm-none-eabi/lib/thumb/v7e-m+fp/hard\libc_nano.a(lib_a-fflush.o)
                0x0800b9a0                __sflush_r
 .text._fflush_r
                0x0800baac       0x78 c:/program files (x86)/gnu arm embedded toolchain/10 2021.10/bin/../lib/gcc/arm-none-eabi/10.3.1/../../../../arm-none-eabi/lib/thumb/v7e-m+fp/hard\libc_nano.a(lib_a-fflush.o)
                0x0800baac                _fflush_r
 .text._lseek_r
                0x0800bb24       0x24 c:/program files (x86)/gnu arm embedded toolchain/10 2021.10/bin/../lib/gcc/arm-none-eabi/10.3.1/../../../../arm-none-eabi/lib/thumb/v7e-m+fp/hard\libc_nano.a(lib_a-lseekr.o)
                0x0800bb24                _lseek_r
 .text.__swhatbuf_r
                0x0800bb48       0x4a c:/program files (x86)/gnu arm embedded toolchain/10 2021.10/bin/../lib/gcc/arm-none-eabi/10.3.1/../../../../arm-none-eabi/lib/thumb/v7e-m+fp/hard\libc_nano.a(lib_a-makebuf.o)
                0x0800bb48                __swhatbuf_r
 *fill*         0x0800bb92        0x2 
 .text.__smakebuf_r
                0x0800bb94       0x80 c:/program files (x86)/gnu arm embedded toolchain/10 2021.10/bin/../lib/gcc/arm-none-eabi/10.3.1/../../../../arm-none-eabi/lib/thumb/v7e-m+fp/hard\libc_nano.a(lib_a-makebuf.o)
                0x0800bb94                __smakebuf_r
 .text._read_r  0x0800bc14       0x24 c:/program files (x86)/gnu arm embedded toolchain/10 2021.10/bin/../lib/gcc/arm-none-eabi/10.3.1/../../../../arm-none-eabi/lib/thumb/v7e-m+fp/hard\libc_nano.a(lib_a-readr.o)
                0x0800bc14                _read_r
 .text._fstat_r
                0x0800bc38       0x24 c:/program files (x86)/gnu arm embedded toolchain/10 2021.10/bin/../lib/gcc/arm-none-eabi/10.3.1/../../../../arm-none-eabi/lib/thumb/v7e-m+fp/hard\libc_nano.a(lib_a-fstatr.o)
                0x0800bc38                _fstat_r
 .text._isatty_r
                0x0800bc5c       0x20 c:/program files (x86)/gnu arm embedded toolchain/10 2021.10/bin/../lib/gcc/arm-none-eabi/10.3.1/../../../../arm-none-eabi/lib/thumb/v7e-m+fp/hard\libc_nano.a(lib_a-isattyr.o)
                0x0800bc5c                _isatty_r
 *(.glue_7)
 .glue_7        0x0800bc7c        0x0 linker stubs
 *(.glue_7t)
 .glue_7t       0x0800bc7c        0x0 linker stubs
 *(.eh_frame)
 .eh_frame      0x0800bc7c        0x0 c:/program files (x86)/gnu arm embedded toolchain/10 2021.10/bin/../lib/gcc/arm-none-eabi/10.3.1/thumb/v7e-m+fp/hard/crtbegin.o
 *(.init)
 .init          0x0800bc7c        0x4 c:/program files (x86)/gnu arm embedded toolchain/10 2021.10/bin/../lib/gcc/arm-none-eabi/10.3.1/thumb/v7e-m+fp/hard/crti.o
                0x0800bc7c                _init
 .init          0x0800bc80        0x8 c:/program files (x86)/gnu arm embedded toolchain/10 2021.10/bin/../lib/gcc/arm-none-eabi/10.3.1/thumb/v7e-m+fp/hard/crtn.o
 *(.fini)
 .fini          0x0800bc88        0x4 c:/program files (x86)/gnu arm embedded toolchain/10 2021.10/bin/../lib/gcc/arm-none-eabi/10.3.1/thumb/v7e-m+fp/hard/crti.o
                0x0800bc88                _fini
 .fini          0x0800bc8c        0x8 c:/program files (x86)/gnu arm embedded toolchain/10 2021.10/bin/../lib/gcc/arm-none-eabi/10.3.1/thumb/v7e-m+fp/hard/crtn.o
                0x0800bc94                . = ALIGN (0x4)
                0x0800bc94                _etext = .

.vfp11_veneer   0x0800bc94        0x0
 .vfp11_veneer  0x0800bc94        0x0 linker stubs

.v4_bx          0x0800bc94        0x0
 .v4_bx         0x0800bc94        0x0 linker stubs

.iplt           0x0800bc94        0x0
 .iplt          0x0800bc94        0x0 c:/program files (x86)/gnu arm embedded toolchain/10 2021.10/bin/../lib/gcc/arm-none-eabi/10.3.1/thumb/v7e-m+fp/hard/crtbegin.o

.rodata         0x0800bc94      0x898
                0x0800bc94                . = ALIGN (0x4)
 *(.rodata)
 *(.rodata*)
 .rodata.GREEN_LED
                0x0800bc94        0x8 build/Darin2Cart_Driver.o
 .rodata.RED_LED
                0x0800bc9c        0x8 build/Darin2Cart_Driver.o
 .rodata.SLT_PINS
                0x0800bca4        0x8 build/Darin2Cart_Driver.o
 .rodata.GREEN_LED
                0x0800bcac        0x8 build/Darin3Cart_Driver.o
 .rodata.USBD_FS_ProductStrDescriptor.str1.4
                0x0800bcb4       0x16 build/usbd_desc.o
 *fill*         0x0800bcca        0x2 
 .rodata.USBD_FS_ManufacturerStrDescriptor.str1.4
                0x0800bccc       0x13 build/usbd_desc.o
 *fill*         0x0800bcdf        0x1 
 .rodata.USBD_FS_ConfigStrDescriptor.str1.4
                0x0800bce0        0xb build/usbd_desc.o
 *fill*         0x0800bceb        0x1 
 .rodata.USBD_FS_InterfaceStrDescriptor.str1.4
                0x0800bcec        0xe build/usbd_desc.o
 *fill*         0x0800bcfa        0x2 
 .rodata.AHBPrescTable
                0x0800bcfc       0x10 build/system_stm32f4xx.o
                0x0800bcfc                AHBPrescTable
 .rodata.check_fs.str1.4
                0x0800bd0c        0x9 build/ff.o
 *fill*         0x0800bd15        0x3 
 .rodata.create_name.str1.4
                0x0800bd18        0xf build/ff.o
 *fill*         0x0800bd27        0x1 
 .rodata.f_mkfs.str1.4
                0x0800bd28       0x34 build/ff.o
 .rodata.cst.0  0x0800bd5c        0xe build/ff.o
 *fill*         0x0800bd6a        0x2 
 .rodata.cst32.1
                0x0800bd6c        0xe build/ff.o
 *fill*         0x0800bd7a        0x2 
 .rodata.defopt.2
                0x0800bd7c       0x10 build/ff.o
 .rodata._ZN29FirmwareVersion_SubCmdProcess13processCmdReqEPh.str1.4
                0x0800bd8c        0x4 build/main.o
 .rodata._ZNK21IspTransportInterface4nameEv.str1.4
                0x0800bd90       0x11 build/main.o
 .rodata._ZN12FatFsWrapperD2Ev.str1.4
                0x0800bda1       0x11 build/main.o
                                  0x1 (size before relaxing)
 *fill*         0x0800bda1        0x3 
 .rodata._ZN20Format_SubCmdProcess13processCmdReqEPh.str1.4
                0x0800bda4        0x2 build/main.o
 *fill*         0x0800bda6        0x2 
 .rodata._ZN12FatFsWrapper14deleteAllFilesEPKc.str1.4
                0x0800bda8        0x7 build/main.o
 *fill*         0x0800bdaf        0x1 
 .rodata._ZTV21IIspSubCommandHandler
                0x0800bdb0       0x2c build/main.o
                0x0800bdb0                vtable for IIspSubCommandHandler
 .rodata._ZTV19Erase_SubCmdProcess
                0x0800bddc       0x2c build/main.o
                0x0800bddc                vtable for Erase_SubCmdProcess
 .rodata._ZTV29FirmwareVersion_SubCmdProcess
                0x0800be08       0x2c build/main.o
                0x0800be08                vtable for FirmwareVersion_SubCmdProcess
 .rodata._ZTV21BoardID_SubCmdProcess
                0x0800be34       0x2c build/main.o
                0x0800be34                vtable for BoardID_SubCmdProcess
 .rodata._ZTV24CartStatus_SubCmdProcess
                0x0800be60       0x2c build/main.o
                0x0800be60                vtable for CartStatus_SubCmdProcess
 .rodata._ZTV24GuiCtrlLed_SubCmdProcess
                0x0800be8c       0x2c build/main.o
                0x0800be8c                vtable for GuiCtrlLed_SubCmdProcess
 .rodata._ZTV22GreenLed_SubCmdProcess
                0x0800beb8       0x2c build/main.o
                0x0800beb8                vtable for GreenLed_SubCmdProcess
 .rodata._ZTV20RedLed_SubCmdProcess
                0x0800bee4       0x2c build/main.o
                0x0800bee4                vtable for RedLed_SubCmdProcess
 .rodata._ZTV20Format_SubCmdProcess
                0x0800bf10       0x2c build/main.o
                0x0800bf10                vtable for Format_SubCmdProcess
 .rodata._ZTV25LedLoopBack_SubCmdProcess
                0x0800bf3c       0x2c build/main.o
                0x0800bf3c                vtable for LedLoopBack_SubCmdProcess
 .rodata._ZTV28D3_Power_Cycle_SubCmdProcess
                0x0800bf68       0x2c build/main.o
                0x0800bf68                vtable for D3_Power_Cycle_SubCmdProcess
 .rodata._ZTV21IspTransportInterface
                0x0800bf94       0x24 build/main.o
                0x0800bf94                vtable for IspTransportInterface
 .rodata._ZTV17IspCommandHandler
                0x0800bfb8       0x1c build/main.o
                0x0800bfb8                vtable for IspCommandHandler
 .rodata._ZTV6Darin2
                0x0800bfd4       0x2c build/Darin2.o
                0x0800bfd4                vtable for Darin2
 .rodata._ZN12FatFsWrapperD2Ev.str1.4
                0x0800c000        0x1 build/Darin3.o
 .rodata._ZN12FatFsWrapper15buildFilePacketEPhj.str1.4
                0x0800c000        0x2 build/Darin3.o
 .rodata._ZN6Darin321registerAllKnownFilesEv.str1.4
                0x0800c000      0x157 build/Darin3.o
 *fill*         0x0800c157        0x1 
 .rodata.str1.4
                0x0800c158      0x157 build/Darin3.o
 *fill*         0x0800c2af        0x1 
 .rodata._ZZN12FatFsWrapper13getKnownFilesEvE11kKnownFiles
                0x0800c2b0       0xe8 build/Darin3.o
                0x0800c2b0                FatFsWrapper::getKnownFiles()::kKnownFiles
 .rodata._ZTV6Darin3
                0x0800c398       0x2c build/Darin3.o
                0x0800c398                vtable for Darin3
 .rodata._ZNK15UsbIspTransport4nameEv.str1.4
                0x0800c3c4        0x8 build/SerialTransport.o
 .rodata._ZTV15UsbIspTransport
                0x0800c3cc       0x24 build/SerialTransport.o
                0x0800c3cc                vtable for UsbIspTransport
 .rodata._ZTV13IspCmdControl
                0x0800c3f0       0x1c build/IspCmdControl.o
                0x0800c3f0                vtable for IspCmdControl
 .rodata._ZTV17IspCmdReceiveData
                0x0800c40c       0x1c build/IspCmdReceiveData.o
                0x0800c40c                vtable for IspCmdReceiveData
 .rodata._ZTV18IspCmdTransmitData
                0x0800c428       0x1c build/IspCmdTransmitData.o
                0x0800c428                vtable for IspCmdTransmitData
 .rodata._ZN22IspSubCommandProcessor12prepareForRxEhPKhm.str1.4
                0x0800c444       0x28 build/IspSubCommandProcessor.o
 .rodata._ZN22IspSubCommandProcessor13prepareTxDataEhPKhRm.str1.4
                0x0800c46c       0x28 build/IspSubCommandProcessor.o
 .rodata._global_impure_ptr