Archive member included to satisfy reference by file (symbol)

c:/program files (x86)/gnu arm embedded toolchain/10 2021.10/bin/../lib/gcc/arm-none-eabi/10.3.1/../../../../arm-none-eabi/lib/thumb/v7e-m+fp/hard\libc_nano.a(lib_a-errno.o)
                              build/sysmem.o (__errno)
c:/program files (x86)/gnu arm embedded toolchain/10 2021.10/bin/../lib/gcc/arm-none-eabi/10.3.1/../../../../arm-none-eabi/lib/thumb/v7e-m+fp/hard\libc_nano.a(lib_a-exit.o)
                              c:/program files (x86)/gnu arm embedded toolchain/10 2021.10/bin/../lib/gcc/arm-none-eabi/10.3.1/../../../../arm-none-eabi/lib/thumb/v7e-m+fp/hard/crt0.o (exit)
c:/program files (x86)/gnu arm embedded toolchain/10 2021.10/bin/../lib/gcc/arm-none-eabi/10.3.1/../../../../arm-none-eabi/lib/thumb/v7e-m+fp/hard\libc_nano.a(lib_a-impure.o)
                              c:/program files (x86)/gnu arm embedded toolchain/10 2021.10/bin/../lib/gcc/arm-none-eabi/10.3.1/../../../../arm-none-eabi/lib/thumb/v7e-m+fp/hard\libc_nano.a(lib_a-exit.o) (_global_impure_ptr)
c:/program files (x86)/gnu arm embedded toolchain/10 2021.10/bin/../lib/gcc/arm-none-eabi/10.3.1/../../../../arm-none-eabi/lib/thumb/v7e-m+fp/hard\libc_nano.a(lib_a-init.o)
                              c:/program files (x86)/gnu arm embedded toolchain/10 2021.10/bin/../lib/gcc/arm-none-eabi/10.3.1/../../../../arm-none-eabi/lib/thumb/v7e-m+fp/hard/crt0.o (__libc_init_array)
c:/program files (x86)/gnu arm embedded toolchain/10 2021.10/bin/../lib/gcc/arm-none-eabi/10.3.1/../../../../arm-none-eabi/lib/thumb/v7e-m+fp/hard\libc_nano.a(lib_a-malloc.o)
                              build/cpp_minimal.o (malloc)
c:/program files (x86)/gnu arm embedded toolchain/10 2021.10/bin/../lib/gcc/arm-none-eabi/10.3.1/../../../../arm-none-eabi/lib/thumb/v7e-m+fp/hard\libc_nano.a(lib_a-memcpy-stub.o)
                              build/IspCmdTransmitData.o (memcpy)
c:/program files (x86)/gnu arm embedded toolchain/10 2021.10/bin/../lib/gcc/arm-none-eabi/10.3.1/../../../../arm-none-eabi/lib/thumb/v7e-m+fp/hard\libc_nano.a(lib_a-memmove.o)
                              build/IspCmdReceiveData.o (memmove)
c:/program files (x86)/gnu arm embedded toolchain/10 2021.10/bin/../lib/gcc/arm-none-eabi/10.3.1/../../../../arm-none-eabi/lib/thumb/v7e-m+fp/hard\libc_nano.a(lib_a-memset.o)
                              c:/program files (x86)/gnu arm embedded toolchain/10 2021.10/bin/../lib/gcc/arm-none-eabi/10.3.1/../../../../arm-none-eabi/lib/thumb/v7e-m+fp/hard/crt0.o (memset)
c:/program files (x86)/gnu arm embedded toolchain/10 2021.10/bin/../lib/gcc/arm-none-eabi/10.3.1/../../../../arm-none-eabi/lib/thumb/v7e-m+fp/hard\libc_nano.a(lib_a-nano-freer.o)
                              c:/program files (x86)/gnu arm embedded toolchain/10 2021.10/bin/../lib/gcc/arm-none-eabi/10.3.1/../../../../arm-none-eabi/lib/thumb/v7e-m+fp/hard\libc_nano.a(lib_a-malloc.o) (_free_r)
c:/program files (x86)/gnu arm embedded toolchain/10 2021.10/bin/../lib/gcc/arm-none-eabi/10.3.1/../../../../arm-none-eabi/lib/thumb/v7e-m+fp/hard\libc_nano.a(lib_a-nano-mallocr.o)
                              c:/program files (x86)/gnu arm embedded toolchain/10 2021.10/bin/../lib/gcc/arm-none-eabi/10.3.1/../../../../arm-none-eabi/lib/thumb/v7e-m+fp/hard\libc_nano.a(lib_a-malloc.o) (_malloc_r)
c:/program files (x86)/gnu arm embedded toolchain/10 2021.10/bin/../lib/gcc/arm-none-eabi/10.3.1/../../../../arm-none-eabi/lib/thumb/v7e-m+fp/hard\libc_nano.a(lib_a-printf.o)
                              build/IspSubCommandProcessor.o (printf)
c:/program files (x86)/gnu arm embedded toolchain/10 2021.10/bin/../lib/gcc/arm-none-eabi/10.3.1/../../../../arm-none-eabi/lib/thumb/v7e-m+fp/hard\libc_nano.a(lib_a-sbrkr.o)
                              c:/program files (x86)/gnu arm embedded toolchain/10 2021.10/bin/../lib/gcc/arm-none-eabi/10.3.1/../../../../arm-none-eabi/lib/thumb/v7e-m+fp/hard\libc_nano.a(lib_a-nano-mallocr.o) (_sbrk_r)
c:/program files (x86)/gnu arm embedded toolchain/10 2021.10/bin/../lib/gcc/arm-none-eabi/10.3.1/../../../../arm-none-eabi/lib/thumb/v7e-m+fp/hard\libc_nano.a(lib_a-findfp.o)
                              c:/program files (x86)/gnu arm embedded toolchain/10 2021.10/bin/../lib/gcc/arm-none-eabi/10.3.1/../../../../arm-none-eabi/lib/thumb/v7e-m+fp/hard\libc_nano.a(lib_a-printf.o) (__sinit)
c:/program files (x86)/gnu arm embedded toolchain/10 2021.10/bin/../lib/gcc/arm-none-eabi/10.3.1/../../../../arm-none-eabi/lib/thumb/v7e-m+fp/hard\libc_nano.a(lib_a-fwalk.o)
                              c:/program files (x86)/gnu arm embedded toolchain/10 2021.10/bin/../lib/gcc/arm-none-eabi/10.3.1/../../../../arm-none-eabi/lib/thumb/v7e-m+fp/hard\libc_nano.a(lib_a-findfp.o) (_fwalk)
c:/program files (x86)/gnu arm embedded toolchain/10 2021.10/bin/../lib/gcc/arm-none-eabi/10.3.1/../../../../arm-none-eabi/lib/thumb/v7e-m+fp/hard\libc_nano.a(lib_a-lock.o)
[...]
Memory Configuration

Name             Origin             Length             Attributes
RAM              0x20000000         0x00020000         xrw
FLASH            0x08000000         0x00080000         xr
*default*        0x00000000         0xffffffff

Linker script and memory map

LOAD c:/program files (x86)/gnu arm embedded toolchain/10 2021.10/bin/../lib/gcc/arm-none-eabi/10.3.1/thumb/v7e-m+fp/hard/crti.o
LOAD c:/program files (x86)/gnu arm embedded toolchain/10 2021.10/bin/../lib/gcc/arm-none-eabi/10.3.1/thumb/v7e-m+fp/hard/crtbegin.o
LOAD c:/program files (x86)/gnu arm embedded toolchain/10 2021.10/bin/../lib/gcc/arm-none-eabi/10.3.1/../../../../arm-none-eabi/lib/thumb/v7e-m+fp/hard/crt0.o
LOAD build/stm32f4xx_it.o
LOAD build/stm32f4xx_hal_msp.o
LOAD build/Darin2Cart_Driver.o
LOAD build/usb_device.o
LOAD build/usbd_desc.o
LOAD build/usbd_cdc_if.o
LOAD build/usbd_conf.o
LOAD build/stm32f4xx_hal_pcd.o
LOAD build/stm32f4xx_hal_pcd_ex.o
LOAD build/stm32f4xx_ll_usb.o
LOAD build/stm32f4xx_hal_rcc.o
LOAD build/stm32f4xx_hal_rcc_ex.o
LOAD build/stm32f4xx_hal_flash.o
LOAD build/stm32f4xx_hal_flash_ex.o
LOAD build/stm32f4xx_hal_flash_ramfunc.o
LOAD build/stm32f4xx_hal_gpio.o
LOAD build/stm32f4xx_hal_dma_ex.o
LOAD build/stm32f4xx_hal_dma.o
LOAD build/stm32f4xx_hal_pwr.o
LOAD build/stm32f4xx_hal_pwr_ex.o
LOAD build/stm32f4xx_hal_cortex.o
LOAD build/stm32f4xx_hal.o
LOAD build/stm32f4xx_hal_exti.o
LOAD build/stm32f4xx_hal_tim.o
LOAD build/stm32f4xx_hal_tim_ex.o
LOAD build/system_stm32f4xx.o
LOAD build/usbd_core.o
LOAD build/usbd_ctlreq.o
LOAD build/usbd_ioreq.o
LOAD build/usbd_cdc.o
LOAD build/sysmem.o
LOAD build/syscalls.o
LOAD build/main.o
LOAD build/cpp_minimal.o
LOAD build/Darin2.o
LOAD build/SerialTransport.o
LOAD build/IspCmdControl.o
LOAD build/IspCmdReceiveData.o
LOAD build/IspCmdTransmitData.o
LOAD build/IspCommandManager.o
LOAD build/IspSubCommandProcessor.o
LOAD build/IspRingBuffer.o
LOAD build/safeBuffer.o
LOAD build/startup_stm32f411vetx.o
LOAD c:/program files (x86)/gnu arm embedded toolchain/10 2021.10/bin/../lib/gcc/arm-none-eabi/10.3.1/../../../../arm-none-eabi/lib/thumb/v7e-m+fp/hard\libc_nano.a
LOAD c:/program files (x86)/gnu arm embedded toolchain/10 2021.10/bin/../lib/gcc/arm-none-eabi/10.3.1/../../../../arm-none-eabi/lib/thumb/v7e-m+fp/hard\libm.a
LOAD c:/program files (x86)/gnu arm embedded toolchain/10 2021.10/bin/../lib/gcc/arm-none-eabi/10.3.1/../../../../arm-none-eabi/lib/thumb/v7e-m+fp/hard\libnosys.a
LOAD c:/program files (x86)/gnu arm embedded toolchain/10 2021.10/bin/../lib/gcc/arm-none-eabi/10.3.1/../../../../arm-none-eabi/lib/thumb/v7e-m+fp/hard\libstdc++_nano.a
START GROUP
LOAD c:/program files (x86)/gnu arm embedded toolchain/10 2021.10/bin/../lib/gcc/arm-none-eabi/10.3.1/thumb/v7e-m+fp/hard\libgcc.a
LOAD c:/program files (x86)/gnu arm embedded toolchain/10 2021.10/bin/../lib/gcc/arm-none-eabi/10.3.1/../../../../arm-none-eabi/lib/thumb/v7e-m+fp/hard\libc_nano.a
END GROUP
START GROUP
LOAD c:/program files (x86)/gnu arm embedded toolchain/10 2021.10/bin/../lib/gcc/arm-none-eabi/10.3.1/thumb/v7e-m+fp/hard\libgcc.a
LOAD c:/program files (x86)/gnu arm embedded toolchain/10 2021.10/bin/../lib/gcc/arm-none-eabi/10.3.1/../../../../arm-none-eabi/lib/thumb/v7e-m+fp/hard\libc_nano.a
END GROUP
LOAD c:/program files (x86)/gnu arm embedded toolchain/10 2021.10/bin/../lib/gcc/arm-none-eabi/10.3.1/thumb/v7e-m+fp/hard/crtend.o
LOAD c:/program files (x86)/gnu arm embedded toolchain/10 2021.10/bin/../lib/gcc/arm-none-eabi/10.3.1/thumb/v7e-m+fp/hard/crtn.o
                0x20020000                _estack = (ORIGIN (RAM) + LENGTH (RAM))
                0x00000200                _Min_Heap_Size = 0x200
                0x00000400                _Min_Stack_Size = 0x400

.isr_vector     0x08000000      0x198
                0x08000000                . = ALIGN (0x4)
 *(.isr_vector)
 .isr_vector    0x08000000      0x198 build/startup_stm32f411vetx.o
                0x08000000                g_pfnVectors
                0x08000198                . = ALIGN (0x4)

.text           0x080001a0     0x75ac
                0x080001a0                . = ALIGN (0x4)
 *(.text)
 .text          0x080001a0       0x40 c:/program files (x86)/gnu arm embedded toolchain/10 2021.10/bin/../lib/gcc/arm-none-eabi/10.3.1/thumb/v7e-m+fp/hard/crtbegin.o
 .text          0x080001e0       0xa0 c:/program files (x86)/gnu arm embedded toolchain/10 2021.10/bin/../lib/gcc/arm-none-eabi/10.3.1/../../../../arm-none-eabi/lib/thumb/v7e-m+fp/hard\libc_nano.a(lib_a-memchr.o)
                0x080001e0                memchr
 .text          0x08000280       0x30 c:/program files (x86)/gnu arm embedded toolchain/10 2021.10/bin/../lib/gcc/arm-none-eabi/10.3.1/thumb/v7e-m+fp/hard\libgcc.a(_aeabi_uldivmod.o)
                0x08000280                __aeabi_uldivmod
 .text          0x080002b0      0x2d0 c:/program files (x86)/gnu arm embedded toolchain/10 2021.10/bin/../lib/gcc/arm-none-eabi/10.3.1/thumb/v7e-m+fp/hard\libgcc.a(_udivmoddi4.o)
                0x080002b0                __udivmoddi4
 .text          0x08000580        0x4 c:/program files (x86)/gnu arm embedded toolchain/10 2021.10/bin/../lib/gcc/arm-none-eabi/10.3.1/thumb/v7e-m+fp/hard\libgcc.a(_dvmd_tls.o)
                0x08000580                __aeabi_idiv0
                0x08000580                __aeabi_ldiv0
 *(.text*)
 .text.NMI_Handler
                0x08000584        0x2 build/stm32f4xx_it.o
                0x08000584                NMI_Handler
 .text.HardFault_Handler
                0x08000586        0x2 build/stm32f4xx_it.o
                0x08000586                HardFault_Handler
 .text.MemManage_Handler
                0x08000588        0x2 build/stm32f4xx_it.o
                0x08000588                MemManage_Handler
 .text.BusFault_Handler
                0x0800058a        0x2 build/stm32f4xx_it.o
                0x0800058a                BusFault_Handler
 .text.UsageFault_Handler
                0x0800058c        0x2 build/stm32f4xx_it.o
                0x0800058c                UsageFault_Handler
 .text.SVC_Handler
                0x0800058e        0x2 build/stm32f4xx_it.o
                0x0800058e                SVC_Handler
 .text.DebugMon_Handler
                0x08000590        0x2 build/stm32f4xx_it.o
                0x08000590                DebugMon_Handler
 .text.PendSV_Handler
                0x08000592        0x2 build/stm32f4xx_it.o
                0x08000592                PendSV_Handler
 .text.SysTick_Handler
                0x08000594        0x8 build/stm32f4xx_it.o
                0x08000594                SysTick_Handler
 .text.OTG_FS_IRQHandler
                0x0800059c       0x10 build/stm32f4xx_it.o
                0x0800059c                OTG_FS_IRQHandler
 .text.HAL_MspInit
                0x080005ac       0x38 build/stm32f4xx_hal_msp.o
                0x080005ac                HAL_MspInit
 .text.get_ce_pin
                0x080005e4        0xc build/Darin2Cart_Driver.o
 .text.get_rdy_pin
                0x080005f0        0xc build/Darin2Cart_Driver.o
 .text.get_slt_pin
                0x080005fc        0xc build/Darin2Cart_Driver.o
 .text.get_D2_slt_status
                0x08000608        0xc build/Darin2Cart_Driver.o
                0x08000608                get_D2_slt_status
 .text.get_D2_Green_LedPins
                0x08000614        0xc build/Darin2Cart_Driver.o
                0x08000614                get_D2_Green_LedPins
 .text.get_D2_Red_LedPins
                0x08000620        0xc build/Darin2Cart_Driver.o
                0x08000620                get_D2_Red_LedPins
 .text.UpdateD2SlotStatus
                0x0800062c       0x38 build/Darin2Cart_Driver.o
                0x0800062c                UpdateD2SlotStatus
 .text.write_port2
                0x08000664       0x9c build/Darin2Cart_Driver.o
                0x08000664                write_port2
 .text.Read_port2
                0x08000700       0xa8 build/Darin2Cart_Driver.o
                0x08000700                Read_port2
 .text.Configure_DataBus
                0x080007a8       0x2c build/Darin2Cart_Driver.o
                0x080007a8                Configure_DataBus
 .text.pre_write_flash
                0x080007d4       0x60 build/Darin2Cart_Driver.o
                0x080007d4                pre_write_flash
 .text.post_write_flash
                0x08000834       0x5c build/Darin2Cart_Driver.o
                0x08000834                post_write_flash
 .text.pre_read_flash
                0x08000890       0x60 build/Darin2Cart_Driver.o
                0x08000890                pre_read_flash
 .text.post_read_flash
                0x080008f0       0x5c build/Darin2Cart_Driver.o
                0x080008f0                post_read_flash
 .text.pre_erase_flash
                0x0800094c       0x60 build/Darin2Cart_Driver.o
                0x0800094c                pre_erase_flash
 .text.post_erase_flash
                0x080009ac       0x5c build/Darin2Cart_Driver.o
                0x080009ac                post_erase_flash
 .text.short_delay_us
                0x08000a08       0x1c build/Darin2Cart_Driver.o
                0x08000a08                short_delay_us
 .text.flash_write
                0x08000a24      0x194 build/Darin2Cart_Driver.o
                0x08000a24                flash_write
 .text.flash_read
                0x08000bb8      0x118 build/Darin2Cart_Driver.o
                0x08000bb8                flash_read
 .text.flash_erase
                0x08000cd0      0x1d0 build/Darin2Cart_Driver.o
                0x08000cd0                flash_erase
 .text.setGreenLed
                0x08000ea0       0x2c build/Darin2Cart_Driver.o
                0x08000ea0                setGreenLed
 .text.setRedLed
                0x08000ecc       0x2c build/Darin2Cart_Driver.o
                0x08000ecc                setRedLed
 .text.slotLedBlink
                0x08000ef8       0x68 build/Darin2Cart_Driver.o
                0x08000ef8                slotLedBlink
 .text.LedLoopBack
                0x08000f60       0xd0 build/Darin2Cart_Driver.o
                0x08000f60                LedLoopBack
 .text.BlinkAllLed
                0x08001030       0x40 build/Darin2Cart_Driver.o
                0x08001030                BlinkAllLed
 .text.MX_USB_DEVICE_Init
                0x08001070       0x54 build/usb_device.o
                0x08001070                MX_USB_DEVICE_Init
 .text.USBD_FS_DeviceDescriptor
                0x080010c4        0xc build/usbd_desc.o
                0x080010c4                USBD_FS_DeviceDescriptor
 .text.USBD_FS_LangIDStrDescriptor
                0x080010d0        0xc build/usbd_desc.o
                0x080010d0                USBD_FS_LangIDStrDescriptor
 .text.IntToUnicode
                0x080010dc       0x46 build/usbd_desc.o
 *fill*         0x08001122        0x2 
 .text.Get_SerialNum
                0x08001124       0x38 build/usbd_desc.o
 .text.USBD_FS_SerialStrDescriptor
                0x0800115c       0x14 build/usbd_desc.o
                0x0800115c                USBD_FS_SerialStrDescriptor
 .text.USBD_FS_ProductStrDescriptor
                0x08001170       0x24 build/usbd_desc.o
                0x08001170                USBD_FS_ProductStrDescriptor
 .text.USBD_FS_ManufacturerStrDescriptor
                0x08001194       0x1c build/usbd_desc.o
                0x08001194                USBD_FS_ManufacturerStrDescriptor
 .text.USBD_FS_ConfigStrDescriptor
                0x080011b0       0x24 build/usbd_desc.o
                0x080011b0                USBD_FS_ConfigStrDescriptor
 .text.USBD_FS_InterfaceStrDescriptor
                0x080011d4       0x24 build/usbd_desc.o
                0x080011d4                USBD_FS_InterfaceStrDescriptor
 .text.CDC_DeInit_FS
                0x080011f8        0x4 build/usbd_cdc_if.o
 .text.CDC_Control_FS
                0x080011fc        0x4 build/usbd_cdc_if.o
 .text.CDC_TransmitCplt_FS
                0x08001200        0x4 build/usbd_cdc_if.o
 .text.CDC_Receive_FS
                0x08001204       0x28 build/usbd_cdc_if.o
 .text.CDC_Init_FS
                0x0800122c       0x28 build/usbd_cdc_if.o
 .text.CDC_Transmit_FS
                0x08001254       0x2c build/usbd_cdc_if.o
                0x08001254                CDC_Transmit_FS
 .text.HAL_PCD_MspInit
                0x08001280       0x98 build/usbd_conf.o
                0x08001280                HAL_PCD_MspInit
 .text.HAL_PCD_SetupStageCallback
                0x08001318       0x10 build/usbd_conf.o
                0x08001318                HAL_PCD_SetupStageCallback
 .text.HAL_PCD_DataOutStageCallback
                0x08001328       0x18 build/usbd_conf.o
                0x08001328                HAL_PCD_DataOutStageCallback
 .text.HAL_PCD_DataInStageCallback
                0x08001340       0x16 build/usbd_conf.o
                0x08001340                HAL_PCD_DataInStageCallback
 .text.HAL_PCD_SOFCallback
                0x08001356        0xc build/usbd_conf.o
                0x08001356                HAL_PCD_SOFCallback
 .text.HAL_PCD_ResetCallback
                0x08001362       0x24 build/usbd_conf.o
                0x08001362                HAL_PCD_ResetCallback
 *fill*         0x08001386        0x2 
 .text.HAL_PCD_SuspendCallback
                0x08001388       0x30 build/usbd_conf.o
                0x08001388                HAL_PCD_SuspendCallback
 .text.HAL_PCD_ResumeCallback
                0x080013b8        0xc build/usbd_conf.o
                0x080013b8                HAL_PCD_ResumeCallback
 .text.HAL_PCD_ISOOUTIncompleteCallback
                0x080013c4        0xc build/usbd_conf.o
                0x080013c4                HAL_PCD_ISOOUTIncompleteCallback
 .text.HAL_PCD_ISOINIncompleteCallback
                0x080013d0        0xc build/usbd_conf.o
                0x080013d0                HAL_PCD_ISOINIncompleteCallback
 .text.HAL_PCD_ConnectCallback
                0x080013dc        0xc build/usbd_conf.o
                0x080013dc                HAL_PCD_ConnectCallback
 .text.HAL_PCD_DisconnectCallback
                0x080013e8        0xc build/usbd_conf.o
                0x080013e8                HAL_PCD_DisconnectCallback
 .text.USBD_LL_Init
                0x080013f4       0x68 build/usbd_conf.o
                0x080013f4                USBD_LL_Init
 .text.USBD_LL_IsStallEP
                0x0800145c       0x2e build/usbd_conf.o
                0x0800145c                USBD_LL_IsStallEP
 .text.USBD_LL_GetRxDataSize
                0x0800148a        0xc build/usbd_conf.o
                0x0800148a                USBD_LL_GetRxDataSize
 *fill*         0x08001496        0x2 
 .text.USBD_static_malloc
                0x08001498        0x8 build/usbd_conf.o
                0x08001498                USBD_static_malloc
 .text.USBD_static_free
                0x080014a0        0x2 build/usbd_conf.o
                0x080014a0                USBD_static_free
 .text.USBD_Get_USB_Status
                0x080014a2       0x14 build/usbd_conf.o
                0x080014a2                USBD_Get_USB_Status
 .text.USBD_LL_Start
                0x080014b6       0x10 build/usbd_conf.o
                0x080014b6                USBD_LL_Start
 .text.USBD_LL_OpenEP
                0x080014c6       0x16 build/usbd_conf.o
                0x080014c6                USBD_LL_OpenEP
 .text.USBD_LL_CloseEP
                0x080014dc       0x10 build/usbd_conf.o
                0x080014dc                USBD_LL_CloseEP
 .text.USBD_LL_StallEP
                0x080014ec       0x10 build/usbd_conf.o
                0x080014ec                USBD_LL_StallEP
 .text.USBD_LL_ClearStallEP
                0x080014fc       0x10 build/usbd_conf.o
                0x080014fc                USBD_LL_ClearStallEP
 .text.USBD_LL_SetUSBAddress
                0x0800150c       0x10 build/usbd_conf.o
                0x0800150c                USBD_LL_SetUSBAddress
 .text.USBD_LL_Transmit
                0x0800151c       0x10 build/usbd_conf.o
                0x0800151c                USBD_LL_Transmit
 .text.USBD_LL_PrepareReceive
                0x0800152c       0x10 build/usbd_conf.o
                0x0800152c                USBD_LL_PrepareReceive
 .text.PCD_WriteEmptyTxFifo
                0x0800153c       0xd0 build/stm32f4xx_hal_pcd.o
 .text.HAL_PCD_Init
                0x0800160c      0x12e build/stm32f4xx_hal_pcd.o
                0x0800160c                HAL_PCD_Init
 .text.HAL_PCD_Start
                0x0800173a       0x42 build/stm32f4xx_hal_pcd.o
                0x0800173a                HAL_PCD_Start
 .text.PCD_EP_OutXfrComplete_int
                0x0800177c      0x104 build/stm32f4xx_hal_pcd.o
 .text.PCD_EP_OutSetupPacket_int
                0x08001880       0x50 build/stm32f4xx_hal_pcd.o
 .text.HAL_PCD_SetAddress
                0x080018d0       0x28 build/stm32f4xx_hal_pcd.o
                0x080018d0                HAL_PCD_SetAddress
 .text.HAL_PCD_EP_Open
                0x080018f8       0x8a build/stm32f4xx_hal_pcd.o
                0x080018f8                HAL_PCD_EP_Open
 .text.HAL_PCD_EP_Close
                0x08001982       0x72 build/stm32f4xx_hal_pcd.o
                0x08001982                HAL_PCD_EP_Close
 .text.HAL_PCD_EP_Receive
                0x080019f4       0x5e build/stm32f4xx_hal_pcd.o
                0x080019f4                HAL_PCD_EP_Receive
 .text.HAL_PCD_EP_GetRxCount
                0x08001a52       0x12 build/stm32f4xx_hal_pcd.o
                0x08001a52                HAL_PCD_EP_GetRxCount
 .text.HAL_PCD_EP_Transmit
                0x08001a64       0x5e build/stm32f4xx_hal_pcd.o
                0x08001a64                HAL_PCD_EP_Transmit
 .text.HAL_PCD_EP_SetStall
                0x08001ac2       0x88 build/stm32f4xx_hal_pcd.o
                0x08001ac2                HAL_PCD_EP_SetStall
 .text.HAL_PCD_EP_ClrStall
                0x08001b4a       0x76 build/stm32f4xx_hal_pcd.o
                0x08001b4a                HAL_PCD_EP_ClrStall
 .text.HAL_PCD_EP_Abort
                0x08001bc0       0x34 build/stm32f4xx_hal_pcd.o
                0x08001bc0                HAL_PCD_EP_Abort
 .text.HAL_PCD_IRQHandler
                0x08001bf4      0x5c4 build/stm32f4xx_hal_pcd.o
                0x08001bf4                HAL_PCD_IRQHandler
 .text.HAL_PCDEx_SetTxFiFo
                0x080021b8       0x4c build/stm32f4xx_hal_pcd_ex.o
                0x080021b8                HAL_PCDEx_SetTxFiFo
 .text.HAL_PCDEx_SetRxFiFo
                0x08002204        0x8 build/stm32f4xx_hal_pcd_ex.o
                0x08002204                HAL_PCDEx_SetRxFiFo
 .text.HAL_PCDEx_LPM_Callback
                0x0800220c        0x2 build/stm32f4xx_hal_pcd_ex.o
                0x0800220c                HAL_PCDEx_LPM_Callback
 *fill*         0x0800220e        0x2 
 .text.USB_CoreReset
                0x08002210       0x50 build/stm32f4xx_ll_usb.o
 .text.USB_CoreInit
                0x08002260       0x8a build/stm32f4xx_ll_usb.o
                0x08002260                USB_CoreInit
 *fill*         0x080022ea        0x2 
 .text.USB_SetTurnaroundTime
                0x080022ec       0xe4 build/stm32f4xx_ll_usb.o
                0x080022ec                USB_SetTurnaroundTime
 .text.USB_EnableGlobalInt
                0x080023d0        0xc build/stm32f4xx_ll_usb.o
                0x080023d0                USB_EnableGlobalInt
 .text.USB_DisableGlobalInt
                0x080023dc        0xc build/stm32f4xx_ll_usb.o
                0x080023dc                USB_DisableGlobalInt
 .text.USB_FlushTxFifo
                0x080023e8       0x50 build/stm32f4xx_ll_usb.o
                0x080023e8                USB_FlushTxFifo
 .text.USB_FlushRxFifo
                0x08002438       0x4c build/stm32f4xx_ll_usb.o
                0x08002438                USB_FlushRxFifo
 .text.USB_SetDevSpeed
                0x08002484        0xe build/stm32f4xx_ll_usb.o
                0x08002484                USB_SetDevSpeed
 *fill*         0x08002492        0x2 
 .text.USB_DevInit
                0x08002494      0x190 build/stm32f4xx_ll_usb.o
                0x08002494                USB_DevInit
 .text.USB_GetDevSpeed
                0x08002624       0x22 build/stm32f4xx_ll_usb.o
                0x08002624                USB_GetDevSpeed
 .text.USB_ActivateEndpoint
                0x08002646       0x9c build/stm32f4xx_ll_usb.o
                0x08002646                USB_ActivateEndpoint
 *fill*         0x080026e2        0x2 
 .text.USB_DeactivateEndpoint
                0x080026e4       0xe0 build/stm32f4xx_ll_usb.o
                0x080026e4                USB_DeactivateEndpoint
 .text.USB_EP0StartXfer
                0x080027c4      0x124 build/stm32f4xx_ll_usb.o
                0x080027c4                USB_EP0StartXfer
 .text.USB_EPStopXfer
                0x080028e8       0xbe build/stm32f4xx_ll_usb.o
                0x080028e8                USB_EPStopXfer
 .text.USB_WritePacket
                0x080029a6       0x2e build/stm32f4xx_ll_usb.o
                0x080029a6                USB_WritePacket
 .text.USB_EPStartXfer
                0x080029d4      0x234 build/stm32f4xx_ll_usb.o
                0x080029d4                USB_EPStartXfer
 .text.USB_ReadPacket
                0x08002c08       0x54 build/stm32f4xx_ll_usb.o
                0x08002c08                USB_ReadPacket
 .text.USB_EPSetStall
                0x08002c5c       0x5a build/stm32f4xx_ll_usb.o
                0x08002c5c                USB_EPSetStall
 .text.USB_EPClearStall
                0x08002cb6       0x5c build/stm32f4xx_ll_usb.o
                0x08002cb6                USB_EPClearStall
 .text.USB_SetDevAddress
                0x08002d12       0x20 build/stm32f4xx_ll_usb.o
                0x08002d12                USB_SetDevAddress
 .text.USB_DevConnect
                0x08002d32       0x1c build/stm32f4xx_ll_usb.o
                0x08002d32                USB_DevConnect
 .text.USB_DevDisconnect
                0x08002d4e       0x1c build/stm32f4xx_ll_usb.o
                0x08002d4e                USB_DevDisconnect
 .text.USB_ReadInterrupts
                0x08002d6a        0x8 build/stm32f4xx_ll_usb.o
                0x08002d6a                USB_ReadInterrupts
 .text.USB_ReadDevAllOutEpInterrupt
                0x08002d72       0x10 build/stm32f4xx_ll_usb.o
                0x08002d72                USB_ReadDevAllOutEpInterrupt
 .text.USB_ReadDevAllInEpInterrupt
                0x08002d82       0x10 build/stm32f4xx_ll_usb.o
                0x08002d82                USB_ReadDevAllInEpInterrupt
 .text.USB_ReadDevOutEPInterrupt
                0x08002d92       0x12 build/stm32f4xx_ll_usb.o
                0x08002d92                USB_ReadDevOutEPInterrupt
 .text.USB_ReadDevInEPInterrupt
                0x08002da4       0x28 build/stm32f4xx_ll_usb.o
                0x08002da4                USB_ReadDevInEPInterrupt
 .text.USB_GetMode
                0x08002dcc        0x8 build/stm32f4xx_ll_usb.o
                0x08002dcc                USB_GetMode
 .text.USB_SetCurrentMode
                0x08002dd4       0x62 build/stm32f4xx_ll_usb.o
                0x08002dd4                USB_SetCurrentMode
 .text.USB_ActivateSetup
                0x08002e36       0x20 build/stm32f4xx_ll_usb.o
                0x08002e36                USB_ActivateSetup
 *fill*         0x08002e56        0x2 
 .text.USB_EP0_OutStart
                0x08002e58       0x60 build/stm32f4xx_ll_usb.o
                0x08002e58                USB_EP0_OutStart
 .text.HAL_RCC_OscConfig
                0x08002eb8      0x3f8 build/stm32f4xx_hal_rcc.o
                0x08002eb8                HAL_RCC_OscConfig
 .text.HAL_RCC_GetSysClockFreq
                0x080032b0       0xd4 build/stm32f4xx_hal_rcc.o
                0x080032b0                HAL_RCC_GetSysClockFreq
 .text.HAL_RCC_ClockConfig
                0x08003384      0x160 build/stm32f4xx_hal_rcc.o
                0x08003384                HAL_RCC_ClockConfig
 .text.HAL_RCC_GetHCLKFreq
                0x080034e4        0xc build/stm32f4xx_hal_rcc.o
                0x080034e4                HAL_RCC_GetHCLKFreq
 .text.HAL_GPIO_Init
                0x080034f0      0x1c0 build/stm32f4xx_hal_gpio.o
                0x080034f0                HAL_GPIO_Init
 .text.HAL_GPIO_ReadPin
                0x080036b0        0xe build/stm32f4xx_hal_gpio.o
                0x080036b0                HAL_GPIO_ReadPin
 .text.HAL_GPIO_WritePin
                0x080036be        0xc build/stm32f4xx_hal_gpio.o
                0x080036be                HAL_GPIO_WritePin
 *fill*         0x080036ca        0x2 
 .text.HAL_NVIC_SetPriorityGrouping
                0x080036cc       0x24 build/stm32f4xx_hal_cortex.o
                0x080036cc                HAL_NVIC_SetPriorityGrouping
 .text.HAL_NVIC_SetPriority
                0x080036f0       0x70 build/stm32f4xx_hal_cortex.o
                0x080036f0                HAL_NVIC_SetPriority
 .text.HAL_NVIC_EnableIRQ
                0x08003760       0x1c build/stm32f4xx_hal_cortex.o
                0x08003760                HAL_NVIC_EnableIRQ
 .text.HAL_SYSTICK_Config
                0x0800377c       0x28 build/stm32f4xx_hal_cortex.o
                0x0800377c                HAL_SYSTICK_Config
 .text.HAL_InitTick
                0x080037a4       0x4c build/stm32f4xx_hal.o
                0x080037a4                HAL_InitTick
 .text.HAL_Init
                0x080037f0       0x34 build/stm32f4xx_hal.o
                0x080037f0                HAL_Init
 .text.HAL_IncTick
                0x08003824       0x18 build/stm32f4xx_hal.o
                0x08003824                HAL_IncTick
 .text.HAL_GetTick
                0x0800383c        0xc build/stm32f4xx_hal.o
                0x0800383c                HAL_GetTick
 .text.HAL_Delay
                0x08003848       0x28 build/stm32f4xx_hal.o
                0x08003848                HAL_Delay
 .text.SystemInit
                0x08003870       0x14 build/system_stm32f4xx.o
                0x08003870                SystemInit
 .text.USBD_Init
                0x08003884       0x2e build/usbd_core.o
                0x08003884                USBD_Init
 .text.USBD_RegisterClass
                0x080038b2       0x34 build/usbd_core.o
                0x080038b2                USBD_RegisterClass
 .text.USBD_Start
                0x080038e6        0x8 build/usbd_core.o
                0x080038e6                USBD_Start
 .text.USBD_SetClassConfig
                0x080038ee       0x12 build/usbd_core.o
                0x080038ee                USBD_SetClassConfig
 .text.USBD_ClrClassConfig
                0x08003900       0x12 build/usbd_core.o
                0x08003900                USBD_ClrClassConfig
 .text.USBD_LL_SetupStage
                0x08003912       0x58 build/usbd_core.o
                0x08003912                USBD_LL_SetupStage
 .text.USBD_LL_Reset
                0x0800396a       0x64 build/usbd_core.o
                0x0800396a                USBD_LL_Reset
 .text.USBD_LL_SetSpeed
                0x080039ce        0x6 build/usbd_core.o
                0x080039ce                USBD_LL_SetSpeed
 .text.USBD_LL_Suspend
                0x080039d4       0x14 build/usbd_core.o
                0x080039d4                USBD_LL_Suspend
 .text.USBD_LL_Resume
                0x080039e8       0x1a build/usbd_core.o
                0x080039e8                USBD_LL_Resume
 .text.USBD_LL_SOF
                0x08003a02       0x22 build/usbd_core.o
                0x08003a02                USBD_LL_SOF
 .text.USBD_LL_IsoINIncomplete
                0x08003a24       0x2e build/usbd_core.o
                0x08003a24                USBD_LL_IsoINIncomplete
 .text.USBD_LL_IsoOUTIncomplete
                0x08003a52       0x2e build/usbd_core.o
                0x08003a52                USBD_LL_IsoOUTIncomplete
 .text.USBD_LL_DevConnected
                0x08003a80        0x4 build/usbd_core.o
                0x08003a80                USBD_LL_DevConnected
 .text.USBD_LL_DevDisconnected
                0x08003a84       0x20 build/usbd_core.o
                0x08003a84                USBD_LL_DevDisconnected
 .text.USBD_CoreFindIF
                0x08003aa4        0x4 build/usbd_core.o
                0x08003aa4                USBD_CoreFindIF
 .text.USBD_CoreFindEP
                0x08003aa8        0x4 build/usbd_core.o
                0x08003aa8                USBD_CoreFindEP
 .text.USBD_LL_DataOutStage
                0x08003aac       0xc6 build/usbd_core.o
                0x08003aac                USBD_LL_DataOutStage
 .text.USBD_LL_DataInStage
                0x08003b72       0xd6 build/usbd_core.o
                0x08003b72                USBD_LL_DataInStage
 .text.USBD_GetNextDesc
                0x08003c48        0xe build/usbd_core.o
                0x08003c48                USBD_GetNextDesc
 .text.USBD_GetEpDesc
                0x08003c56       0x3e build/usbd_core.o
                0x08003c56                USBD_GetEpDesc
 .text.USBD_GetLen
                0x08003c94       0x14 build/usbd_ctlreq.o
 .text.USBD_ParseSetupRequest
                0x08003ca8       0x28 build/usbd_ctlreq.o
                0x08003ca8                USBD_ParseSetupRequest
 .text.USBD_CtlError
                0x08003cd0       0x14 build/usbd_ctlreq.o
                0x08003cd0                USBD_CtlError
 .text.USBD_GetDescriptor
                0x08003ce4      0x18a build/usbd_ctlreq.o
 .text.USBD_SetAddress
                0x08003e6e       0x50 build/usbd_ctlreq.o
 *fill*         0x08003ebe        0x2 
 .text.USBD_SetConfig
                0x08003ec0       0xcc build/usbd_ctlreq.o
 .text.USBD_GetConfig
                0x08003f8c       0x40 build/usbd_ctlreq.o
 .text.USBD_GetStatus
                0x08003fcc       0x38 build/usbd_ctlreq.o
 .text.USBD_SetFeature
                0x08004004       0x2a build/usbd_ctlreq.o
 .text.USBD_ClrFeature
                0x0800402e       0x26 build/usbd_ctlreq.o
 .text.USBD_StdDevReq
                0x08004054       0x76 build/usbd_ctlreq.o
                0x08004054                USBD_StdDevReq
 .text.USBD_StdItfReq
                0x080040ca       0x84 build/usbd_ctlreq.o
                0x080040ca                USBD_StdItfReq
 .text.USBD_StdEPReq
                0x0800414e      0x230 build/usbd_ctlreq.o
                0x0800414e                USBD_StdEPReq
 .text.USBD_GetString
                0x0800437e       0x3a build/usbd_ctlreq.o
                0x0800437e                USBD_GetString
 .text.USBD_CtlSendData
                0x080043b8       0x1a build/usbd_ioreq.o
                0x080043b8                USBD_CtlSendData
 .text.USBD_CtlContinueSendData
                0x080043d2       0x10 build/usbd_ioreq.o
                0x080043d2                USBD_CtlContinueSendData
 .text.USBD_CtlPrepareRx
                0x080043e2       0x1e build/usbd_ioreq.o
                0x080043e2                USBD_CtlPrepareRx
 .text.USBD_CtlContinueRx
                0x08004400       0x10 build/usbd_ioreq.o
                0x08004400                USBD_CtlContinueRx
 .text.USBD_CtlSendStatus
                0x08004410       0x16 build/usbd_ioreq.o
                0x08004410                USBD_CtlSendStatus
 .text.USBD_CtlReceiveStatus
                0x08004426       0x16 build/usbd_ioreq.o
                0x08004426                USBD_CtlReceiveStatus
 .text.USBD_CDC_EP0_RxReady
                0x0800443c       0x40 build/usbd_cdc.o
 .text.USBD_CDC_GetDeviceQualifierDescriptor
                0x0800447c        0xc build/usbd_cdc.o
                0x0800447c                USBD_CDC_GetDeviceQualifierDescriptor
 .text.USBD_CDC_GetOtherSpeedCfgDesc
                0x08004488       0x48 build/usbd_cdc.o
 .text.USBD_CDC_GetFSCfgDesc
                0x080044d0       0x48 build/usbd_cdc.o
 .text.USBD_CDC_GetHSCfgDesc
                0x08004518       0x48 build/usbd_cdc.o
 .text.USBD_CDC_DataOut
                0x08004560       0x38 build/usbd_cdc.o
 .text.USBD_CDC_DataIn
                0x08004598       0x7c build/usbd_cdc.o
 .text.USBD_CDC_Setup
                0x08004614      0x11a build/usbd_cdc.o
 .text.USBD_CDC_DeInit
                0x0800472e       0x64 build/usbd_cdc.o
 .text.USBD_CDC_Init
                0x08004792       0xee build/usbd_cdc.o
 .text.USBD_CDC_RegisterInterface
                0x08004880       0x16 build/usbd_cdc.o
                0x08004880                USBD_CDC_RegisterInterface
 .text.USBD_CDC_SetTxBuffer
                0x08004896       0x1c build/usbd_cdc.o
                0x08004896                USBD_CDC_SetTxBuffer
 .text.USBD_CDC_SetRxBuffer
                0x080048b2       0x18 build/usbd_cdc.o
                0x080048b2                USBD_CDC_SetRxBuffer
 .text.USBD_CDC_TransmitPacket
                0x080048ca       0x3a build/usbd_cdc.o
                0x080048ca                USBD_CDC_TransmitPacket
 .text.USBD_CDC_ReceivePacket
                0x08004904       0x38 build/usbd_cdc.o
                0x08004904                USBD_CDC_ReceivePacket
 .text._sbrk    0x0800493c       0x48 build/sysmem.o
                0x0800493c                _sbrk
 .text._read    0x08004984       0x20 build/syscalls.o
                0x08004984                _read
 .text._write   0x080049a4       0x1c build/syscalls.o
                0x080049a4                _write
 .text._close   0x080049c0        0x6 build/syscalls.o
                0x080049c0                _close
 .text._fstat   0x080049c6        0xa build/syscalls.o
                0x080049c6                _fstat
 .text._isatty  0x080049d0        0x4 build/syscalls.o
                0x080049d0                _isatty
 .text._lseek   0x080049d4        0x4 build/syscalls.o
                0x080049d4                _lseek
 .text._ZN21IIspSubCommandHandler12prepareForRxEPKhhm
                0x080049d8        0x6 build/main.o
                0x080049d8                IIspSubCommandHandler::prepareForRx(unsigned char const*, unsigned char, unsigned long)
 .text._ZN21IIspSubCommandHandler13processRxDataEPKhhm
                0x080049de        0x4 build/main.o
                0x080049de                IIspSubCommandHandler::processRxData(unsigned char const*, unsigned char, unsigned long)
 .text._ZN21IIspSubCommandHandler15prepareDataToTxEPKhhRm
                0x080049e2        0x4 build/main.o
                0x080049e2                IIspSubCommandHandler::prepareDataToTx(unsigned char const*, unsigned char, unsigned long&)
 .text._ZN21IIspSubCommandHandler9getSubCmdEv
                0x080049e6        0x4 build/main.o
                0x080049e6                IIspSubCommandHandler::getSubCmd()
 .text._ZN21IIspSubCommandHandler13processCmdReqEPh
                0x080049ea        0x4 build/main.o
                0x080049ea                IIspSubCommandHandler::processCmdReq(unsigned char*)
 *fill*         0x080049ee        0x2 
 .text._ZN21IIspSubCommandHandlerD2Ev
                0x080049f0        0xc build/main.o
                0x080049f0                IIspSubCommandHandler::~IIspSubCommandHandler()
                0x080049f0                IIspSubCommandHandler::~IIspSubCommandHandler()
 .text._ZN29FirmwareVersion_SubCmdProcess13processCmdReqEPh
                0x080049fc       0x30 build/main.o
                0x080049fc                FirmwareVersion_SubCmdProcess::processCmdReq(unsigned char*)
 .text._ZN29FirmwareVersion_SubCmdProcess9getSubCmdEv
                0x08004a2c        0x4 build/main.o
                0x08004a2c                FirmwareVersion_SubCmdProcess::getSubCmd()
 .text._ZN21BoardID_SubCmdProcess13processCmdReqEPh
                0x08004a30       0x24 build/main.o
                0x08004a30                BoardID_SubCmdProcess::processCmdReq(unsigned char*)
 .text._ZN21BoardID_SubCmdProcess9getSubCmdEv
                0x08004a54        0x4 build/main.o
                0x08004a54                BoardID_SubCmdProcess::getSubCmd()
 .text._ZN24CartStatus_SubCmdProcess9getSubCmdEv
                0x08004a58        0x4 build/main.o
                0x08004a58                CartStatus_SubCmdProcess::getSubCmd()
 .text._ZN24GuiCtrlLed_SubCmdProcess13processCmdReqEPh
                0x08004a5c       0x2c build/main.o
                0x08004a5c                GuiCtrlLed_SubCmdProcess::processCmdReq(unsigned char*)
 .text._ZN24GuiCtrlLed_SubCmdProcess9getSubCmdEv
                0x08004a88        0x4 build/main.o
                0x08004a88                GuiCtrlLed_SubCmdProcess::getSubCmd()
 .text._ZN22GreenLed_SubCmdProcess9getSubCmdEv
                0x08004a8c        0x4 build/main.o
                0x08004a8c                GreenLed_SubCmdProcess::getSubCmd()
 .text._ZN20RedLed_SubCmdProcess9getSubCmdEv
                0x08004a90        0x4 build/main.o
                0x08004a90                RedLed_SubCmdProcess::getSubCmd()
 .text._ZN26SlotLedBlink_SubCmdProcess9getSubCmdEv
                0x08004a94        0x4 build/main.o
                0x08004a94                SlotLedBlink_SubCmdProcess::getSubCmd()
 .text._ZN25BlinkAllLed_SubCmdProcess9getSubCmdEv
                0x08004a98        0x4 build/main.o
                0x08004a98                BlinkAllLed_SubCmdProcess::getSubCmd()
 .text._ZN25LedLoopBack_SubCmdProcess9getSubCmdEv
                0x08004a9c        0x4 build/main.o
                0x08004a9c                LedLoopBack_SubCmdProcess::getSubCmd()
 .text._ZN21IspTransportInterface7receiveEPhj
                0x08004aa0        0x4 build/main.o
                0x08004aa0                IspTransportInterface::receive(unsigned char*, unsigned int)
 .text._ZNK21IspTransportInterface6statusEv
                0x08004aa4        0x4 build/main.o
                0x08004aa4                IspTransportInterface::status() const
 .text._ZN21IspTransportInterface5flushEv
                0x08004aa8        0x2 build/main.o
                0x08004aa8                IspTransportInterface::flush()
 *fill*         0x08004aaa        0x2 
 .text._ZNK21IspTransportInterface4nameEv
                0x08004aac        0x8 build/main.o
                0x08004aac                IspTransportInterface::name() const
 .text._ZN17IspCommandHandler12setTransportEP21IspTransportInterface
                0x08004ab4        0x4 build/main.o
                0x08004ab4                IspCommandHandler::setTransport(IspTransportInterface*)
 .text._ZN25LedLoopBack_SubCmdProcessD2Ev
                0x08004ab8       0x14 build/main.o
                0x08004ab8                LedLoopBack_SubCmdProcess::~LedLoopBack_SubCmdProcess()
                0x08004ab8                LedLoopBack_SubCmdProcess::~LedLoopBack_SubCmdProcess()
 .text._ZN25BlinkAllLed_SubCmdProcessD2Ev
                0x08004acc       0x14 build/main.o
                0x08004acc                BlinkAllLed_SubCmdProcess::~BlinkAllLed_SubCmdProcess()
                0x08004acc                BlinkAllLed_SubCmdProcess::~BlinkAllLed_SubCmdProcess()
 .text._ZN26SlotLedBlink_SubCmdProcessD2Ev
                0x08004ae0       0x14 build/main.o
                0x08004ae0                SlotLedBlink_SubCmdProcess::~SlotLedBlink_SubCmdProcess()
                0x08004ae0                SlotLedBlink_SubCmdProcess::~SlotLedBlink_SubCmdProcess()
 .text._ZN20RedLed_SubCmdProcessD2Ev
                0x08004af4       0x14 build/main.o
                0x08004af4                RedLed_SubCmdProcess::~RedLed_SubCmdProcess()
                0x08004af4                RedLed_SubCmdProcess::~RedLed_SubCmdProcess()
 .text._ZN22GreenLed_SubCmdProcessD2Ev
                0x08004b08       0x14 build/main.o
                0x08004b08                GreenLed_SubCmdProcess::~GreenLed_SubCmdProcess()
                0x08004b08                GreenLed_SubCmdProcess::~GreenLed_SubCmdProcess()
 .text._ZN24GuiCtrlLed_SubCmdProcessD2Ev
                0x08004b1c       0x14 build/main.o
                0x08004b1c                GuiCtrlLed_SubCmdProcess::~GuiCtrlLed_SubCmdProcess()
                0x08004b1c                GuiCtrlLed_SubCmdProcess::~GuiCtrlLed_SubCmdProcess()
 .text._ZN24CartStatus_SubCmdProcessD2Ev
                0x08004b30       0x14 build/main.o
                0x08004b30                CartStatus_SubCmdProcess::~CartStatus_SubCmdProcess()
                0x08004b30                CartStatus_SubCmdProcess::~CartStatus_SubCmdProcess()
 .text._ZN21BoardID_SubCmdProcessD2Ev
                0x08004b44       0x14 build/main.o
                0x08004b44                BoardID_SubCmdProcess::~BoardID_SubCmdProcess()
                0x08004b44                BoardID_SubCmdProcess::~BoardID_SubCmdProcess()
 .text._ZN29FirmwareVersion_SubCmdProcessD2Ev
                0x08004b58       0x14 build/main.o
                0x08004b58                FirmwareVersion_SubCmdProcess::~FirmwareVersion_SubCmdProcess()
                0x08004b58                FirmwareVersion_SubCmdProcess::~FirmwareVersion_SubCmdProcess()
 .text._ZN15UsbIspTransportD2Ev
                0x08004b6c       0x14 build/main.o
                0x08004b6c                UsbIspTransport::~UsbIspTransport()
                0x08004b6c                UsbIspTransport::~UsbIspTransport()
 .text._ZN17IspCmdReceiveDataD2Ev
                0x08004b80       0x14 build/main.o
                0x08004b80                IspCmdReceiveData::~IspCmdReceiveData()
                0x08004b80                IspCmdReceiveData::~IspCmdReceiveData()
 .text._ZN18IspCmdTransmitDataD2Ev
                0x08004b94       0x14 build/main.o
                0x08004b94                IspCmdTransmitData::~IspCmdTransmitData()
                0x08004b94                IspCmdTransmitData::~IspCmdTransmitData()
 .text._ZN6Darin2D2Ev
                0x08004ba8       0x14 build/main.o
                0x08004ba8                Darin2::~Darin2()
                0x08004ba8                Darin2::~Darin2()
 .text._ZN24GuiCtrlLed_SubCmdProcessD0Ev
                0x08004bbc       0x20 build/main.o
                0x08004bbc                GuiCtrlLed_SubCmdProcess::~GuiCtrlLed_SubCmdProcess()
 .text._ZN21IIspSubCommandHandlerD0Ev
                0x08004bdc       0x18 build/main.o
                0x08004bdc                IIspSubCommandHandler::~IIspSubCommandHandler()
 .text._ZN25BlinkAllLed_SubCmdProcessD0Ev
                0x08004bf4       0x20 build/main.o
                0x08004bf4                BlinkAllLed_SubCmdProcess::~BlinkAllLed_SubCmdProcess()
 .text._ZN26SlotLedBlink_SubCmdProcessD0Ev
                0x08004c14       0x20 build/main.o
                0x08004c14                SlotLedBlink_SubCmdProcess::~SlotLedBlink_SubCmdProcess()
 .text._ZN25LedLoopBack_SubCmdProcessD0Ev
                0x08004c34       0x20 build/main.o
                0x08004c34                LedLoopBack_SubCmdProcess::~LedLoopBack_SubCmdProcess()
 .text._ZN24CartStatus_SubCmdProcessD0Ev
                0x08004c54       0x20 build/main.o
                0x08004c54                CartStatus_SubCmdProcess::~CartStatus_SubCmdProcess()
 .text._ZN20RedLed_SubCmdProcessD0Ev
                0x08004c74       0x20 build/main.o
                0x08004c74                RedLed_SubCmdProcess::~RedLed_SubCmdProcess()
 .text._ZN22GreenLed_SubCmdProcessD0Ev
                0x08004c94       0x20 build/main.o
                0x08004c94                GreenLed_SubCmdProcess::~GreenLed_SubCmdProcess()
 .text._ZN21BoardID_SubCmdProcessD0Ev
                0x08004cb4       0x20 build/main.o
                0x08004cb4                BoardID_SubCmdProcess::~BoardID_SubCmdProcess()
 .text._ZN29FirmwareVersion_SubCmdProcessD0Ev
                0x08004cd4       0x20 build/main.o
                0x08004cd4                FirmwareVersion_SubCmdProcess::~FirmwareVersion_SubCmdProcess()
 .text._ZN24CartStatus_SubCmdProcess13processCmdReqEPh
                0x08004cf4       0x4c build/main.o
                0x08004cf4                CartStatus_SubCmdProcess::processCmdReq(unsigned char*)
 .text._ZN21IIspSubCommandHandler12EnocdeCmdResEhPht
                0x08004d40       0x2c build/main.o
                0x08004d40                IIspSubCommandHandler::EnocdeCmdRes(unsigned char, unsigned char*, unsigned short)
 .text._ZN21IIspSubCommandHandler12DecodeCmdReqEPh
                0x08004d6c       0x22 build/main.o
                0x08004d6c                IIspSubCommandHandler::DecodeCmdReq(unsigned char*)
 *fill*         0x08004d8e        0x2 
 .text._ZN25BlinkAllLed_SubCmdProcess13processCmdReqEPh
                0x08004d90       0x28 build/main.o
                0x08004d90                BlinkAllLed_SubCmdProcess::processCmdReq(unsigned char*)
 .text._ZN26SlotLedBlink_SubCmdProcess13processCmdReqEPh
                0x08004db8       0x2c build/main.o
                0x08004db8                SlotLedBlink_SubCmdProcess::processCmdReq(unsigned char*)
 .text._ZN25LedLoopBack_SubCmdProcess13processCmdReqEPh
                0x08004de4       0x30 build/main.o
                0x08004de4                LedLoopBack_SubCmdProcess::processCmdReq(unsigned char*)
 .text._ZN20RedLed_SubCmdProcess13processCmdReqEPh
                0x08004e14       0x2c build/main.o
                0x08004e14                RedLed_SubCmdProcess::processCmdReq(unsigned char*)
 .text._ZN22GreenLed_SubCmdProcess13processCmdReqEPh
                0x08004e40       0x2c build/main.o
                0x08004e40                GreenLed_SubCmdProcess::processCmdReq(unsigned char*)
 .text._ZL12MX_GPIO_Initv
                0x08004e6c      0x134 build/main.o
 .text._Z41__static_initialization_and_destruction_0ii
                0x08004fa0       0x90 build/main.o
 .text.Isp_forward_data
                0x08005030       0xb4 build/main.o
                0x08005030                Isp_forward_data
 .text._Z16BlinkLed_PA1_PA8t
                0x080050e4       0x34 build/main.o
                0x080050e4                BlinkLed_PA1_PA8(unsigned short)
 .text._Z13UpdateSlotLedv
                0x08005118       0x68 build/main.o
                0x08005118                UpdateSlotLed()
 .text.Error_Handler
                0x08005180        0x4 build/main.o
                0x08005180                Error_Handler
 .text._Z18SystemClock_Configv
                0x08005184       0xa4 build/main.o
                0x08005184                SystemClock_Config()
 .text.main     0x08005228      0x3cc build/main.o
                0x08005228                main
 .text._ZN15UsbIspTransportD0Ev
                0x080055f4       0x20 build/main.o
                0x080055f4                UsbIspTransport::~UsbIspTransport()
 .text._ZN17IspCmdReceiveDataD0Ev
                0x08005614       0x20 build/main.o
                0x08005614                IspCmdReceiveData::~IspCmdReceiveData()
 .text._ZN18IspCmdTransmitDataD0Ev
                0x08005634       0x20 build/main.o
                0x08005634                IspCmdTransmitData::~IspCmdTransmitData()
 .text._ZN6Darin2D0Ev
                0x08005654       0x20 build/main.o
                0x08005654                Darin2::~Darin2()
 .text._GLOBAL__sub_I_usbTransport
                0x08005674        0xe build/main.o
 .text._ZdlPvj  0x08005682        0x8 build/cpp_minimal.o
                0x08005682                operator delete(void*, unsigned int)
 .text.__cxa_pure_virtual
                0x0800568a        0x2 build/cpp_minimal.o
                0x0800568a                __cxa_pure_virtual
 .text.__cxa_guard_acquire
                0x0800568c        0xa build/cpp_minimal.o
                0x0800568c                __cxa_guard_acquire
 .text.__cxa_guard_release
                0x08005696        0x6 build/cpp_minimal.o
                0x08005696                __cxa_guard_release
 .text.__aeabi_atexit
                0x0800569c        0x4 build/cpp_minimal.o
                0x0800569c                __aeabi_atexit
 .text._ZN6Darin212prepareForRxEPKhhm
                0x080056a0       0xc0 build/Darin2.o
                0x080056a0                Darin2::prepareForRx(unsigned char const*, unsigned char, unsigned long)
 .text._ZN6Darin213processRxDataEPKhhm
                0x08005760       0xb2 build/Darin2.o
                0x08005760                Darin2::processRxData(unsigned char const*, unsigned char, unsigned long)
 .text._ZN6Darin215prepareDataToTxEPKhhRm
                0x08005812       0xbc build/Darin2.o
                0x08005812                Darin2::prepareDataToTx(unsigned char const*, unsigned char, unsigned long&)
 *fill*         0x080058ce        0x2 
 .text._ZN6Darin2C2Ev
                0x080058d0       0x1c build/Darin2.o
                0x080058d0                Darin2::Darin2()
                0x080058d0                Darin2::Darin2()
 .text._ZNK15UsbIspTransport4nameEv
                0x080058ec        0x8 build/SerialTransport.o
                0x080058ec                UsbIspTransport::name() const
 .text._ZN15UsbIspTransport8transmitEPVKhj
                0x080058f4       0x12 build/SerialTransport.o
                0x080058f4                UsbIspTransport::transmit(unsigned char const volatile*, unsigned int)
 *fill*         0x08005906        0x2 
 .text._ZN13IspCmdControlD2Ev
                0x08005908       0x38 build/IspCmdControl.o
                0x08005908                IspCmdControl::~IspCmdControl()
                0x08005908                IspCmdControl::~IspCmdControl()
 .text._ZN13IspCmdControl5matchEh
                0x08005940        0xa build/IspCmdControl.o
                0x08005940                IspCmdControl::match(unsigned char)
 .text._ZN13IspCmdControlD0Ev
                0x0800594a       0x14 build/IspCmdControl.o
                0x0800594a                IspCmdControl::~IspCmdControl()
 *fill*         0x0800595e        0x2 
 .text._ZN13IspCmdControlC2Ev
                0x08005960       0x4c build/IspCmdControl.o
                0x08005960                IspCmdControl::IspCmdControl()
                0x08005960                IspCmdControl::IspCmdControl()
 .text._ZN13IspCmdControl15setSubProcessorEP22IspSubCommandProcessor
                0x080059ac        0x4 build/IspCmdControl.o
                0x080059ac                IspCmdControl::setSubProcessor(IspSubCommandProcessor*)
 .text._ZN13IspCmdControl11findHandlerE13IspSubCommand
                0x080059b0       0x3c build/IspCmdControl.o
                0x080059b0                IspCmdControl::findHandler(IspSubCommand)
 .text._ZN13IspCmdControl7executeEPhm
                0x080059ec       0xac build/IspCmdControl.o
                0x080059ec                IspCmdControl::execute(unsigned char*, unsigned long)
 .text._ZN13IspCmdControl22registerSubCmdHandlersEP21IIspSubCommandHandler
                0x08005a98       0x3c build/IspCmdControl.o
                0x08005a98                IspCmdControl::registerSubCmdHandlers(IIspSubCommandHandler*)
 .text._ZN17IspCmdReceiveData5matchEh
                0x08005ad4       0x14 build/IspCmdReceiveData.o
                0x08005ad4                IspCmdReceiveData::match(unsigned char)
 .text._ZN17IspCmdReceiveData15setSubProcessorEP22IspSubCommandProcessor
                0x08005ae8        0x4 build/IspCmdReceiveData.o
                0x08005ae8                IspCmdReceiveData::setSubProcessor(IspSubCommandProcessor*)
 .text._ZN17IspCmdReceiveData5resetEv
                0x08005aec        0xe build/IspCmdReceiveData.o
                0x08005aec                IspCmdReceiveData::reset()
 *fill*         0x08005afa        0x2 
 .text._ZN17IspCmdReceiveDataC2Ev
                0x08005afc       0x24 build/IspCmdReceiveData.o
                0x08005afc                IspCmdReceiveData::IspCmdReceiveData()
                0x08005afc                IspCmdReceiveData::IspCmdReceiveData()
 .text._ZN17IspCmdReceiveData7sendAckEt14IspReturnCodes
                0x08005b20       0x9a build/IspCmdReceiveData.o
                0x08005b20                IspCmdReceiveData::sendAck(unsigned short, IspReturnCodes)
 .text._ZN17IspCmdReceiveData8sendNackEt14IspReturnCodes
                0x08005bba       0x9c build/IspCmdReceiveData.o
                0x08005bba                IspCmdReceiveData::sendNack(unsigned short, IspReturnCodes)
 .text._ZN17IspCmdReceiveData11sendDoneAckE14IspReturnCodes
                0x08005c56       0x9e build/IspCmdReceiveData.o
                0x08005c56                IspCmdReceiveData::sendDoneAck(IspReturnCodes)
 .text._ZN17IspCmdReceiveData15handleDataChunkEPKhm
                0x08005cf4      0x140 build/IspCmdReceiveData.o
                0x08005cf4                IspCmdReceiveData::handleDataChunk(unsigned char const*, unsigned long)
 .text._ZN17IspCmdReceiveData9sendRXAckEh
                0x08005e34       0x92 build/IspCmdReceiveData.o
                0x08005e34                IspCmdReceiveData::sendRXAck(unsigned char)
 .text._ZN17IspCmdReceiveData10sendRXNackEh14IspReturnCodes
                0x08005ec6       0x9c build/IspCmdReceiveData.o
                0x08005ec6                IspCmdReceiveData::sendRXNack(unsigned char, IspReturnCodes)
 .text._ZN17IspCmdReceiveData18handleStartCommandEPKhm
                0x08005f62       0x72 build/IspCmdReceiveData.o
                0x08005f62                IspCmdReceiveData::handleStartCommand(unsigned char const*, unsigned long)
 .text._ZN17IspCmdReceiveData7executeEPhm
                0x08005fd4       0x2c build/IspCmdReceiveData.o
                0x08005fd4                IspCmdReceiveData::execute(unsigned char*, unsigned long)
 .text._ZN18IspCmdTransmitData5matchEh
                0x08006000       0x3c build/IspCmdTransmitData.o
                0x08006000                IspCmdTransmitData::match(unsigned char)
 .text._ZN18IspCmdTransmitDataC2Ev
                0x0800603c       0x24 build/IspCmdTransmitData.o
                0x0800603c                IspCmdTransmitData::IspCmdTransmitData()
                0x0800603c                IspCmdTransmitData::IspCmdTransmitData()
 .text._ZN18IspCmdTransmitData15setSubProcessorEP22IspSubCommandProcessor
                0x08006060        0x4 build/IspCmdTransmitData.o
                0x08006060                IspCmdTransmitData::setSubProcessor(IspSubCommandProcessor*)
 .text._ZN18IspCmdTransmitData13setDataToSendEm
                0x08006064        0xc build/IspCmdTransmitData.o
                0x08006064                IspCmdTransmitData::setDataToSend(unsigned long)
 .text._ZN18IspCmdTransmitData13handleAckDoneEv
                0x08006070        0x6 build/IspCmdTransmitData.o
                0x08006070                IspCmdTransmitData::handleAckDone()
 .text._ZN18IspCmdTransmitData10sendTXNackEhh
                0x08006076       0x9c build/IspCmdTransmitData.o
                0x08006076                IspCmdTransmitData::sendTXNack(unsigned char, unsigned char)
 *fill*         0x08006112        0x2 
 .text._ZN18IspCmdTransmitData14sendNextPacketEt
                0x08006114      0x1c0 build/IspCmdTransmitData.o
                0x08006114                IspCmdTransmitData::sendNextPacket(unsigned short)
 .text._ZN18IspCmdTransmitData17startTransmissionEv
                0x080062d4       0x16 build/IspCmdTransmitData.o
                0x080062d4                IspCmdTransmitData::startTransmission()
 *fill*         0x080062ea        0x2 
 .text._ZN18IspCmdTransmitData23resendPacketForSequenceEt
                0x080062ec       0xf8 build/IspCmdTransmitData.o
                0x080062ec                IspCmdTransmitData::resendPacketForSequence(unsigned short)
 .text._ZN18IspCmdTransmitData9handleAckEPhm
                0x080063e4       0x40 build/IspCmdTransmitData.o
                0x080063e4                IspCmdTransmitData::handleAck(unsigned char*, unsigned long)
 .text._ZN18IspCmdTransmitData5resetEv
                0x08006424       0x14 build/IspCmdTransmitData.o
                0x08006424                IspCmdTransmitData::reset()
 .text._ZN18IspCmdTransmitData13handleTxResetEv
                0x08006438        0x8 build/IspCmdTransmitData.o
                0x08006438                IspCmdTransmitData::handleTxReset()
 .text._ZN18IspCmdTransmitData19handleTxDataCommandEPhm
                0x08006440       0x6a build/IspCmdTransmitData.o
                0x08006440                IspCmdTransmitData::handleTxDataCommand(unsigned char*, unsigned long)
 .text._ZN18IspCmdTransmitData10handleNackEPhm
                0x080064aa       0x30 build/IspCmdTransmitData.o
                0x080064aa                IspCmdTransmitData::handleNack(unsigned char*, unsigned long)
 .text._ZN18IspCmdTransmitData7executeEPhm
                0x080064da       0x3e build/IspCmdTransmitData.o
                0x080064da                IspCmdTransmitData::execute(unsigned char*, unsigned long)
 .text._ZN17IspCommandManagerC2Ev
                0x08006518       0x1e build/IspCommandManager.o
                0x08006518                IspCommandManager::IspCommandManager()
                0x08006518                IspCommandManager::IspCommandManager()
 .text._ZN17IspCommandManager10addHandlerEP17IspCommandHandler
                0x08006536       0x14 build/IspCommandManager.o
                0x08006536                IspCommandManager::addHandler(IspCommandHandler*)
 .text._ZN17IspCommandManager10handleDataEPhm
                0x0800654a       0x42 build/IspCommandManager.o
                0x0800654a                IspCommandManager::handleData(unsigned char*, unsigned long)
 .text._ZN17IspCommandManager10setBoardIDE10IspBoardId
                0x0800658c        0x6 build/IspCommandManager.o
                0x0800658c                IspCommandManager::setBoardID(IspBoardId)
 .text._ZN22IspSubCommandProcessorC2Ev
                0x08006592       0x34 build/IspSubCommandProcessor.o
                0x08006592                IspSubCommandProcessor::IspSubCommandProcessor()
                0x08006592                IspSubCommandProcessor::IspSubCommandProcessor()
 .text._ZN22IspSubCommandProcessor15registerHandlerEhP21IIspSubCommandHandler
                0x080065c6       0x2c build/IspSubCommandProcessor.o
                0x080065c6                IspSubCommandProcessor::registerHandler(unsigned char, IIspSubCommandHandler*)
 .text._ZN22IspSubCommandProcessor11findHandlerEh
                0x080065f2       0x3a build/IspSubCommandProcessor.o
                0x080065f2                IspSubCommandProcessor::findHandler(unsigned char)
 .text._ZN22IspSubCommandProcessor12prepareForRxEhPKhm
                0x0800662c       0x30 build/IspSubCommandProcessor.o
                0x0800662c                IspSubCommandProcessor::prepareForRx(unsigned char, unsigned char const*, unsigned long)
 .text._ZN22IspSubCommandProcessor19processRxSubCommandEhPKhm
                0x0800665c       0x2c build/IspSubCommandProcessor.o
                0x0800665c                IspSubCommandProcessor::processRxSubCommand(unsigned char, unsigned char const*, unsigned long)
 .text._ZN22IspSubCommandProcessor13prepareTxDataEhPKhRm
                0x08006688       0x30 build/IspSubCommandProcessor.o
                0x08006688                IspSubCommandProcessor::prepareTxData(unsigned char, unsigned char const*, unsigned long&)
 .text._Z19SafeWriteToTxBufferPKhmm
                0x080066b8       0x24 build/safeBuffer.o
                0x080066b8                SafeWriteToTxBuffer(unsigned char const*, unsigned long, unsigned long)
 .text._Z19SafeWriteToRxBufferPKhmm
                0x080066dc       0x24 build/safeBuffer.o
                0x080066dc                SafeWriteToRxBuffer(unsigned char const*, unsigned long, unsigned long)
 .text.Reset_Handler
                0x08006700       0x50 build/startup_stm32f411vetx.o
                0x08006700                Reset_Handler
 .text.Default_Handler
                0x08006750        0x2 build/startup_stm32f411vetx.o
                0x08006750                RTC_Alarm_IRQHandler
                0x08006750                EXTI2_IRQHandler
                0x08006750                SPI4_IRQHandler
                0x08006750                TIM1_CC_IRQHandler
                0x08006750                DMA2_Stream5_IRQHandler
                0x08006750                DMA1_Stream5_IRQHandler
                0x08006750                PVD_IRQHandler
                0x08006750                SDIO_IRQHandler
                0x08006750                TAMP_STAMP_IRQHandler
                0x08006750                EXTI3_IRQHandler
                0x08006750                TIM1_UP_TIM10_IRQHandler
                0x08006750                I2C3_ER_IRQHandler
                0x08006750                EXTI0_IRQHandler
                0x08006750                I2C2_EV_IRQHandler
                0x08006750                DMA1_Stream2_IRQHandler
                0x08006750                FPU_IRQHandler
                0x08006750                DMA2_Stream2_IRQHandler
                0x08006750                SPI1_IRQHandler
                0x08006750                TIM1_BRK_TIM9_IRQHandler
                0x08006750                DMA2_Stream3_IRQHandler
                0x08006750                USART6_IRQHandler
                0x08006750                DMA2_Stream0_IRQHandler
                0x08006750                TIM4_IRQHandler
                0x08006750                I2C1_EV_IRQHandler
                0x08006750                DMA1_Stream6_IRQHandler
                0x08006750                DMA1_Stream1_IRQHandler
                0x08006750                TIM3_IRQHandler
                0x08006750                RCC_IRQHandler
                0x08006750                Default_Handler
                0x08006750                EXTI15_10_IRQHandler
                0x08006750                ADC_IRQHandler
                0x08006750                DMA1_Stream7_IRQHandler
                0x08006750                SPI5_IRQHandler
                0x08006750                TIM5_IRQHandler
                0x08006750                DMA2_Stream7_IRQHandler
                0x08006750                I2C3_EV_IRQHandler
                0x08006750                EXTI9_5_IRQHandler
                0x08006750                RTC_WKUP_IRQHandler
                0x08006750                SPI2_IRQHandler
                0x08006750                DMA1_Stream0_IRQHandler
                0x08006750                EXTI4_IRQHandler
                0x08006750                WWDG_IRQHandler
                0x08006750                TIM2_IRQHandler
                0x08006750                OTG_FS_WKUP_IRQHandler
                0x08006750                TIM1_TRG_COM_TIM11_IRQHandler
                0x08006750                EXTI1_IRQHandler
                0x08006750                USART2_IRQHandler
                0x08006750                I2C2_ER_IRQHandler
                0x08006750                DMA2_Stream1_IRQHandler
                0x08006750                FLASH_IRQHandler
                0x08006750                DMA2_Stream4_IRQHandler
                0x08006750                USART1_IRQHandler
                0x08006750                SPI3_IRQHandler
                0x08006750                DMA1_Stream4_IRQHandler
                0x08006750                I2C1_ER_IRQHandler
                0x08006750                DMA2_Stream6_IRQHandler
                0x08006750                DMA1_Stream3_IRQHandler
 *fill*         0x08006752        0x2 
 .text.__errno  0x08006754        0xc c:/program files (x86)/gnu arm embedded toolchain/10 2021.10/bin/../lib/gcc/arm-none-eabi/10.3.1/../../../../arm-none-eabi/lib/thumb/v7e-m+fp/hard\libc_nano.a(lib_a-errno.o)
                0x08006754                __errno
 .text.__libc_init_array
                0x08006760       0x48 c:/program files (x86)/gnu arm embedded toolchain/10 2021.10/bin/../lib/gcc/arm-none-eabi/10.3.1/../../../../arm-none-eabi/lib/thumb/v7e-m+fp/hard\libc_nano.a(lib_a-init.o)
                0x08006760                __libc_init_array
 .text.free     0x080067a8       0x10 c:/program files (x86)/gnu arm embedded toolchain/10 2021.10/bin/../lib/gcc/arm-none-eabi/10.3.1/../../../../arm-none-eabi/lib/thumb/v7e-m+fp/hard\libc_nano.a(lib_a-malloc.o)
                0x080067a8                free
 .text.memcpy   0x080067b8       0x1c c:/program files (x86)/gnu arm embedded toolchain/10 2021.10/bin/../lib/gcc/arm-none-eabi/10.3.1/../../../../arm-none-eabi/lib/thumb/v7e-m+fp/hard\libc_nano.a(lib_a-memcpy-stub.o)
                0x080067b8                memcpy
 .text.memmove  0x080067d4       0x34 c:/program files (x86)/gnu arm embedded toolchain/10 2021.10/bin/../lib/gcc/arm-none-eabi/10.3.1/../../../../arm-none-eabi/lib/thumb/v7e-m+fp/hard\libc_nano.a(lib_a-memmove.o)
                0x080067d4                memmove
 .text.memset   0x08006808       0x10 c:/program files (x86)/gnu arm embedded toolchain/10 2021.10/bin/../lib/gcc/arm-none-eabi/10.3.1/../../../../arm-none-eabi/lib/thumb/v7e-m+fp/hard\libc_nano.a(lib_a-memset.o)
                0x08006808                memset
 .text._free_r  0x08006818       0x98 c:/program files (x86)/gnu arm embedded toolchain/10 2021.10/bin/../lib/gcc/arm-none-eabi/10.3.1/../../../../arm-none-eabi/lib/thumb/v7e-m+fp/hard\libc_nano.a(lib_a-nano-freer.o)
                0x08006818                _free_r
 .text.sbrk_aligned
                0x080068b0       0x40 c:/program files (x86)/gnu arm embedded toolchain/10 2021.10/bin/../lib/gcc/arm-none-eabi/10.3.1/../../../../arm-none-eabi/lib/thumb/v7e-m+fp/hard\libc_nano.a(lib_a-nano-mallocr.o)
 .text._malloc_r
                0x080068f0       0xe8 c:/program files (x86)/gnu arm embedded toolchain/10 2021.10/bin/../lib/gcc/arm-none-eabi/10.3.1/../../../../arm-none-eabi/lib/thumb/v7e-m+fp/hard\libc_nano.a(lib_a-nano-mallocr.o)
                0x080068f0                _malloc_r
 .text.printf   0x080069d8       0x30 c:/program files (x86)/gnu arm embedded toolchain/10 2021.10/bin/../lib/gcc/arm-none-eabi/10.3.1/../../../../arm-none-eabi/lib/thumb/v7e-m+fp/hard\libc_nano.a(lib_a-printf.o)
                0x080069d8                iprintf
                0x080069d8                printf
 .text._sbrk_r  0x08006a08       0x20 c:/program files (x86)/gnu arm embedded toolchain/10 2021.10/bin/../lib/gcc/arm-none-eabi/10.3.1/../../../../arm-none-eabi/lib/thumb/v7e-m+fp/hard\libc_nano.a(lib_a-sbrkr.o)
                0x08006a08                _sbrk_r
 .text.std      0x08006a28       0x48 c:/program files (x86)/gnu arm embedded toolchain/10 2021.10/bin/../lib/gcc/arm-none-eabi/10.3.1/../../../../arm-none-eabi/lib/thumb/v7e-m+fp/hard\libc_nano.a(lib_a-findfp.o)
 .text._cleanup_r
                0x08006a70        0xc c:/program files (x86)/gnu arm embedded toolchain/10 2021.10/bin/../lib/gcc/arm-none-eabi/10.3.1/../../../../arm-none-eabi/lib/thumb/v7e-m+fp/hard\libc_nano.a(lib_a-findfp.o)
                0x08006a70                _cleanup_r
 .text.__sfmoreglue
                0x08006a7c       0x2c c:/program files (x86)/gnu arm embedded toolchain/10 2021.10/bin/../lib/gcc/arm-none-eabi/10.3.1/../../../../arm-none-eabi/lib/thumb/v7e-m+fp/hard\libc_nano.a(lib_a-findfp.o)
                0x08006a7c                __sfmoreglue
 .text.__sfp_lock_acquire
                0x08006aa8        0xc c:/program files (x86)/gnu arm embedded toolchain/10 2021.10/bin/../lib/gcc/arm-none-eabi/10.3.1/../../../../arm-none-eabi/lib/thumb/v7e-m+fp/hard\libc_nano.a(lib_a-findfp.o)
                0x08006aa8                __sfp_lock_acquire
 .text.__sfp_lock_release
                0x08006ab4        0xc c:/program files (x86)/gnu arm embedded toolchain/10 2021.10/bin/../lib/gcc/arm-none-eabi/10.3.1/../../../../arm-none-eabi/lib/thumb/v7e-m+fp/hard\libc_nano.a(lib_a-findfp.o)
                0x08006ab4                __sfp_lock_release
 .text.__sinit_lock_acquire
                0x08006ac0        0xc c:/program files (x86)/gnu arm embedded toolchain/10 2021.10/bin/../lib/gcc/arm-none-eabi/10.3.1/../../../../arm-none-eabi/lib/thumb/v7e-m+fp/hard\libc_nano.a(lib_a-findfp.o)
                0x08006ac0                __sinit_lock_acquire
 .text.__sinit_lock_release
                0x08006acc        0xc c:/program files (x86)/gnu arm embedded toolchain/10 2021.10/bin/../lib/gcc/arm-none-eabi/10.3.1/../../../../arm-none-eabi/lib/thumb/v7e-m+fp/hard\libc_nano.a(lib_a-findfp.o)
                0x08006acc                __sinit_lock_release
 .text.__sinit  0x08006ad8       0x70 c:/program files (x86)/gnu arm embedded toolchain/10 2021.10/bin/../lib/gcc/arm-none-eabi/10.3.1/../../../../arm-none-eabi/lib/thumb/v7e-m+fp/hard\libc_nano.a(lib_a-findfp.o)
                0x08006ad8                __sinit
 .text.__sfp    0x08006b48       0x8c c:/program files (x86)/gnu arm embedded toolchain/10 2021.10/bin/../lib/gcc/arm-none-eabi/10.3.1/../../../../arm-none-eabi/lib/thumb/v7e-m+fp/hard\libc_nano.a(lib_a-findfp.o)
                0x08006b48                __sfp
 .text._fwalk_reent
                0x08006bd4       0x3e c:/program files (x86)/gnu arm embedded toolchain/10 2021.10/bin/../lib/gcc/arm-none-eabi/10.3.1/../../../../arm-none-eabi/lib/thumb/v7e-m+fp/hard\libc_nano.a(lib_a-fwalk.o)
                0x08006bd4                _fwalk_reent
 .text.__retarget_lock_init_recursive
                0x08006c12        0x2 c:/program files (x86)/gnu arm embedded toolchain/10 2021.10/bin/../lib/gcc/arm-none-eabi/10.3.1/../../../../arm-none-eabi/lib/thumb/v7e-m+fp/hard\libc_nano.a(lib_a-lock.o)
                0x08006c12                __retarget_lock_init_recursive
 .text.__retarget_lock_acquire_recursive
                0x08006c14        0x2 c:/program files (x86)/gnu arm embedded toolchain/10 2021.10/bin/../lib/gcc/arm-none-eabi/10.3.1/../../../../arm-none-eabi/lib/thumb/v7e-m+fp/hard\libc_nano.a(lib_a-lock.o)
                0x08006c14                __retarget_lock_acquire_recursive
 .text.__retarget_lock_release_recursive
                0x08006c16        0x2 c:/program files (x86)/gnu arm embedded toolchain/10 2021.10/bin/../lib/gcc/arm-none-eabi/10.3.1/../../../../arm-none-eabi/lib/thumb/v7e-m+fp/hard\libc_nano.a(lib_a-lock.o)
                0x08006c16                __retarget_lock_release_recursive
 .text.__malloc_lock
                0x08006c18        0xc c:/program files (x86)/gnu arm embedded toolchain/10 2021.10/bin/../lib/gcc/arm-none-eabi/10.3.1/../../../../arm-none-eabi/lib/thumb/v7e-m+fp/hard\libc_nano.a(lib_a-mlock.o)
                0x08006c18                __malloc_lock
 .text.__malloc_unlock
                0x08006c24        0xc c:/program files (x86)/gnu arm embedded toolchain/10 2021.10/bin/../lib/gcc/arm-none-eabi/10.3.1/../../../../arm-none-eabi/lib/thumb/v7e-m+fp/hard\libc_nano.a(lib_a-mlock.o)
                0x08006c24                __malloc_unlock
 .text.__sfputc_r
                0x08006c30       0x2e c:/program files (x86)/gnu arm embedded toolchain/10 2021.10/bin/../lib/gcc/arm-none-eabi/10.3.1/../../../../arm-none-eabi/lib/thumb/v7e-m+fp/hard\libc_nano.a(lib_a-nano-vfprintf.o)
 .text.__sfputs_r
                0x08006c5e       0x24 c:/program files (x86)/gnu arm embedded toolchain/10 2021.10/bin/../lib/gcc/arm-none-eabi/10.3.1/../../../../arm-none-eabi/lib/thumb/v7e-m+fp/hard\libc_nano.a(lib_a-nano-vfprintf.o)
                0x08006c5e                __sfputs_r
 *fill*         0x08006c82        0x2 
 .text._vfprintf_r
                0x08006c84      0x260 c:/program files (x86)/gnu arm embedded toolchain/10 2021.10/bin/../lib/gcc/arm-none-eabi/10.3.1/../../../../arm-none-eabi/lib/thumb/v7e-m+fp/hard\libc_nano.a(lib_a-nano-vfprintf.o)
                0x08006c84                _vfprintf_r
                0x08006c84                _vfiprintf_r
 .text._printf_common
                0x08006ee4       0xda c:/program files (x86)/gnu arm embedded toolchain/10 2021.10/bin/../lib/gcc/arm-none-eabi/10.3.1/../../../../arm-none-eabi/lib/thumb/v7e-m+fp/hard\libc_nano.a(lib_a-nano-vfprintf_i.o)
                0x08006ee4                _printf_common
 *fill*         0x08006fbe        0x2 
 .text._printf_i
                0x08006fc0      0x24c c:/program files (x86)/gnu arm embedded toolchain/10 2021.10/bin/../lib/gcc/arm-none-eabi/10.3.1/../../../../arm-none-eabi/lib/thumb/v7e-m+fp/hard\libc_nano.a(lib_a-nano-vfprintf_i.o)
                0x08006fc0                _printf_i
 .text.__sread  0x0800720c       0x22 c:/program files (x86)/gnu arm embedded toolchain/10 2021.10/bin/../lib/gcc/arm-none-eabi/10.3.1/../../../../arm-none-eabi/lib/thumb/v7e-m+fp/hard\libc_nano.a(lib_a-stdio.o)
                0x0800720c                __sread
 .text.__swrite
                0x0800722e       0x38 c:/program files (x86)/gnu arm embedded toolchain/10 2021.10/bin/../lib/gcc/arm-none-eabi/10.3.1/../../../../arm-none-eabi/lib/thumb/v7e-m+fp/hard\libc_nano.a(lib_a-stdio.o)
                0x0800722e                __swrite
 .text.__sseek  0x08007266       0x24 c:/program files (x86)/gnu arm embedded toolchain/10 2021.10/bin/../lib/gcc/arm-none-eabi/10.3.1/../../../../arm-none-eabi/lib/thumb/v7e-m+fp/hard\libc_nano.a(lib_a-stdio.o)
                0x08007266                __sseek
 .text.__sclose
                0x0800728a        0x8 c:/program files (x86)/gnu arm embedded toolchain/10 2021.10/bin/../lib/gcc/arm-none-eabi/10.3.1/../../../../arm-none-eabi/lib/thumb/v7e-m+fp/hard\libc_nano.a(lib_a-stdio.o)
                0x0800728a                __sclose
 *fill*         0x08007292        0x2 
 .text.__swbuf_r
                0x08007294       0xa4 c:/program files (x86)/gnu arm embedded toolchain/10 2021.10/bin/../lib/gcc/arm-none-eabi/10.3.1/../../../../arm-none-eabi/lib/thumb/v7e-m+fp/hard\libc_nano.a(lib_a-wbuf.o)
                0x08007294                __swbuf_r
 .text._write_r
                0x08007338       0x24 c:/program files (x86)/gnu arm embedded toolchain/10 2021.10/bin/../lib/gcc/arm-none-eabi/10.3.1/../../../../arm-none-eabi/lib/thumb/v7e-m+fp/hard\libc_nano.a(lib_a-writer.o)
                0x08007338                _write_r
 .text.__swsetup_r
                0x0800735c       0xdc c:/program files (x86)/gnu arm embedded toolchain/10 2021.10/bin/../lib/gcc/arm-none-eabi/10.3.1/../../../../arm-none-eabi/lib/thumb/v7e-m+fp/hard\libc_nano.a(lib_a-wsetup.o)
                0x0800735c                __swsetup_r
 .text._close_r
                0x08007438       0x20 c:/program files (x86)/gnu arm embedded toolchain/10 2021.10/bin/../lib/gcc/arm-none-eabi/10.3.1/../../../../arm-none-eabi/lib/thumb/v7e-m+fp/hard\libc_nano.a(lib_a-closer.o)
                0x08007438                _close_r
 .text.__sflush_r
                0x08007458      0x10c c:/program files (x86)/gnu arm embedded toolchain/10 2021.10/bin/../lib/gcc/arm-none-eabi/10.3.1/../../../../arm-none-eabi/lib/thumb/v7e-m+fp/hard\libc_nano.a(lib_a-fflush.o)
                0x08007458                __sflush_r
 .text._fflush_r
                0x08007564       0x78 c:/program files (x86)/gnu arm embedded toolchain/10 2021.10/bin/../lib/gcc/arm-none-eabi/10.3.1/../../../../arm-none-eabi/lib/thumb/v7e-m+fp/hard\libc_nano.a(lib_a-fflush.o)
                0x08007564                _fflush_r
 .text._lseek_r
                0x080075dc       0x24 c:/program files (x86)/gnu arm embedded toolchain/10 2021.10/bin/../lib/gcc/arm-none-eabi/10.3.1/../../../../arm-none-eabi/lib/thumb/v7e-m+fp/hard\libc_nano.a(lib_a-lseekr.o)
                0x080075dc                _lseek_r
 .text.__swhatbuf_r
                0x08007600       0x4a c:/program files (x86)/gnu arm embedded toolchain/10 2021.10/bin/../lib/gcc/arm-none-eabi/10.3.1/../../../../arm-none-eabi/lib/thumb/v7e-m+fp/hard\libc_nano.a(lib_a-makebuf.o)
                0x08007600                __swhatbuf_r
 *fill*         0x0800764a        0x2 
 .text.__smakebuf_r
                0x0800764c       0x80 c:/program files (x86)/gnu arm embedded toolchain/10 2021.10/bin/../lib/gcc/arm-none-eabi/10.3.1/../../../../arm-none-eabi/lib/thumb/v7e-m+fp/hard\libc_nano.a(lib_a-makebuf.o)
                0x0800764c                __smakebuf_r
 .text._read_r  0x080076cc       0x24 c:/program files (x86)/gnu arm embedded toolchain/10 2021.10/bin/../lib/gcc/arm-none-eabi/10.3.1/../../../../arm-none-eabi/lib/thumb/v7e-m+fp/hard\libc_nano.a(lib_a-readr.o)
                0x080076cc                _read_r
 .text._fstat_r
                0x080076f0       0x24 c:/program files (x86)/gnu arm embedded toolchain/10 2021.10/bin/../lib/gcc/arm-none-eabi/10.3.1/../../../../arm-none-eabi/lib/thumb/v7e-m+fp/hard\libc_nano.a(lib_a-fstatr.o)
                0x080076f0                _fstat_r
 .text._isatty_r
                0x08007714       0x20 c:/program files (x86)/gnu arm embedded toolchain/10 2021.10/bin/../lib/gcc/arm-none-eabi/10.3.1/../../../../arm-none-eabi/lib/thumb/v7e-m+fp/hard\libc_nano.a(lib_a-isattyr.o)
                0x08007714                _isatty_r
 *(.glue_7)
 .glue_7        0x08007734        0x0 linker stubs
 *(.glue_7t)
 .glue_7t       0x08007734        0x0 linker stubs
 *(.eh_frame)
 .eh_frame      0x08007734        0x0 c:/program files (x86)/gnu arm embedded toolchain/10 2021.10/bin/../lib/gcc/arm-none-eabi/10.3.1/thumb/v7e-m+fp/hard/crtbegin.o
 *(.init)
 .init          0x08007734        0x4 c:/program files (x86)/gnu arm embedded toolchain/10 2021.10/bin/../lib/gcc/arm-none-eabi/10.3.1/thumb/v7e-m+fp/hard/crti.o
                0x08007734                _init
 .init          0x08007738        0x8 c:/program files (x86)/gnu arm embedded toolchain/10 2021.10/bin/../lib/gcc/arm-none-eabi/10.3.1/thumb/v7e-m+fp/hard/crtn.o
 *(.fini)
 .fini          0x08007740        0x4 c:/program files (x86)/gnu arm embedded toolchain/10 2021.10/bin/../lib/gcc/arm-none-eabi/10.3.1/thumb/v7e-m+fp/hard/crti.o
                0x08007740                _fini
 .fini          0x08007744        0x8 c:/program files (x86)/gnu arm embedded toolchain/10 2021.10/bin/../lib/gcc/arm-none-eabi/10.3.1/thumb/v7e-m+fp/hard/crtn.o
                0x0800774c                . = ALIGN (0x4)
                0x0800774c                _etext = .

.vfp11_veneer   0x0800774c        0x0
 .vfp11_veneer  0x0800774c        0x0 linker stubs

.v4_bx          0x0800774c        0x0
 .v4_bx         0x0800774c        0x0 linker stubs

.iplt           0x0800774c        0x0
 .iplt          0x0800774c        0x0 c:/program files (x86)/gnu arm embedded toolchain/10 2021.10/bin/../lib/gcc/arm-none-eabi/10.3.1/thumb/v7e-m+fp/hard/crtbegin.o

.rodata         0x0800774c      0x424
                0x0800774c                . = ALIGN (0x4)
 *(.rodata)
 *(.rodata*)
 .rodata.CE_PINS
                0x0800774c        0x8 build/Darin2Cart_Driver.o
 .rodata.GREEN_LED
                0x08007754        0x8 build/Darin2Cart_Driver.o
 .rodata.RDY_PINS
                0x0800775c        0x8 build/Darin2Cart_Driver.o
 .rodata.RED_LED
                0x08007764        0x8 build/Darin2Cart_Driver.o
 .rodata.SLT_PINS
                0x0800776c        0x8 build/Darin2Cart_Driver.o
 .rodata.USBD_FS_ProductStrDescriptor.str1.4
                0x08007774       0x16 build/usbd_desc.o
 *fill*         0x0800778a        0x2 
 .rodata.USBD_FS_ManufacturerStrDescriptor.str1.4
                0x0800778c       0x13 build/usbd_desc.o
 *fill*         0x0800779f        0x1 
 .rodata.USBD_FS_ConfigStrDescriptor.str1.4
                0x080077a0        0xb build/usbd_desc.o
 *fill*         0x080077ab        0x1 
 .rodata.USBD_FS_InterfaceStrDescriptor.str1.4
                0x080077ac        0xe build/usbd_desc.o
 *fill*         0x080077ba        0x2 
 .rodata.AHBPrescTable
                0x080077bc       0x10 build/system_stm32f4xx.o
                0x080077bc                AHBPrescTable
 .rodata._ZN29FirmwareVersion_SubCmdProcess13processCmdReqEPh.str1.4
                0x080077cc        0x4 build/main.o
 .rodata._ZNK21IspTransportInterface4nameEv.str1.4
                0x080077d0       0x11 build/main.o
 *fill*         0x080077e1        0x3 
 .rodata._ZTV21IIspSubCommandHandler
                0x080077e4       0x2c build/main.o
                0x080077e4                vtable for IIspSubCommandHandler
 .rodata._ZTV29FirmwareVersion_SubCmdProcess
                0x08007810       0x2c build/main.o
                0x08007810                vtable for FirmwareVersion_SubCmdProcess
 .rodata._ZTV21BoardID_SubCmdProcess
                0x0800783c       0x2c build/main.o
                0x0800783c                vtable for BoardID_SubCmdProcess
 .rodata._ZTV24CartStatus_SubCmdProcess
                0x08007868       0x2c build/main.o
                0x08007868                vtable for CartStatus_SubCmdProcess
 .rodata._ZTV24GuiCtrlLed_SubCmdProcess
                0x08007894       0x2c build/main.o
                0x08007894                vtable for GuiCtrlLed_SubCmdProcess
 .rodata._ZTV22GreenLed_SubCmdProcess
                0x080078c0       0x2c build/main.o
                0x080078c0                vtable for GreenLed_SubCmdProcess
 .rodata._ZTV20RedLed_SubCmdProcess
                0x080078ec       0x2c build/main.o
                0x080078ec                vtable for RedLed_SubCmdProcess
 .rodata._ZTV26SlotLedBlink_SubCmdProcess
                0x08007918       0x2c build/main.o
                0x08007918                vtable for SlotLedBlink_SubCmdProcess
 .rodata._ZTV25BlinkAllLed_SubCmdProcess
                0x08007944       0x2c build/main.o
                0x08007944                vtable for BlinkAllLed_SubCmdProcess
 .rodata._ZTV25LedLoopBack_SubCmdProcess
                0x08007970       0x2c build/main.o
                0x08007970                vtable for LedLoopBack_SubCmdProcess
 .rodata._ZTV21IspTransportInterface
                0x0800799c       0x24 build/main.o
                0x0800799c                vtable for IspTransportInterface
 .rodata._ZTV17IspCommandHandler
                0x080079c0       0x1c build/main.o
                0x080079c0                vtable for IspCommandHandler
 .rodata._ZTV6Darin2
                0x080079dc       0x2c build/Darin2.o
                0x080079dc                vtable for Darin2
 .rodata._ZNK15UsbIspTransport4nameEv.str1.4
                0x08007a08        0x8 build/SerialTransport.o
 .rodata._ZTV15UsbIspTransport
                0x08007a10       0x24 build/SerialTransport.o
                0x08007a10                vtable for UsbIspTransport
 .rodata._ZTV13IspCmdControl
                0x08007a34       0x1c build/IspCmdControl.o
                0x08007a34                vtable for IspCmdControl
 .rodata._ZTV17IspCmdReceiveData
                0x08007a50       0x1c build/IspCmdReceiveData.o
                0x08007a50                vtable for IspCmdReceiveData
 .rodata._ZTV18IspCmdTransmitData
                0x08007a6c       0x1c build/IspCmdTransmitData.o
                0x08007a6c                vtable for IspCmdTransmitData
 .rodata._ZN22IspSubCommandProcessor12prepareForRxEhPKhm.str1.4
                0x08007a88       0x28 build/IspSubCommandProcessor.o
 .rodata._ZN22IspSubCommandProcessor13prepareTxDataEhPKhRm.str1.4
                0x08007ab0       0x28 build/IspSubCommandProcessor.o
 .rodata._global_impure_ptr
                0x08007ad8        0x4 c:/program files (x86)/gnu arm embedded toolchain/10 2021.10/bin/../lib/gcc/arm-none-eabi/10.3.1/../../../../arm-none-eabi/lib/thumb/v7e-m+fp/hard\libc_nano.a(lib_a-impure.o)
                0x08007ad8                _global_impure_ptr
 .rodata.__sf_fake_stderr
                0x08007adc       0x20 c:/program files (x86)/gnu arm embedded toolchain/10 2021.10/bin/../lib/gcc/arm-none-eabi/10.3.1/../../../../arm-none-eabi/lib/thumb/v7e-m+fp/hard\libc_nano.a(lib_a-findfp.o)
                0x08007adc                __sf_fake_stderr
 .rodata.__sf_fake_stdin
                0x08007afc       0x20 c:/program files (x86)/gnu arm embedded toolchain/10 2021.10/bin/../lib/gcc/arm-none-eabi/10.3.1/../../../../arm-none-eabi/lib/thumb/v7e-m+fp/hard\libc_nano.a(lib_a-findfp.o)
                0x08007afc                __sf_fake_stdin
 .rodata.__sf_fake_stdout
                0x08007b1c       0x20 c:/program files (x86)/gnu arm embedded toolchain/10 2021.10/bin/../lib/gcc/arm-none-eabi/10.3.1/../../../../arm-none-eabi/lib/thumb/v7e-m+fp/hard\libc_nano.a(lib_a-findfp.o)
                0x08007b1c                __sf_fake_stdout
 .rodata._vfprintf_r.str1.1
                0x08007b3c       0x11 c:/program files (x86)/gnu arm embedded toolchain/10 2021.10/bin/../lib/gcc/arm-none-eabi/10.3.1/../../../../arm-none-eabi/lib/thumb/v7e-m+fp/hard\libc_nano.a(lib_a-nano-vfprintf.o)
 .rodata._printf_i.str1.1
                0x08007b4d       0x22 c:/program files (x86)/gnu arm embedded toolchain/10 2021.10/bin/../lib/gcc/arm-none-eabi/10.3.1/../../../../arm-none-eabi/lib/thumb/v7e-m+fp/hard\libc_nano.a(lib_a-nano-vfprintf_i.o)
                0x08007b70                . = ALIGN (0x4)
 *fill*         0x08007b6f        0x1 

.ARM.extab      0x08007b70        0x0
                0x08007b70                . = ALIGN (0x4)
 *(.ARM.extab* .gnu.linkonce.armextab.*)
                0x08007b70                . = ALIGN (0x4)

.ARM            0x08007b70        0x8
                0x08007b70                . = ALIGN (0x4)
                0x08007b70                __exidx_start = .
 *(.ARM.exidx*)
 .ARM.exidx     0x08007b70        0x8 c:/program files (x86)/gnu arm embedded toolchain/10 2021.10/bin/../lib/gcc/arm-none-eabi/10.3.1/thumb/v7e-m+fp/hard\libgcc.a(_udivmoddi4.o)
                0x08007b78                __exidx_end = .
                0x08007b78                . = ALIGN (0x4)

.rel.dyn        0x08007b78        0x0
 .rel.iplt      0x08007b78        0x0 c:/program files (x86)/gnu arm embedded toolchain/10 2021.10/bin/../lib/gcc/arm-none-eabi/10.3.1/thumb/v7e-m+fp/hard/crtbegin.o

.preinit_array  0x08007b78        0x0
                0x08007b78                . = ALIGN (0x4)
                0x08007b78                PROVIDE (__preinit_array_start = .)
 *(.preinit_array*)
                0x08007b78                PROVIDE (__preinit_array_end = .)
                0x08007b78                . = ALIGN (0x4)

.init_array     0x08007b78        0x8
                0x08007b78                . = ALIGN (0x4)
                0x08007b78                PROVIDE (__init_array_start = .)
 *(SORT_BY_NAME(.init_array.*))
 *(.init_array*)
 .init_array    0x08007b78        0x4 c:/program files (x86)/gnu arm embedded toolchain/10 2021.10/bin/../lib/gcc/arm-none-eabi/10.3.1/thumb/v7e-m+fp/hard/crtbegin.o
 .init_array    0x08007b7c        0x4 build/main.o
                0x08007b80                PROVIDE (__init_array_end = .)
                0x08007b80                . = ALIGN (0x4)

.fini_array     0x08007b80        0x4
                0x08007b80                . = ALIGN (0x4)
                [!provide]                PROVIDE (__fini_array_start = .)
 *(SORT_BY_NAME(.fini_array.*))
 *(.fini_array*)
 .fini_array    0x08007b80        0x4 c:/program files (x86)/gnu arm embedded toolchain/10 2021.10/bin/../lib/gcc/arm-none-eabi/10.3.1/thumb/v7e-m+fp/hard/crtbegin.o
                [!provide]                PROVIDE (__fini_array_end = .)
                0x08007b84                . = ALIGN (0x4)
                0x08007b84                _sidata = LOADADDR (.data)

.data           0x20000000      0x178 load address 0x08007b84
                0x20000000                . = ALIGN (0x4)
                0x20000000                _sdata = .
 *(.data)
 .data          0x20000000        0x4 c:/program files (x86)/gnu arm embedded toolchain/10 2021.10/bin/../lib/gcc/arm-none-eabi/10.3.1/thumb/v7e-m+fp/hard/crtbegin.o
                0x20000000                __dso_handle
 *(.data*)
 .data.M_D0     0x20000004        0x2 build/Darin2Cart_Driver.o
                0x20000004                M_D0
 .data.M_D1     0x20000006        0x2 build/Darin2Cart_Driver.o
                0x20000006                M_D1
 .data.M_D2     0x20000008        0x2 build/Darin2Cart_Driver.o
                0x20000008                M_D2
 .data.M_D3     0x2000000a        0x2 build/Darin2Cart_Driver.o
                0x2000000a                M_D3
 .data.M_D4     0x2000000c        0x2 build/Darin2Cart_Driver.o
                0x2000000c                M_D4
 .data.M_D5     0x2000000e        0x2 build/Darin2Cart_Driver.o
                0x2000000e                M_D5
 .data.M_D6     0x20000010        0x2 build/Darin2Cart_Driver.o
                0x20000010                M_D6
 .data.M_D7     0x20000012        0x2 build/Darin2Cart_Driver.o
                0x20000012                M_D7
 .data.SLT_STATUS
                0x20000014        0x4 build/Darin2Cart_Driver.o
 .data.FS_Desc  0x20000018       0x1c build/usbd_desc.o
                0x20000018                FS_Desc
 .data.USBD_FS_DeviceDesc
                0x20000034       0x12 build/usbd_desc.o
                0x20000034                USBD_FS_DeviceDesc
 *fill*         0x20000046        0x2 
 .data.USBD_LangIDDesc
                0x20000048        0x4 build/usbd_desc.o
                0x20000048                USBD_LangIDDesc
 .data.USBD_StringSerial
                0x2000004c       0x1a build/usbd_desc.o
                0x2000004c                USBD_StringSerial
 *fill*         0x20000066        0x2 
 .data.USBD_Interface_fops_FS
                0x20000068       0x14 build/usbd_cdc_if.o
                0x20000068                USBD_Interface_fops_FS
 .data.uwTickFreq
                0x2000007c        0x1 build/stm32f4xx_hal.o
                0x2000007c                uwTickFreq
 *fill*         0x2000007d        0x3 
 .data.uwTickPrio
                0x20000080        0x4 build/stm32f4xx_hal.o
                0x20000080                uwTickPrio
 .data.SystemCoreClock
                0x20000084        0x4 build/system_stm32f4xx.o
                0x20000084                SystemCoreClock
 .data.USBD_CDC
                0x20000088       0x38 build/usbd_cdc.o
                0x20000088                USBD_CDC
 .data.USBD_CDC_CfgDesc
                0x200000c0       0x43 build/usbd_cdc.o
 *fill*         0x20000103        0x1 
 .data.USBD_CDC_DeviceQualifierDesc
                0x20000104        0xa build/usbd_cdc.o
 *fill*         0x2000010e        0x2 
 .data.usbTransport
                0x20000110        0x4 build/main.o
                0x20000110                usbTransport
 .data._impure_ptr
                0x20000114        0x4 c:/program files (x86)/gnu arm embedded toolchain/10 2021.10/bin/../lib/gcc/arm-none-eabi/10.3.1/../../../../arm-none-eabi/lib/thumb/v7e-m+fp/hard\libc_nano.a(lib_a-impure.o)
                0x20000114                _impure_ptr
 .data.impure_data
                0x20000118       0x60 c:/program files (x86)/gnu arm embedded toolchain/10 2021.10/bin/../lib/gcc/arm-none-eabi/10.3.1/../../../../arm-none-eabi/lib/thumb/v7e-m+fp/hard\libc_nano.a(lib_a-impure.o)
 *(.RamFunc)
 *(.RamFunc*)
                0x20000178                . = ALIGN (0x4)
                0x20000178                _edata = .

.igot.plt       0x20000178        0x0 load address 0x08007cfc
 .igot.plt      0x20000178        0x0 c:/program files (x86)/gnu arm embedded toolchain/10 2021.10/bin/../lib/gcc/arm-none-eabi/10.3.1/thumb/v7e-m+fp/hard/crtbegin.o
                0x20000178                . = ALIGN (0x4)

.bss            0x20000178     0xf5e0 load address 0x08007cfc
                0x20000178                _sbss = .
                0x20000178                __bss_start__ = _sbss
 *(.bss)
 .bss           0x20000178       0x1c c:/program files (x86)/gnu arm embedded toolchain/10 2021.10/bin/../lib/gcc/arm-none-eabi/10.3.1/thumb/v7e-m+fp/hard/crtbegin.o
 *(.bss*)
 .bss.hUsbDeviceFS
                0x20000194      0x2dc build/usb_device.o
                0x20000194                hUsbDeviceFS
 .bss.USBD_StrDesc
                0x20000470      0x200 build/usbd_desc.o
                0x20000470                USBD_StrDesc
 .bss.UserRxBufferFS
                0x20000670      0x800 build/usbd_cdc_if.o
                0x20000670                UserRxBufferFS
 .bss.UserTxBufferFS
                0x20000e70      0x800 build/usbd_cdc_if.o
                0x20000e70                UserTxBufferFS
 .bss.hpcd_USB_OTG_FS
                0x20001670      0x50c build/usbd_conf.o
                0x20001670                hpcd_USB_OTG_FS
 .bss.mem.0     0x20001b7c      0x220 build/usbd_conf.o
 .bss.uwTick    0x20001d9c        0x4 build/stm32f4xx_hal.o
                0x20001d9c                uwTick
 .bss.cfgidx.0  0x20001da0        0x1 build/usbd_ctlreq.o
 *fill*         0x20001da1        0x3 
 .bss.__sbrk_heap_end
                0x20001da4        0x4 build/sysmem.o
 .bss.IspCtrl   0x20001da8       0xd0 build/main.o
                0x20001da8                IspCtrl
 .bss.IspManager
                0x20001e78       0x24 build/main.o
                0x20001e78                IspManager
 .bss.IspRx     0x20001e9c       0x1c build/main.o
                0x20001e9c                IspRx
 .bss.IspTx     0x20001eb8       0x64 build/main.o
                0x20001eb8                IspTx
 .bss._ZGVZ4mainE13redLedHandler
                0x20001f1c        0x4 build/main.o
 .bss._ZGVZ4mainE14boardIdHandler
                0x20001f20        0x4 build/main.o
 .bss._ZGVZ4mainE15greenLedHandler
                0x20001f24        0x4 build/main.o
 .bss._ZGVZ4mainE17cartStatusHandler
                0x20001f28        0x4 build/main.o
 .bss._ZGVZ4mainE17guiCtrlLedHandler
                0x20001f2c        0x4 build/main.o
 .bss._ZGVZ4mainE18blinkAllLedHandler
                0x20001f30        0x4 build/main.o
 .bss._ZGVZ4mainE19loopbackTestHandler
                0x20001f34        0x4 build/main.o
 .bss._ZGVZ4mainE19slotLedBlinkHandler
                0x20001f38        0x4 build/main.o
 .bss._ZGVZ4mainE22firmwareVersionHandler
                0x20001f3c        0x4 build/main.o
 .bss._ZGVZ4mainE9darin2Obj
                0x20001f40        0x4 build/main.o
 .bss._ZZ4mainE13redLedHandler
                0x20001f44        0x4 build/main.o
 .bss._ZZ4mainE14boardIdHandler
                0x20001f48        0x4 build/main.o
 .bss._ZZ4mainE15greenLedHandler
                0x20001f4c        0x4 build/main.o
 .bss._ZZ4mainE17cartStatusHandler
                0x20001f50        0x4 build/main.o
 .bss._ZZ4mainE17guiCtrlLedHandler
                0x20001f54        0x4 build/main.o
 .bss._ZZ4mainE18blinkAllLedHandler
                0x20001f58        0x4 build/main.o
 .bss._ZZ4mainE19loopbackTestHandler
                0x20001f5c        0x4 build/main.o
 .bss._ZZ4mainE19slotLedBlinkHandler
                0x20001f60        0x4 build/main.o
 .bss._ZZ4mainE22firmwareVersionHandler
                0x20001f64        0x4 build/main.o
 .bss._ZZ4mainE9darin2Obj
                0x20001f68     0x2818 build/main.o
 .bss.subcmdProcess
                0x20004780       0xc4 build/main.o
                0x20004780                subcmdProcess
 .bss._ZN24GuiCtrlLed_SubCmdProcess14LED_CTRL_STATEE
                0x20004844        0x1 build/Darin2.o