Archive member included to satisfy reference by file (symbol)

c:/program files (x86)/gnu arm embedded toolchain/10 2021.10/bin/../lib/gcc/arm-none-eabi/10.3.1/../../../../arm-none-eabi/lib/thumb/v7e-m+fp/hard\libc_nano.a(lib_a-errno.o)
                              build/sysmem.o (__errno)
c:/program files (x86)/gnu arm embedded toolchain/10 2021.10/bin/../lib/gcc/arm-none-eabi/10.3.1/../../../../arm-none-eabi/lib/thumb/v7e-m+fp/hard\libc_nano.a(lib_a-exit.o)
                              c:/program files (x86)/gnu arm embedded toolchain/10 2021.10/bin/../lib/gcc/arm-none-eabi/10.3.1/../../../../arm-none-eabi/lib/thumb/v7e-m+fp/hard/crt0.o (exit)
c:/program files (x86)/gnu arm embedded toolchain/10 2021.10/bin/../lib/gcc/arm-none-eabi/10.3.1/../../../../arm-none-eabi/lib/thumb/v7e-m+fp/hard\libc_nano.a(lib_a-impure.o)
                              c:/program files (x86)/gnu arm embedded toolchain/10 2021.10/bin/../lib/gcc/arm-none-eabi/10.3.1/../../../../arm-none-eabi/lib/thumb/v7e-m+fp/hard\libc_nano.a(lib_a-exit.o) (_global_impure_ptr)
c:/program files (x86)/gnu arm embedded toolchain/10 2021.10/bin/../lib/gcc/arm-none-eabi/10.3.1/../../../../arm-none-eabi/lib/thumb/v7e-m+fp/hard\libc_nano.a(lib_a-init.o)
                              c:/program files (x86)/gnu arm embedded toolchain/10 2021.10/bin/../lib/gcc/arm-none-eabi/10.3.1/../../../../arm-none-eabi/lib/thumb/v7e-m+fp/hard/crt0.o (__libc_init_array)
c:/program files (x86)/gnu arm embedded toolchain/10 2021.10/bin/../lib/gcc/arm-none-eabi/10.3.1/../../../../arm-none-eabi/lib/thumb/v7e-m+fp/hard\libc_nano.a(lib_a-malloc.o)
                              build/cpp_minimal.o (malloc)
c:/program files (x86)/gnu arm embedded toolchain/10 2021.10/bin/../lib/gcc/arm-none-eabi/10.3.1/../../../../arm-none-eabi/lib/thumb/v7e-m+fp/hard\libc_nano.a(lib_a-memcmp.o)
                              build/ff.o (memcmp)
c:/program files (x86)/gnu arm embedded toolchain/10 2021.10/bin/../lib/gcc/arm-none-eabi/10.3.1/../../../../arm-none-eabi/lib/thumb/v7e-m+fp/hard\libc_nano.a(lib_a-memcpy-stub.o)
                              build/ff.o (memcpy)
c:/program files (x86)/gnu arm embedded toolchain/10 2021.10/bin/../lib/gcc/arm-none-eabi/10.3.1/../../../../arm-none-eabi/lib/thumb/v7e-m+fp/hard\libc_nano.a(lib_a-memmove.o)
                              build/IspCmdReceiveData.o (memmove)
c:/program files (x86)/gnu arm embedded toolchain/10 2021.10/bin/../lib/gcc/arm-none-eabi/10.3.1/../../../../arm-none-eabi/lib/thumb/v7e-m+fp/hard\libc_nano.a(lib_a-memset.o)
                              c:/program files (x86)/gnu arm embedded toolchain/10 2021.10/bin/../lib/gcc/arm-none-eabi/10.3.1/../../../../arm-none-eabi/lib/thumb/v7e-m+fp/hard/crt0.o (memset)
c:/program files (x86)/gnu arm embedded toolchain/10 2021.10/bin/../lib/gcc/arm-none-eabi/10.3.1/../../../../arm-none-eabi/lib/thumb/v7e-m+fp/hard\libc_nano.a(lib_a-nano-freer.o)
                              c:/program files (x86)/gnu arm embedded toolchain/10 2021.10/bin/../lib/gcc/arm-none-eabi/10.3.1/../../../../arm-none-eabi/lib/thumb/v7e-m+fp/hard\libc_nano.a(lib_a-malloc.o) (_free_r)
c:/program files (x86)/gnu arm embedded toolchain/10 2021.10/bin/../lib/gcc/arm-none-eabi/10.3.1/../../../../arm-none-eabi/lib/thumb/v7e-m+fp/hard\libc_nano.a(lib_a-nano-mallocr.o)
                              c:/program files (x86)/gnu arm embedded toolchain/10 2021.10/bin/../lib/gcc/arm-none-eabi/10.3.1/../../../../arm-none-eabi/lib/thumb/v7e-m+fp/hard\libc_nano.a(lib_a-malloc.o) (_malloc_r)
c:/program files (x86)/gnu arm embedded toolchain/10 2021.10/bin/../lib/gcc/arm-none-eabi/10.3.1/../../../../arm-none-eabi/lib/thumb/v7e-m+fp/hard\libc_nano.a(lib_a-printf.o)
                              build/IspSubCommandProcessor.o (printf)
c:/program files (x86)/gnu arm embedded toolchain/10 2021.10/bin/../lib/gcc/arm-none-eabi/10.3.1/../../../../arm-none-eabi/lib/thumb/v7e-m+fp/hard\libc_nano.a(lib_a-sbrkr.o)
                              c:/program files (x86)/gnu arm embedded toolchain/10 2021.10/bin/../lib/gcc/arm-none-eabi/10.3.1/../../../../arm-none-eabi/lib/thumb/v7e-m+fp/hard\libc_nano.a(lib_a-nano-mallocr.o) (_sbrk_r)
c:/program files (x86)/gnu arm embedded toolchain/10 2021.10/bin/../lib/gcc/arm-none-eabi/10.3.1/../../../../arm-none-eabi/lib/thumb/v7e-m+fp/hard\libc_nano.a(lib_a-sprintf.o)
                              build/Darin2.o (sprintf)
c:/program files (x86)/gnu arm embedded toolchain/10 2021.10/bin/../lib/gcc/arm-none-eabi/10.3.1/../../../../arm-none-eabi/lib/thumb/v7e-m+fp/hard\libc_nano.a(lib_a-strchr.o)
                              build/ff.o (strchr)
c:/program files (x86)/gnu arm embedded toolchain/10 2021.10/bin/../lib/gcc/arm-none-eabi/10.3.1/../../../../arm-none-eabi/lib/thumb/v7e-m+fp/hard\libc_nano.a(lib_a-findfp.o)
[...]
Memory Configuration

Name             Origin             Length             Attributes
RAM              0x20000000         0x00020000         xrw
FLASH            0x08000000         0x00080000         xr
*default*        0x00000000         0xffffffff

Linker script and memory map

LOAD c:/program files (x86)/gnu arm embedded toolchain/10 2021.10/bin/../lib/gcc/arm-none-eabi/10.3.1/thumb/v7e-m+fp/hard/crti.o
LOAD c:/program files (x86)/gnu arm embedded toolchain/10 2021.10/bin/../lib/gcc/arm-none-eabi/10.3.1/thumb/v7e-m+fp/hard/crtbegin.o
LOAD c:/program files (x86)/gnu arm embedded toolchain/10 2021.10/bin/../lib/gcc/arm-none-eabi/10.3.1/../../../../arm-none-eabi/lib/thumb/v7e-m+fp/hard/crt0.o
LOAD build/stm32f4xx_it.o
LOAD build/stm32f4xx_hal_msp.o
LOAD build/Darin2Cart_Driver.o
LOAD build/Darin3Cart_Driver.o
LOAD build/usb_device.o
LOAD build/usbd_desc.o
LOAD build/usbd_cdc_if.o
LOAD build/usbd_conf.o
LOAD build/stm32f4xx_hal_pcd.o
LOAD build/stm32f4xx_hal_pcd_ex.o
LOAD build/stm32f4xx_ll_usb.o
LOAD build/stm32f4xx_hal_rcc.o
LOAD build/stm32f4xx_hal_rcc_ex.o
LOAD build/stm32f4xx_hal_flash.o
LOAD build/stm32f4xx_hal_flash_ex.o
LOAD build/stm32f4xx_hal_flash_ramfunc.o
LOAD build/stm32f4xx_hal_gpio.o
LOAD build/stm32f4xx_hal_dma_ex.o
LOAD build/stm32f4xx_hal_dma.o
LOAD build/stm32f4xx_hal_pwr.o
LOAD build/stm32f4xx_hal_pwr_ex.o
LOAD build/stm32f4xx_hal_cortex.o
LOAD build/stm32f4xx_hal.o
LOAD build/stm32f4xx_hal_exti.o
LOAD build/stm32f4xx_hal_tim.o
LOAD build/stm32f4xx_hal_tim_ex.o
LOAD build/system_stm32f4xx.o
LOAD build/usbd_core.o
LOAD build/usbd_ctlreq.o
LOAD build/usbd_ioreq.o
LOAD build/usbd_cdc.o
LOAD build/sysmem.o
LOAD build/syscalls.o
LOAD build/diskio.o
LOAD build/ff.o
LOAD build/ffsystem.o
LOAD build/ffunicode.o
LOAD build/main.o
LOAD build/cpp_minimal.o
LOAD build/Darin2.o
LOAD build/Darin3.o
LOAD build/SerialTransport.o
LOAD build/IspCmdControl.o
LOAD build/IspCmdReceiveData.o
LOAD build/IspCmdTransmitData.o
LOAD build/IspCommandManager.o
LOAD build/IspSubCommandProcessor.o
LOAD build/IspRingBuffer.o
LOAD build/safeBuffer.o
LOAD build/startup_stm32f411vetx.o
LOAD c:/program files (x86)/gnu arm embedded toolchain/10 2021.10/bin/../lib/gcc/arm-none-eabi/10.3.1/../../../../arm-none-eabi/lib/thumb/v7e-m+fp/hard\libc_nano.a
LOAD c:/program files (x86)/gnu arm embedded toolchain/10 2021.10/bin/../lib/gcc/arm-none-eabi/10.3.1/../../../../arm-none-eabi/lib/thumb/v7e-m+fp/hard\libm.a
LOAD c:/program files (x86)/gnu arm embedded toolchain/10 2021.10/bin/../lib/gcc/arm-none-eabi/10.3.1/../../../../arm-none-eabi/lib/thumb/v7e-m+fp/hard\libnosys.a
LOAD c:/program files (x86)/gnu arm embedded toolchain/10 2021.10/bin/../lib/gcc/arm-none-eabi/10.3.1/../../../../arm-none-eabi/lib/thumb/v7e-m+fp/hard\libstdc++_nano.a
START GROUP
LOAD c:/program files (x86)/gnu arm embedded toolchain/10 2021.10/bin/../lib/gcc/arm-none-eabi/10.3.1/thumb/v7e-m+fp/hard\libgcc.a
LOAD c:/program files (x86)/gnu arm embedded toolchain/10 2021.10/bin/../lib/gcc/arm-none-eabi/10.3.1/../../../../arm-none-eabi/lib/thumb/v7e-m+fp/hard\libc_nano.a
END GROUP
START GROUP
LOAD c:/program files (x86)/gnu arm embedded toolchain/10 2021.10/bin/../lib/gcc/arm-none-eabi/10.3.1/thumb/v7e-m+fp/hard\libgcc.a
LOAD c:/program files (x86)/gnu arm embedded toolchain/10 2021.10/bin/../lib/gcc/arm-none-eabi/10.3.1/../../../../arm-none-eabi/lib/thumb/v7e-m+fp/hard\libc_nano.a
END GROUP
LOAD c:/program files (x86)/gnu arm embedded toolchain/10 2021.10/bin/../lib/gcc/arm-none-eabi/10.3.1/thumb/v7e-m+fp/hard/crtend.o
LOAD c:/program files (x86)/gnu arm embedded toolchain/10 2021.10/bin/../lib/gcc/arm-none-eabi/10.3.1/thumb/v7e-m+fp/hard/crtn.o
                0x20020000                _estack = (ORIGIN (RAM) + LENGTH (RAM))
                0x00000200                _Min_Heap_Size = 0x200
                0x00000400                _Min_Stack_Size = 0x400

.isr_vector     0x08000000      0x198
                0x08000000                . = ALIGN (0x4)
 *(.isr_vector)
 .isr_vector    0x08000000      0x198 build/startup_stm32f411vetx.o
                0x08000000                g_pfnVectors
                0x08000198                . = ALIGN (0x4)

.text           0x080001a0     0xbbfc
                0x080001a0                . = ALIGN (0x4)
 *(.text)
 .text          0x080001a0       0x40 c:/program files (x86)/gnu arm embedded toolchain/10 2021.10/bin/../lib/gcc/arm-none-eabi/10.3.1/thumb/v7e-m+fp/hard/crtbegin.o
 .text          0x080001e0       0xa0 c:/program files (x86)/gnu arm embedded toolchain/10 2021.10/bin/../lib/gcc/arm-none-eabi/10.3.1/../../../../arm-none-eabi/lib/thumb/v7e-m+fp/hard\libc_nano.a(lib_a-memchr.o)
                0x080001e0                memchr
 .text          0x08000280       0x30 c:/program files (x86)/gnu arm embedded toolchain/10 2021.10/bin/../lib/gcc/arm-none-eabi/10.3.1/thumb/v7e-m+fp/hard\libgcc.a(_aeabi_uldivmod.o)
                0x08000280                __aeabi_uldivmod
 .text          0x080002b0      0x2d0 c:/program files (x86)/gnu arm embedded toolchain/10 2021.10/bin/../lib/gcc/arm-none-eabi/10.3.1/thumb/v7e-m+fp/hard\libgcc.a(_udivmoddi4.o)
                0x080002b0                __udivmoddi4
 .text          0x08000580        0x4 c:/program files (x86)/gnu arm embedded toolchain/10 2021.10/bin/../lib/gcc/arm-none-eabi/10.3.1/thumb/v7e-m+fp/hard\libgcc.a(_dvmd_tls.o)
                0x08000580                __aeabi_idiv0
                0x08000580                __aeabi_ldiv0
 *(.text*)
 .text.NMI_Handler
                0x08000584        0x2 build/stm32f4xx_it.o
                0x08000584                NMI_Handler
 .text.HardFault_Handler
                0x08000586        0x2 build/stm32f4xx_it.o
                0x08000586                HardFault_Handler
 .text.MemManage_Handler
                0x08000588        0x2 build/stm32f4xx_it.o
                0x08000588                MemManage_Handler
 .text.BusFault_Handler
                0x0800058a        0x2 build/stm32f4xx_it.o
                0x0800058a                BusFault_Handler
 .text.UsageFault_Handler
                0x0800058c        0x2 build/stm32f4xx_it.o
                0x0800058c                UsageFault_Handler
 .text.SVC_Handler
                0x0800058e        0x2 build/stm32f4xx_it.o
                0x0800058e                SVC_Handler
 .text.DebugMon_Handler
                0x08000590        0x2 build/stm32f4xx_it.o
                0x08000590                DebugMon_Handler
 .text.PendSV_Handler
                0x08000592        0x2 build/stm32f4xx_it.o
                0x08000592                PendSV_Handler
 .text.SysTick_Handler
                0x08000594        0x8 build/stm32f4xx_it.o
                0x08000594                SysTick_Handler
 .text.OTG_FS_IRQHandler
                0x0800059c       0x10 build/stm32f4xx_it.o
                0x0800059c                OTG_FS_IRQHandler
 .text.HAL_MspInit
                0x080005ac       0x40 build/stm32f4xx_hal_msp.o
                0x080005ac                HAL_MspInit
 .text.write_port
                0x080005ec       0xac build/Darin2Cart_Driver.o
                0x080005ec                write_port
 .text.Read_port
                0x08000698       0xb8 build/Darin2Cart_Driver.o
                0x08000698                Read_port
 .text.Configure_GPIO_IO_D2
                0x08000750       0xe8 build/Darin2Cart_Driver.o
                0x08000750                Configure_GPIO_IO_D2
 .text.pre_write_flash
                0x08000838       0x74 build/Darin2Cart_Driver.o
                0x08000838                pre_write_flash
 .text.post_write_flash
                0x080008ac       0x78 build/Darin2Cart_Driver.o
                0x080008ac                post_write_flash
 .text.pre_read_flash
                0x08000924       0x74 build/Darin2Cart_Driver.o
                0x08000924                pre_read_flash
 .text.post_read_flash
                0x08000998       0x78 build/Darin2Cart_Driver.o
                0x08000998                post_read_flash
 .text.pre_erase_flash
                0x08000a10       0x94 build/Darin2Cart_Driver.o
                0x08000a10                pre_erase_flash
 .text.post_erase_flash
                0x08000aa4       0x78 build/Darin2Cart_Driver.o
                0x08000aa4                post_erase_flash
 .text.get_slt_pin
                0x08000b1c        0xc build/Darin2Cart_Driver.o
                0x08000b1c                get_slt_pin
 .text.get_D2_slt_status
                0x08000b28        0xc build/Darin2Cart_Driver.o
                0x08000b28                get_D2_slt_status
 .text.get_D1_slt_status
                0x08000b34        0x4 build/Darin2Cart_Driver.o
                0x08000b34                get_D1_slt_status
 .text.get_D2_Green_LedPins
                0x08000b38        0xc build/Darin2Cart_Driver.o
                0x08000b38                get_D2_Green_LedPins
 .text.setGreenLed
                0x08000b44       0x2c build/Darin2Cart_Driver.o
                0x08000b44                setGreenLed
 .text.get_D2_Red_LedPins
                0x08000b70        0xc build/Darin2Cart_Driver.o
                0x08000b70                get_D2_Red_LedPins
 .text.setRedLed
                0x08000b7c       0x2c build/Darin2Cart_Driver.o
                0x08000b7c                setRedLed
 .text.UpdateD2SlotStatus
                0x08000ba8       0x58 build/Darin2Cart_Driver.o
                0x08000ba8                UpdateD2SlotStatus
 .text.short_delay_us
                0x08000c00       0x1c build/Darin2Cart_Driver.o
                0x08000c00                short_delay_us
 .text.flash_write
                0x08000c1c      0x19c build/Darin2Cart_Driver.o
                0x08000c1c                flash_write
 .text.flash_read
                0x08000db8      0x128 build/Darin2Cart_Driver.o
                0x08000db8                flash_read
 .text.flash_erase
                0x08000ee0      0x1bc build/Darin2Cart_Driver.o
                0x08000ee0                flash_erase
 .text.post_read_compact_flash
                0x0800109c       0x54 build/Darin3Cart_Driver.o
                0x0800109c                post_read_compact_flash
 .text.post_write_compact_flash
                0x080010f0       0x54 build/Darin3Cart_Driver.o
                0x080010f0                post_write_compact_flash
 .text.write_address_port
                0x08001144       0x58 build/Darin3Cart_Driver.o
                0x08001144                write_address_port
 .text.pre_read_compact_flash
                0x0800119c       0x7c build/Darin3Cart_Driver.o
                0x0800119c                pre_read_compact_flash
 .text.compact_flash_read
                0x08001218       0x4c build/Darin3Cart_Driver.o
                0x08001218                compact_flash_read
 .text.pre_write_compact_flash
                0x08001264       0x7c build/Darin3Cart_Driver.o
                0x08001264                pre_write_compact_flash
 .text.compact_flash_ready
                0x080012e0       0xbc build/Darin3Cart_Driver.o
                0x080012e0                compact_flash_ready
 .text.check_stat_of_compact_flash
                0x0800139c      0x11c build/Darin3Cart_Driver.o
                0x0800139c                check_stat_of_compact_flash
 .text.compact_flash_write
                0x080014b8       0x88 build/Darin3Cart_Driver.o
                0x080014b8                compact_flash_write
 .text.generic_CF_CMD
                0x08001540       0xe8 build/Darin3Cart_Driver.o
                0x08001540                generic_CF_CMD
 .text.UpdateD3SlotStatus
                0x08001628       0x54 build/Darin3Cart_Driver.o
                0x08001628                UpdateD3SlotStatus
 .text.get_D3_Green_LedPins
                0x0800167c        0xc build/Darin3Cart_Driver.o
                0x0800167c                get_D3_Green_LedPins
 .text.get_D3_slt_status
                0x08001688        0xc build/Darin3Cart_Driver.o
                0x08001688                get_D3_slt_status
 .text.LedLoopBack
                0x08001694       0xac build/Darin3Cart_Driver.o
                0x08001694                LedLoopBack
 .text.MX_USB_DEVICE_Init
                0x08001740       0x54 build/usb_device.o
                0x08001740                MX_USB_DEVICE_Init
 .text.USBD_FS_DeviceDescriptor
                0x08001794        0xc build/usbd_desc.o
                0x08001794                USBD_FS_DeviceDescriptor
 .text.USBD_FS_LangIDStrDescriptor
                0x080017a0        0xc build/usbd_desc.o
                0x080017a0                USBD_FS_LangIDStrDescriptor
 .text.IntToUnicode
                0x080017ac       0x46 build/usbd_desc.o
 *fill*         0x080017f2        0x2 
 .text.Get_SerialNum
                0x080017f4       0x38 build/usbd_desc.o
 .text.USBD_FS_SerialStrDescriptor
                0x0800182c       0x14 build/usbd_desc.o
                0x0800182c                USBD_FS_SerialStrDescriptor
 .text.USBD_FS_ProductStrDescriptor
                0x08001840       0x24 build/usbd_desc.o
                0x08001840                USBD_FS_ProductStrDescriptor
 .text.USBD_FS_ManufacturerStrDescriptor
                0x08001864       0x1c build/usbd_desc.o
                0x08001864                USBD_FS_ManufacturerStrDescriptor
 .text.USBD_FS_ConfigStrDescriptor
                0x08001880       0x24 build/usbd_desc.o
                0x08001880                USBD_FS_ConfigStrDescriptor
 .text.USBD_FS_InterfaceStrDescriptor
                0x080018a4       0x24 build/usbd_desc.o
                0x080018a4                USBD_FS_InterfaceStrDescriptor
 .text.CDC_DeInit_FS
                0x080018c8        0x4 build/usbd_cdc_if.o
 .text.CDC_Control_FS
                0x080018cc        0x4 build/usbd_cdc_if.o
 .text.CDC_TransmitCplt_FS
                0x080018d0        0x4 build/usbd_cdc_if.o
 .text.CDC_Receive_FS
                0x080018d4       0x28 build/usbd_cdc_if.o
 .text.CDC_Init_FS
                0x080018fc       0x28 build/usbd_cdc_if.o
 .text.CDC_Transmit_FS
                0x08001924       0x2c build/usbd_cdc_if.o
                0x08001924                CDC_Transmit_FS
 .text.HAL_PCD_MspInit
                0x08001950       0x98 build/usbd_conf.o
                0x08001950                HAL_PCD_MspInit
 .text.HAL_PCD_SetupStageCallback
                0x080019e8       0x10 build/usbd_conf.o
                0x080019e8                HAL_PCD_SetupStageCallback
 .text.HAL_PCD_DataOutStageCallback
                0x080019f8       0x18 build/usbd_conf.o
                0x080019f8                HAL_PCD_DataOutStageCallback
 .text.HAL_PCD_DataInStageCallback
                0x08001a10       0x16 build/usbd_conf.o
                0x08001a10                HAL_PCD_DataInStageCallback
 .text.HAL_PCD_SOFCallback
                0x08001a26        0xc build/usbd_conf.o
                0x08001a26                HAL_PCD_SOFCallback
 .text.HAL_PCD_ResetCallback
                0x08001a32       0x24 build/usbd_conf.o
                0x08001a32                HAL_PCD_ResetCallback
 *fill*         0x08001a56        0x2 
 .text.HAL_PCD_SuspendCallback
                0x08001a58       0x30 build/usbd_conf.o
                0x08001a58                HAL_PCD_SuspendCallback
 .text.HAL_PCD_ResumeCallback
                0x08001a88        0xc build/usbd_conf.o
                0x08001a88                HAL_PCD_ResumeCallback
 .text.HAL_PCD_ISOOUTIncompleteCallback
                0x08001a94        0xc build/usbd_conf.o
                0x08001a94                HAL_PCD_ISOOUTIncompleteCallback
 .text.HAL_PCD_ISOINIncompleteCallback
                0x08001aa0        0xc build/usbd_conf.o
                0x08001aa0                HAL_PCD_ISOINIncompleteCallback
 .text.HAL_PCD_ConnectCallback
                0x08001aac        0xc build/usbd_conf.o
                0x08001aac                HAL_PCD_ConnectCallback
 .text.HAL_PCD_DisconnectCallback
                0x08001ab8        0xc build/usbd_conf.o
                0x08001ab8                HAL_PCD_DisconnectCallback
 .text.USBD_LL_Init
                0x08001ac4       0x68 build/usbd_conf.o
                0x08001ac4                USBD_LL_Init
 .text.USBD_LL_IsStallEP
                0x08001b2c       0x2e build/usbd_conf.o
                0x08001b2c                USBD_LL_IsStallEP
 .text.USBD_LL_GetRxDataSize
                0x08001b5a        0xc build/usbd_conf.o
                0x08001b5a                USBD_LL_GetRxDataSize
 *fill*         0x08001b66        0x2 
 .text.USBD_static_malloc
                0x08001b68        0x8 build/usbd_conf.o
                0x08001b68                USBD_static_malloc
 .text.USBD_static_free
                0x08001b70        0x2 build/usbd_conf.o
                0x08001b70                USBD_static_free
 .text.USBD_Get_USB_Status
                0x08001b72       0x14 build/usbd_conf.o
                0x08001b72                USBD_Get_USB_Status
 .text.USBD_LL_Start
                0x08001b86       0x10 build/usbd_conf.o
                0x08001b86                USBD_LL_Start
 .text.USBD_LL_OpenEP
                0x08001b96       0x16 build/usbd_conf.o
                0x08001b96                USBD_LL_OpenEP
 .text.USBD_LL_CloseEP
                0x08001bac       0x10 build/usbd_conf.o
                0x08001bac                USBD_LL_CloseEP
 .text.USBD_LL_StallEP
                0x08001bbc       0x10 build/usbd_conf.o
                0x08001bbc                USBD_LL_StallEP
 .text.USBD_LL_ClearStallEP
                0x08001bcc       0x10 build/usbd_conf.o
                0x08001bcc                USBD_LL_ClearStallEP
 .text.USBD_LL_SetUSBAddress
                0x08001bdc       0x10 build/usbd_conf.o
                0x08001bdc                USBD_LL_SetUSBAddress
 .text.USBD_LL_Transmit
                0x08001bec       0x10 build/usbd_conf.o
                0x08001bec                USBD_LL_Transmit
 .text.USBD_LL_PrepareReceive
                0x08001bfc       0x10 build/usbd_conf.o
                0x08001bfc                USBD_LL_PrepareReceive
 .text.PCD_WriteEmptyTxFifo
                0x08001c0c       0xd0 build/stm32f4xx_hal_pcd.o
 .text.HAL_PCD_Init
                0x08001cdc      0x12e build/stm32f4xx_hal_pcd.o
                0x08001cdc                HAL_PCD_Init
 .text.HAL_PCD_Start
                0x08001e0a       0x42 build/stm32f4xx_hal_pcd.o
                0x08001e0a                HAL_PCD_Start
 .text.PCD_EP_OutXfrComplete_int
                0x08001e4c      0x104 build/stm32f4xx_hal_pcd.o
 .text.PCD_EP_OutSetupPacket_int
                0x08001f50       0x50 build/stm32f4xx_hal_pcd.o
 .text.HAL_PCD_SetAddress
                0x08001fa0       0x28 build/stm32f4xx_hal_pcd.o
                0x08001fa0                HAL_PCD_SetAddress
 .text.HAL_PCD_EP_Open
                0x08001fc8       0x8a build/stm32f4xx_hal_pcd.o
                0x08001fc8                HAL_PCD_EP_Open
 .text.HAL_PCD_EP_Close
                0x08002052       0x72 build/stm32f4xx_hal_pcd.o
                0x08002052                HAL_PCD_EP_Close
 .text.HAL_PCD_EP_Receive
                0x080020c4       0x5e build/stm32f4xx_hal_pcd.o
                0x080020c4                HAL_PCD_EP_Receive
 .text.HAL_PCD_EP_GetRxCount
                0x08002122       0x12 build/stm32f4xx_hal_pcd.o
                0x08002122                HAL_PCD_EP_GetRxCount
 .text.HAL_PCD_EP_Transmit
                0x08002134       0x5e build/stm32f4xx_hal_pcd.o
                0x08002134                HAL_PCD_EP_Transmit
 .text.HAL_PCD_EP_SetStall
                0x08002192       0x88 build/stm32f4xx_hal_pcd.o
                0x08002192                HAL_PCD_EP_SetStall
 .text.HAL_PCD_EP_ClrStall
                0x0800221a       0x76 build/stm32f4xx_hal_pcd.o
                0x0800221a                HAL_PCD_EP_ClrStall
 .text.HAL_PCD_EP_Abort
                0x08002290       0x34 build/stm32f4xx_hal_pcd.o
                0x08002290                HAL_PCD_EP_Abort
 .text.HAL_PCD_IRQHandler
                0x080022c4      0x5c4 build/stm32f4xx_hal_pcd.o
                0x080022c4                HAL_PCD_IRQHandler
 .text.HAL_PCDEx_SetTxFiFo
                0x08002888       0x4c build/stm32f4xx_hal_pcd_ex.o
                0x08002888                HAL_PCDEx_SetTxFiFo
 .text.HAL_PCDEx_SetRxFiFo
                0x080028d4        0x8 build/stm32f4xx_hal_pcd_ex.o
                0x080028d4                HAL_PCDEx_SetRxFiFo
 .text.HAL_PCDEx_LPM_Callback
                0x080028dc        0x2 build/stm32f4xx_hal_pcd_ex.o
                0x080028dc                HAL_PCDEx_LPM_Callback
 *fill*         0x080028de        0x2 
 .text.USB_CoreReset
                0x080028e0       0x50 build/stm32f4xx_ll_usb.o
 .text.USB_CoreInit
                0x08002930       0x8a build/stm32f4xx_ll_usb.o
                0x08002930                USB_CoreInit
 *fill*         0x080029ba        0x2 
 .text.USB_SetTurnaroundTime
                0x080029bc       0xe4 build/stm32f4xx_ll_usb.o
                0x080029bc                USB_SetTurnaroundTime
 .text.USB_EnableGlobalInt
                0x08002aa0        0xc build/stm32f4xx_ll_usb.o
                0x08002aa0                USB_EnableGlobalInt
 .text.USB_DisableGlobalInt
                0x08002aac        0xc build/stm32f4xx_ll_usb.o
                0x08002aac                USB_DisableGlobalInt
 .text.USB_FlushTxFifo
                0x08002ab8       0x50 build/stm32f4xx_ll_usb.o
                0x08002ab8                USB_FlushTxFifo
 .text.USB_FlushRxFifo
                0x08002b08       0x4c build/stm32f4xx_ll_usb.o
                0x08002b08                USB_FlushRxFifo
 .text.USB_SetDevSpeed
                0x08002b54        0xe build/stm32f4xx_ll_usb.o
                0x08002b54                USB_SetDevSpeed
 *fill*         0x08002b62        0x2 
 .text.USB_DevInit
                0x08002b64      0x190 build/stm32f4xx_ll_usb.o
                0x08002b64                USB_DevInit
 .text.USB_GetDevSpeed
                0x08002cf4       0x22 build/stm32f4xx_ll_usb.o
                0x08002cf4                USB_GetDevSpeed
 .text.USB_ActivateEndpoint
                0x08002d16       0x9c build/stm32f4xx_ll_usb.o
                0x08002d16                USB_ActivateEndpoint
 *fill*         0x08002db2        0x2 
 .text.USB_DeactivateEndpoint
                0x08002db4       0xe0 build/stm32f4xx_ll_usb.o
                0x08002db4                USB_DeactivateEndpoint
 .text.USB_EP0StartXfer
                0x08002e94      0x124 build/stm32f4xx_ll_usb.o
                0x08002e94                USB_EP0StartXfer
 .text.USB_EPStopXfer
                0x08002fb8       0xbe build/stm32f4xx_ll_usb.o
                0x08002fb8                USB_EPStopXfer
 .text.USB_WritePacket
                0x08003076       0x2e build/stm32f4xx_ll_usb.o
                0x08003076                USB_WritePacket
 .text.USB_EPStartXfer
                0x080030a4      0x234 build/stm32f4xx_ll_usb.o
                0x080030a4                USB_EPStartXfer
 .text.USB_ReadPacket
                0x080032d8       0x54 build/stm32f4xx_ll_usb.o
                0x080032d8                USB_ReadPacket
 .text.USB_EPSetStall
                0x0800332c       0x5a build/stm32f4xx_ll_usb.o
                0x0800332c                USB_EPSetStall
 .text.USB_EPClearStall
                0x08003386       0x5c build/stm32f4xx_ll_usb.o
                0x08003386                USB_EPClearStall
 .text.USB_SetDevAddress
                0x080033e2       0x20 build/stm32f4xx_ll_usb.o
                0x080033e2                USB_SetDevAddress
 .text.USB_DevConnect
                0x08003402       0x1c build/stm32f4xx_ll_usb.o
                0x08003402                USB_DevConnect
 .text.USB_DevDisconnect
                0x0800341e       0x1c build/stm32f4xx_ll_usb.o
                0x0800341e                USB_DevDisconnect
 .text.USB_ReadInterrupts
                0x0800343a        0x8 build/stm32f4xx_ll_usb.o
                0x0800343a                USB_ReadInterrupts
 .text.USB_ReadDevAllOutEpInterrupt
                0x08003442       0x10 build/stm32f4xx_ll_usb.o
                0x08003442                USB_ReadDevAllOutEpInterrupt
 .text.USB_ReadDevAllInEpInterrupt
                0x08003452       0x10 build/stm32f4xx_ll_usb.o
                0x08003452                USB_ReadDevAllInEpInterrupt
 .text.USB_ReadDevOutEPInterrupt
                0x08003462       0x12 build/stm32f4xx_ll_usb.o
                0x08003462                USB_ReadDevOutEPInterrupt
 .text.USB_ReadDevInEPInterrupt
                0x08003474       0x28 build/stm32f4xx_ll_usb.o
                0x08003474                USB_ReadDevInEPInterrupt
 .text.USB_GetMode
                0x0800349c        0x8 build/stm32f4xx_ll_usb.o
                0x0800349c                USB_GetMode
 .text.USB_SetCurrentMode
                0x080034a4       0x62 build/stm32f4xx_ll_usb.o
                0x080034a4                USB_SetCurrentMode
 .text.USB_ActivateSetup
                0x08003506       0x20 build/stm32f4xx_ll_usb.o
                0x08003506                USB_ActivateSetup
 *fill*         0x08003526        0x2 
 .text.USB_EP0_OutStart
                0x08003528       0x60 build/stm32f4xx_ll_usb.o
                0x08003528                USB_EP0_OutStart
 .text.HAL_RCC_OscConfig
                0x08003588      0x3f8 build/stm32f4xx_hal_rcc.o
                0x08003588                HAL_RCC_OscConfig
 .text.HAL_RCC_GetSysClockFreq
                0x08003980       0xd4 build/stm32f4xx_hal_rcc.o
                0x08003980                HAL_RCC_GetSysClockFreq
 .text.HAL_RCC_ClockConfig
                0x08003a54      0x160 build/stm32f4xx_hal_rcc.o
                0x08003a54                HAL_RCC_ClockConfig
 .text.HAL_RCC_GetHCLKFreq
                0x08003bb4        0xc build/stm32f4xx_hal_rcc.o
                0x08003bb4                HAL_RCC_GetHCLKFreq
 .text.HAL_GPIO_Init
                0x08003bc0      0x1c0 build/stm32f4xx_hal_gpio.o
                0x08003bc0                HAL_GPIO_Init
 .text.HAL_GPIO_ReadPin
                0x08003d80        0xe build/stm32f4xx_hal_gpio.o
                0x08003d80                HAL_GPIO_ReadPin
 .text.HAL_GPIO_WritePin
                0x08003d8e        0xc build/stm32f4xx_hal_gpio.o
                0x08003d8e                HAL_GPIO_WritePin
 *fill*         0x08003d9a        0x2 
 .text.HAL_NVIC_SetPriorityGrouping
                0x08003d9c       0x24 build/stm32f4xx_hal_cortex.o
                0x08003d9c                HAL_NVIC_SetPriorityGrouping
 .text.HAL_NVIC_SetPriority
                0x08003dc0       0x70 build/stm32f4xx_hal_cortex.o
                0x08003dc0                HAL_NVIC_SetPriority
 .text.HAL_NVIC_EnableIRQ
                0x08003e30       0x1c build/stm32f4xx_hal_cortex.o
                0x08003e30                HAL_NVIC_EnableIRQ
 .text.HAL_SYSTICK_Config
                0x08003e4c       0x28 build/stm32f4xx_hal_cortex.o
                0x08003e4c                HAL_SYSTICK_Config
 .text.HAL_InitTick
                0x08003e74       0x4c build/stm32f4xx_hal.o
                0x08003e74                HAL_InitTick
 .text.HAL_Init
                0x08003ec0       0x34 build/stm32f4xx_hal.o
                0x08003ec0                HAL_Init
 .text.HAL_IncTick
                0x08003ef4       0x18 build/stm32f4xx_hal.o
                0x08003ef4                HAL_IncTick
 .text.HAL_GetTick
                0x08003f0c        0xc build/stm32f4xx_hal.o
                0x08003f0c                HAL_GetTick
 .text.HAL_Delay
                0x08003f18       0x28 build/stm32f4xx_hal.o
                0x08003f18                HAL_Delay
 .text.SystemInit
                0x08003f40       0x14 build/system_stm32f4xx.o
                0x08003f40                SystemInit
 .text.USBD_Init
                0x08003f54       0x2e build/usbd_core.o
                0x08003f54                USBD_Init
 .text.USBD_RegisterClass
                0x08003f82       0x34 build/usbd_core.o
                0x08003f82                USBD_RegisterClass
 .text.USBD_Start
                0x08003fb6        0x8 build/usbd_core.o
                0x08003fb6                USBD_Start
 .text.USBD_SetClassConfig
                0x08003fbe       0x12 build/usbd_core.o
                0x08003fbe                USBD_SetClassConfig
 .text.USBD_ClrClassConfig
                0x08003fd0       0x12 build/usbd_core.o
                0x08003fd0                USBD_ClrClassConfig
 .text.USBD_LL_SetupStage
                0x08003fe2       0x58 build/usbd_core.o
                0x08003fe2                USBD_LL_SetupStage
 .text.USBD_LL_Reset
                0x0800403a       0x64 build/usbd_core.o
                0x0800403a                USBD_LL_Reset
 .text.USBD_LL_SetSpeed
                0x0800409e        0x6 build/usbd_core.o
                0x0800409e                USBD_LL_SetSpeed
 .text.USBD_LL_Suspend
                0x080040a4       0x14 build/usbd_core.o
                0x080040a4                USBD_LL_Suspend
 .text.USBD_LL_Resume
                0x080040b8       0x1a build/usbd_core.o
                0x080040b8                USBD_LL_Resume
 .text.USBD_LL_SOF
                0x080040d2       0x22 build/usbd_core.o
                0x080040d2                USBD_LL_SOF
 .text.USBD_LL_IsoINIncomplete
                0x080040f4       0x2e build/usbd_core.o
                0x080040f4                USBD_LL_IsoINIncomplete
 .text.USBD_LL_IsoOUTIncomplete
                0x08004122       0x2e build/usbd_core.o
                0x08004122                USBD_LL_IsoOUTIncomplete
 .text.USBD_LL_DevConnected
                0x08004150        0x4 build/usbd_core.o
                0x08004150                USBD_LL_DevConnected
 .text.USBD_LL_DevDisconnected
                0x08004154       0x20 build/usbd_core.o
                0x08004154                USBD_LL_DevDisconnected
 .text.USBD_CoreFindIF
                0x08004174        0x4 build/usbd_core.o
                0x08004174                USBD_CoreFindIF
 .text.USBD_CoreFindEP
                0x08004178        0x4 build/usbd_core.o
                0x08004178                USBD_CoreFindEP
 .text.USBD_LL_DataOutStage
                0x0800417c       0xc6 build/usbd_core.o
                0x0800417c                USBD_LL_DataOutStage
 .text.USBD_LL_DataInStage
                0x08004242       0xd6 build/usbd_core.o
                0x08004242                USBD_LL_DataInStage
 .text.USBD_GetNextDesc
                0x08004318        0xe build/usbd_core.o
                0x08004318                USBD_GetNextDesc
 .text.USBD_GetEpDesc
                0x08004326       0x3e build/usbd_core.o
                0x08004326                USBD_GetEpDesc
 .text.USBD_GetLen
                0x08004364       0x14 build/usbd_ctlreq.o
 .text.USBD_ParseSetupRequest
                0x08004378       0x28 build/usbd_ctlreq.o
                0x08004378                USBD_ParseSetupRequest
 .text.USBD_CtlError
                0x080043a0       0x14 build/usbd_ctlreq.o
                0x080043a0                USBD_CtlError
 .text.USBD_GetDescriptor
                0x080043b4      0x18a build/usbd_ctlreq.o
 .text.USBD_SetAddress
                0x0800453e       0x50 build/usbd_ctlreq.o
 *fill*         0x0800458e        0x2 
 .text.USBD_SetConfig
                0x08004590       0xcc build/usbd_ctlreq.o
 .text.USBD_GetConfig
                0x0800465c       0x40 build/usbd_ctlreq.o
 .text.USBD_GetStatus
                0x0800469c       0x38 build/usbd_ctlreq.o
 .text.USBD_SetFeature
                0x080046d4       0x2a build/usbd_ctlreq.o
 .text.USBD_ClrFeature
                0x080046fe       0x26 build/usbd_ctlreq.o
 .text.USBD_StdDevReq
                0x08004724       0x76 build/usbd_ctlreq.o
                0x08004724                USBD_StdDevReq
 .text.USBD_StdItfReq
                0x0800479a       0x84 build/usbd_ctlreq.o
                0x0800479a                USBD_StdItfReq
 .text.USBD_StdEPReq
                0x0800481e      0x230 build/usbd_ctlreq.o
                0x0800481e                USBD_StdEPReq
 .text.USBD_GetString
                0x08004a4e       0x3a build/usbd_ctlreq.o
                0x08004a4e                USBD_GetString
 .text.USBD_CtlSendData
                0x08004a88       0x1a build/usbd_ioreq.o
                0x08004a88                USBD_CtlSendData
 .text.USBD_CtlContinueSendData
                0x08004aa2       0x10 build/usbd_ioreq.o
                0x08004aa2                USBD_CtlContinueSendData
 .text.USBD_CtlPrepareRx
                0x08004ab2       0x1e build/usbd_ioreq.o
                0x08004ab2                USBD_CtlPrepareRx
 .text.USBD_CtlContinueRx
                0x08004ad0       0x10 build/usbd_ioreq.o
                0x08004ad0                USBD_CtlContinueRx
 .text.USBD_CtlSendStatus
                0x08004ae0       0x16 build/usbd_ioreq.o
                0x08004ae0                USBD_CtlSendStatus
 .text.USBD_CtlReceiveStatus
                0x08004af6       0x16 build/usbd_ioreq.o
                0x08004af6                USBD_CtlReceiveStatus
 .text.USBD_CDC_EP0_RxReady
                0x08004b0c       0x40 build/usbd_cdc.o
 .text.USBD_CDC_GetDeviceQualifierDescriptor
                0x08004b4c        0xc build/usbd_cdc.o
                0x08004b4c                USBD_CDC_GetDeviceQualifierDescriptor
 .text.USBD_CDC_GetOtherSpeedCfgDesc
                0x08004b58       0x48 build/usbd_cdc.o
 .text.USBD_CDC_GetFSCfgDesc
                0x08004ba0       0x48 build/usbd_cdc.o
 .text.USBD_CDC_GetHSCfgDesc
                0x08004be8       0x48 build/usbd_cdc.o
 .text.USBD_CDC_DataOut
                0x08004c30       0x38 build/usbd_cdc.o
 .text.USBD_CDC_DataIn
                0x08004c68       0x7c build/usbd_cdc.o
 .text.USBD_CDC_Setup
                0x08004ce4      0x11a build/usbd_cdc.o
 .text.USBD_CDC_DeInit
                0x08004dfe       0x64 build/usbd_cdc.o
 .text.USBD_CDC_Init
                0x08004e62       0xee build/usbd_cdc.o
 .text.USBD_CDC_RegisterInterface
                0x08004f50       0x16 build/usbd_cdc.o
                0x08004f50                USBD_CDC_RegisterInterface
 .text.USBD_CDC_SetTxBuffer
                0x08004f66       0x1c build/usbd_cdc.o
                0x08004f66                USBD_CDC_SetTxBuffer
 .text.USBD_CDC_SetRxBuffer
                0x08004f82       0x18 build/usbd_cdc.o
                0x08004f82                USBD_CDC_SetRxBuffer
 .text.USBD_CDC_TransmitPacket
                0x08004f9a       0x3a build/usbd_cdc.o
                0x08004f9a                USBD_CDC_TransmitPacket
 .text.USBD_CDC_ReceivePacket
                0x08004fd4       0x38 build/usbd_cdc.o
                0x08004fd4                USBD_CDC_ReceivePacket
 .text._sbrk    0x0800500c       0x48 build/sysmem.o
                0x0800500c                _sbrk
 .text._read    0x08005054       0x20 build/syscalls.o
                0x08005054                _read
 .text._write   0x08005074       0x1c build/syscalls.o
                0x08005074                _write
 .text._close   0x08005090        0x6 build/syscalls.o
                0x08005090                _close
 .text._fstat   0x08005096        0xa build/syscalls.o
                0x08005096                _fstat
 .text._isatty  0x080050a0        0x4 build/syscalls.o
                0x080050a0                _isatty
 .text._lseek   0x080050a4        0x4 build/syscalls.o
                0x080050a4                _lseek
 .text.get_fattime
                0x080050a8        0x4 build/diskio.o
                0x080050a8                get_fattime
 .text.disk_status
                0x080050ac        0x8 build/diskio.o
                0x080050ac                disk_status
 .text.CfCmd    0x080050b4       0x12 build/diskio.o
                0x080050b4                CfCmd
 *fill*         0x080050c6        0x2 
 .text.disk_read
                0x080050c8       0x50 build/diskio.o
                0x080050c8                disk_read
 .text.disk_write
                0x08005118       0x50 build/diskio.o
                0x08005118                disk_write
 .text.disk_ioctl
                0x08005168       0xa4 build/diskio.o
                0x08005168                disk_ioctl
 .text.ChkCF    0x0800520c        0x4 build/diskio.o
                0x0800520c                ChkCF
 .text.RstCf    0x08005210       0x30 build/diskio.o
                0x08005210                RstCf
 .text.disk_initialize
                0x08005240       0x1a build/diskio.o
                0x08005240                disk_initialize
 .text.ld_word  0x0800525a        0xa build/ff.o
 .text.ld_dword
                0x08005264       0x16 build/ff.o
 .text.st_word  0x0800527a        0x8 build/ff.o
 .text.st_dword
                0x08005282       0x14 build/ff.o
 .text.dbc_1st  0x08005296       0x24 build/ff.o
 .text.dbc_2nd  0x080052ba       0x28 build/ff.o
 .text.clst2sect
                0x080052e2       0x18 build/ff.o
 .text.ld_clust
                0x080052fa       0x26 build/ff.o
 .text.st_clust
                0x08005320       0x26 build/ff.o
 .text.get_fileinfo
                0x08005346       0x74 build/ff.o
 .text.get_ldnumber
                0x080053ba       0x56 build/ff.o
 .text.validate
                0x08005410       0x46 build/ff.o
 .text.sync_window
                0x08005456       0x48 build/ff.o
 .text.move_window
                0x0800549e       0x36 build/ff.o
 .text.check_fs
                0x080054d4       0xd4 build/ff.o
 .text.find_volume
                0x080055a8       0x70 build/ff.o
 .text.mount_volume
                0x08005618      0x2a8 build/ff.o
 .text.put_fat  0x080058c0      0x10e build/ff.o
 .text.get_fat  0x080059ce       0xd0 build/ff.o
 .text.dir_sdi  0x08005a9e       0xac build/ff.o
 .text.create_chain
                0x08005b4a      0x10e build/ff.o
 .text.remove_chain
                0x08005c58       0x7e build/ff.o
 .text.dir_remove
                0x08005cd6       0x1c build/ff.o
 .text.dir_clear
                0x08005cf2       0x52 build/ff.o
 .text.dir_next
                0x08005d44       0xc8 build/ff.o
 .text.dir_find
                0x08005e0c       0x5a build/ff.o
 .text.dir_alloc
                0x08005e66       0x50 build/ff.o
 .text.dir_read
                0x08005eb6       0x5e build/ff.o
 .text.create_name
                0x08005f14      0x108 build/ff.o
 .text.follow_path
                0x0800601c       0x8c build/ff.o
 .text.dir_register
                0x080060a8       0x46 build/ff.o
 *fill*         0x080060ee        0x2 
 .text.sync_fs  0x080060f0       0x8c build/ff.o
 .text.create_partition
                0x0800617c      0x13c build/ff.o
 .text.f_mount  0x080062b8       0x58 build/ff.o
                0x080062b8                f_mount
 .text.f_open   0x08006310      0x1fc build/ff.o
                0x08006310                f_open
 .text.f_read   0x0800650c      0x1a2 build/ff.o
                0x0800650c                f_read
 .text.f_write  0x080066ae      0x1de build/ff.o
                0x080066ae                f_write
 .text.f_sync   0x0800688c       0x96 build/ff.o
                0x0800688c                f_sync
 .text.f_close  0x08006922       0x20 build/ff.o
                0x08006922                f_close
 .text.f_opendir
                0x08006942       0x6e build/ff.o
                0x08006942                f_opendir
 .text.f_closedir
                0x080069b0       0x14 build/ff.o
                0x080069b0                f_closedir
 .text.f_readdir
                0x080069c4       0x4e build/ff.o
                0x080069c4                f_readdir
 .text.f_stat   0x08006a12       0x44 build/ff.o
                0x08006a12                f_stat
 .text.f_unlink
                0x08006a56       0xac build/ff.o
                0x08006a56                f_unlink
 *fill*         0x08006b02        0x2 
 .text.f_mkfs   0x08006b04      0x650 build/ff.o
                0x08006b04                f_mkfs
 .text._ZN21IIspSubCommandHandler12prepareForRxEPKhhm
                0x08007154        0x6 build/main.o
                0x08007154                IIspSubCommandHandler::prepareForRx(unsigned char const*, unsigned char, unsigned long)
 .text._ZN21IIspSubCommandHandler13processRxDataEPKhhm
                0x0800715a        0x4 build/main.o
                0x0800715a                IIspSubCommandHandler::processRxData(unsigned char const*, unsigned char, unsigned long)
 .text._ZN21IIspSubCommandHandler15prepareDataToTxEPKhhRm
                0x0800715e        0x4 build/main.o
                0x0800715e                IIspSubCommandHandler::prepareDataToTx(unsigned char const*, unsigned char, unsigned long&)
 .text._ZN21IIspSubCommandHandler9getSubCmdEv
                0x08007162        0x4 build/main.o
                0x08007162                IIspSubCommandHandler::getSubCmd()
 .text._ZN21IIspSubCommandHandler13processCmdReqEPh
                0x08007166        0x4 build/main.o
                0x08007166                IIspSubCommandHandler::processCmdReq(unsigned char*)
 *fill*         0x0800716a        0x2 
 .text._ZN21IIspSubCommandHandlerD2Ev
                0x0800716c        0xc build/main.o
                0x0800716c                IIspSubCommandHandler::~IIspSubCommandHandler()
                0x0800716c                IIspSubCommandHandler::~IIspSubCommandHandler()
 .text._ZN19Erase_SubCmdProcess9getSubCmdEv
                0x08007178        0x4 build/main.o
                0x08007178                Erase_SubCmdProcess::getSubCmd()
 .text._ZN29FirmwareVersion_SubCmdProcess13processCmdReqEPh
                0x0800717c       0x30 build/main.o
                0x0800717c                FirmwareVersion_SubCmdProcess::processCmdReq(unsigned char*)
 .text._ZN29FirmwareVersion_SubCmdProcess9getSubCmdEv
                0x080071ac        0x4 build/main.o
                0x080071ac                FirmwareVersion_SubCmdProcess::getSubCmd()
 .text._ZN21BoardID_SubCmdProcess13processCmdReqEPh
                0x080071b0       0x24 build/main.o
                0x080071b0                BoardID_SubCmdProcess::processCmdReq(unsigned char*)
 .text._ZN21BoardID_SubCmdProcess9getSubCmdEv
                0x080071d4        0x4 build/main.o
                0x080071d4                BoardID_SubCmdProcess::getSubCmd()
 .text._ZN24CartStatus_SubCmdProcess9getSubCmdEv
                0x080071d8        0x4 build/main.o
                0x080071d8                CartStatus_SubCmdProcess::getSubCmd()
 .text._ZN24GuiCtrlLed_SubCmdProcess13processCmdReqEPh
                0x080071dc       0x2c build/main.o
                0x080071dc                GuiCtrlLed_SubCmdProcess::processCmdReq(unsigned char*)
 .text._ZN24GuiCtrlLed_SubCmdProcess9getSubCmdEv
                0x08007208        0x4 build/main.o
                0x08007208                GuiCtrlLed_SubCmdProcess::getSubCmd()
 .text._ZN22GreenLed_SubCmdProcess9getSubCmdEv
                0x0800720c        0x4 build/main.o
                0x0800720c                GreenLed_SubCmdProcess::getSubCmd()
 .text._ZN20RedLed_SubCmdProcess9getSubCmdEv
                0x08007210        0x4 build/main.o
                0x08007210                RedLed_SubCmdProcess::getSubCmd()
 .text._ZN20Format_SubCmdProcess9getSubCmdEv
                0x08007214        0x4 build/main.o
                0x08007214                Format_SubCmdProcess::getSubCmd()
 .text._ZN25LedLoopBack_SubCmdProcess9getSubCmdEv
                0x08007218        0x4 build/main.o
                0x08007218                LedLoopBack_SubCmdProcess::getSubCmd()
 .text._ZN28D3_Power_Cycle_SubCmdProcess9getSubCmdEv
                0x0800721c        0x4 build/main.o
                0x0800721c                D3_Power_Cycle_SubCmdProcess::getSubCmd()
 .text._ZN21IspTransportInterface7receiveEPhj
                0x08007220        0x4 build/main.o
                0x08007220                IspTransportInterface::receive(unsigned char*, unsigned int)
 .text._ZNK21IspTransportInterface6statusEv
                0x08007224        0x4 build/main.o
                0x08007224                IspTransportInterface::status() const
 .text._ZN21IspTransportInterface5flushEv
                0x08007228        0x2 build/main.o
                0x08007228                IspTransportInterface::flush()
 *fill*         0x0800722a        0x2 
 .text._ZNK21IspTransportInterface4nameEv
                0x0800722c        0x8 build/main.o
                0x0800722c                IspTransportInterface::name() const
 .text._ZN17IspCommandHandler12setTransportEP21IspTransportInterface
                0x08007234        0x4 build/main.o
                0x08007234                IspCommandHandler::setTransport(IspTransportInterface*)
 .text._ZN28D3_Power_Cycle_SubCmdProcessD2Ev
                0x08007238       0x14 build/main.o
                0x08007238                D3_Power_Cycle_SubCmdProcess::~D3_Power_Cycle_SubCmdProcess()
                0x08007238                D3_Power_Cycle_SubCmdProcess::~D3_Power_Cycle_SubCmdProcess()
 .text._ZN25LedLoopBack_SubCmdProcessD2Ev
                0x0800724c       0x14 build/main.o
                0x0800724c                LedLoopBack_SubCmdProcess::~LedLoopBack_SubCmdProcess()
                0x0800724c                LedLoopBack_SubCmdProcess::~LedLoopBack_SubCmdProcess()
 .text._ZN20Format_SubCmdProcessD2Ev
                0x08007260       0x14 build/main.o
                0x08007260                Format_SubCmdProcess::~Format_SubCmdProcess()
                0x08007260                Format_SubCmdProcess::~Format_SubCmdProcess()
 .text._ZN20RedLed_SubCmdProcessD2Ev
                0x08007274       0x14 build/main.o
                0x08007274                RedLed_SubCmdProcess::~RedLed_SubCmdProcess()
                0x08007274                RedLed_SubCmdProcess::~RedLed_SubCmdProcess()
 .text._ZN22GreenLed_SubCmdProcessD2Ev
                0x08007288       0x14 build/main.o
                0x08007288                GreenLed_SubCmdProcess::~GreenLed_SubCmdProcess()
                0x08007288                GreenLed_SubCmdProcess::~GreenLed_SubCmdProcess()
 .text._ZN24GuiCtrlLed_SubCmdProcessD2Ev
                0x0800729c       0x14 build/main.o
                0x0800729c                GuiCtrlLed_SubCmdProcess::~GuiCtrlLed_SubCmdProcess()
                0x0800729c                GuiCtrlLed_SubCmdProcess::~GuiCtrlLed_SubCmdProcess()
 .text._ZN24CartStatus_SubCmdProcessD2Ev
                0x080072b0       0x14 build/main.o
                0x080072b0                CartStatus_SubCmdProcess::~CartStatus_SubCmdProcess()
                0x080072b0                CartStatus_SubCmdProcess::~CartStatus_SubCmdProcess()
 .text._ZN21BoardID_SubCmdProcessD2Ev
                0x080072c4       0x14 build/main.o
                0x080072c4                BoardID_SubCmdProcess::~BoardID_SubCmdProcess()
                0x080072c4                BoardID_SubCmdProcess::~BoardID_SubCmdProcess()
 .text._ZN29FirmwareVersion_SubCmdProcessD2Ev
                0x080072d8       0x14 build/main.o
                0x080072d8                FirmwareVersion_SubCmdProcess::~FirmwareVersion_SubCmdProcess()
                0x080072d8                FirmwareVersion_SubCmdProcess::~FirmwareVersion_SubCmdProcess()
 .text._ZN19Erase_SubCmdProcessD2Ev
                0x080072ec       0x14 build/main.o
                0x080072ec                Erase_SubCmdProcess::~Erase_SubCmdProcess()
                0x080072ec                Erase_SubCmdProcess::~Erase_SubCmdProcess()
 .text._ZN15UsbIspTransportD2Ev
                0x08007300       0x14 build/main.o
                0x08007300                UsbIspTransport::~UsbIspTransport()
                0x08007300                UsbIspTransport::~UsbIspTransport()
 .text._ZN17IspCmdReceiveDataD2Ev
                0x08007314       0x14 build/main.o
                0x08007314                IspCmdReceiveData::~IspCmdReceiveData()
                0x08007314                IspCmdReceiveData::~IspCmdReceiveData()
 .text._ZN18IspCmdTransmitDataD2Ev
                0x08007328       0x14 build/main.o
                0x08007328                IspCmdTransmitData::~IspCmdTransmitData()
                0x08007328                IspCmdTransmitData::~IspCmdTransmitData()
 .text._ZN6Darin2D2Ev
                0x0800733c       0x14 build/main.o
                0x0800733c                Darin2::~Darin2()
                0x0800733c                Darin2::~Darin2()
 .text._ZN24GuiCtrlLed_SubCmdProcessD0Ev
                0x08007350       0x20 build/main.o
                0x08007350                GuiCtrlLed_SubCmdProcess::~GuiCtrlLed_SubCmdProcess()
 .text._ZN21IIspSubCommandHandlerD0Ev
                0x08007370       0x18 build/main.o
                0x08007370                IIspSubCommandHandler::~IIspSubCommandHandler()
 .text._ZN28D3_Power_Cycle_SubCmdProcessD0Ev
                0x08007388       0x20 build/main.o
                0x08007388                D3_Power_Cycle_SubCmdProcess::~D3_Power_Cycle_SubCmdProcess()
 .text._ZN20Format_SubCmdProcessD0Ev
                0x080073a8       0x20 build/main.o
                0x080073a8                Format_SubCmdProcess::~Format_SubCmdProcess()
 .text._ZN19Erase_SubCmdProcessD0Ev
                0x080073c8       0x20 build/main.o
                0x080073c8                Erase_SubCmdProcess::~Erase_SubCmdProcess()
 .text._ZN25LedLoopBack_SubCmdProcessD0Ev
                0x080073e8       0x20 build/main.o
                0x080073e8                LedLoopBack_SubCmdProcess::~LedLoopBack_SubCmdProcess()
 .text._ZN24CartStatus_SubCmdProcessD0Ev
                0x08007408       0x20 build/main.o
                0x08007408                CartStatus_SubCmdProcess::~CartStatus_SubCmdProcess()
 .text._ZN20RedLed_SubCmdProcessD0Ev
                0x08007428       0x20 build/main.o
                0x08007428                RedLed_SubCmdProcess::~RedLed_SubCmdProcess()
 .text._ZN22GreenLed_SubCmdProcessD0Ev
                0x08007448       0x20 build/main.o
                0x08007448                GreenLed_SubCmdProcess::~GreenLed_SubCmdProcess()
 .text._ZN21BoardID_SubCmdProcessD0Ev
                0x08007468       0x20 build/main.o
                0x08007468                BoardID_SubCmdProcess::~BoardID_SubCmdProcess()
 .text._ZN29FirmwareVersion_SubCmdProcessD0Ev
                0x08007488       0x20 build/main.o
                0x08007488                FirmwareVersion_SubCmdProcess::~FirmwareVersion_SubCmdProcess()
 .text._ZN21IIspSubCommandHandler12EnocdeCmdResEhPht
                0x080074a8       0x2c build/main.o
                0x080074a8                IIspSubCommandHandler::EnocdeCmdRes(unsigned char, unsigned char*, unsigned short)
 .text._ZN21IIspSubCommandHandler12DecodeCmdReqEPh
                0x080074d4       0x22 build/main.o
                0x080074d4                IIspSubCommandHandler::DecodeCmdReq(unsigned char*)
 *fill*         0x080074f6        0x2 
 .text._ZN25LedLoopBack_SubCmdProcess13processCmdReqEPh
                0x080074f8       0x30 build/main.o
                0x080074f8                LedLoopBack_SubCmdProcess::processCmdReq(unsigned char*)
 .text._ZN24CartStatus_SubCmdProcess13processCmdReqEPh
                0x08007528       0x4c build/main.o
                0x08007528                CartStatus_SubCmdProcess::processCmdReq(unsigned char*)
 .text._ZN20RedLed_SubCmdProcess13processCmdReqEPh
                0x08007574       0x2c build/main.o
                0x08007574                RedLed_SubCmdProcess::processCmdReq(unsigned char*)
 .text._ZN22GreenLed_SubCmdProcess13processCmdReqEPh
                0x080075a0       0x2c build/main.o
                0x080075a0                GreenLed_SubCmdProcess::processCmdReq(unsigned char*)
 .text._ZL12MX_GPIO_Initv
                0x080075cc      0x194 build/main.o
 .text._Z41__static_initialization_and_destruction_0ii
                0x08007760       0x90 build/main.o
 .text._ZN12FatFsWrapperD2Ev
                0x080077f0       0x24 build/main.o
                0x080077f0                FatFsWrapper::~FatFsWrapper()
                0x080077f0                FatFsWrapper::~FatFsWrapper()
 .text._ZN20Format_SubCmdProcess13processCmdReqEPh
                0x08007814       0xb8 build/main.o
                0x08007814                Format_SubCmdProcess::processCmdReq(unsigned char*)
 .text._ZN28D3_Power_Cycle_SubCmdProcess13processCmdReqEPh
                0x080078cc       0xfc build/main.o
                0x080078cc                D3_Power_Cycle_SubCmdProcess::processCmdReq(unsigned char*)
 .text._ZN12FatFsWrapper14deleteAllFilesEPKc
                0x080079c8      0x118 build/main.o
                0x080079c8                FatFsWrapper::deleteAllFiles(char const*)
 .text._ZN19Erase_SubCmdProcess13processCmdReqEPh
                0x08007ae0       0x9c build/main.o
                0x08007ae0                Erase_SubCmdProcess::processCmdReq(unsigned char*)
 .text.Isp_forward_data
                0x08007b7c       0xb4 build/main.o
                0x08007b7c                Isp_forward_data
 .text._Z8BlinkLedt
                0x08007c30       0x50 build/main.o
                0x08007c30                BlinkLed(unsigned short)
 .text._Z13UpdateSlotLedv
                0x08007c80       0x74 build/main.o
                0x08007c80                UpdateSlotLed()
 .text.Error_Handler
                0x08007cf4        0x4 build/main.o
                0x08007cf4                Error_Handler
 .text._Z18SystemClock_Configv
                0x08007cf8       0xa4 build/main.o
                0x08007cf8                SystemClock_Config()
 .text.main     0x08007d9c      0x60c build/main.o
                0x08007d9c                main
 .text._ZN15UsbIspTransportD0Ev
                0x080083a8       0x20 build/main.o
                0x080083a8                UsbIspTransport::~UsbIspTransport()
 .text._ZN17IspCmdReceiveDataD0Ev
                0x080083c8       0x20 build/main.o
                0x080083c8                IspCmdReceiveData::~IspCmdReceiveData()
 .text._ZN18IspCmdTransmitDataD0Ev
                0x080083e8       0x20 build/main.o
                0x080083e8                IspCmdTransmitData::~IspCmdTransmitData()
 .text._ZN6Darin2D0Ev
                0x08008408       0x20 build/main.o
                0x08008408                Darin2::~Darin2()
 .text._GLOBAL__sub_I_usbTransport
                0x08008428        0xe build/main.o
 .text._ZdlPvj  0x08008436        0x8 build/cpp_minimal.o
                0x08008436                operator delete(void*, unsigned int)
 .text.__cxa_pure_virtual
                0x0800843e        0x2 build/cpp_minimal.o
                0x0800843e                __cxa_pure_virtual
 .text.__cxa_guard_acquire
                0x08008440        0xa build/cpp_minimal.o
                0x08008440                __cxa_guard_acquire
 .text.__cxa_guard_release
                0x0800844a        0x6 build/cpp_minimal.o
                0x0800844a                __cxa_guard_release
 .text.__aeabi_atexit
                0x08008450        0x4 build/cpp_minimal.o
                0x08008450                __aeabi_atexit
 .text._ZN6Darin212prepareForRxEPKhhm
                0x08008454       0x92 build/Darin2.o
                0x08008454                Darin2::prepareForRx(unsigned char const*, unsigned char, unsigned long)
 .text._ZN6Darin213processRxDataEPKhhm
                0x080084e6       0x7c build/Darin2.o
                0x080084e6                Darin2::processRxData(unsigned char const*, unsigned char, unsigned long)
 .text._ZN6Darin215prepareDataToTxEPKhhRm
                0x08008562       0xac build/Darin2.o
                0x08008562                Darin2::prepareDataToTx(unsigned char const*, unsigned char, unsigned long&)
 *fill*         0x0800860e        0x2 
 .text._ZN6Darin2C2Ev
                0x08008610       0x18 build/Darin2.o
                0x08008610                Darin2::Darin2()
                0x08008610                Darin2::Darin2()
 .text._ZN12FatFsWrapper15buildFilePacketEPhj
                0x08008628      0x19c build/Darin3.o
                0x08008628                FatFsWrapper::buildFilePacket(unsigned char*, unsigned int)
 .text._ZN6Darin315closeReadStreamEv
                0x080087c4       0x28 build/Darin3.o
                0x080087c4                Darin3::closeReadStream()
 .text._ZN6Darin315prepareDataToTxEPKhhRm
                0x080087ec      0x244 build/Darin3.o
                0x080087ec                Darin3::prepareDataToTx(unsigned char const*, unsigned char, unsigned long&)
 .text._ZN6Darin316closeWriteStreamEv
                0x08008a30       0x2a build/Darin3.o
                0x08008a30                Darin3::closeWriteStream()
 *fill*         0x08008a5a        0x2 
 .text._ZN6Darin3D2Ev
                0x08008a5c       0x50 build/Darin3.o
                0x08008a5c                Darin3::~Darin3()
                0x08008a5c                Darin3::~Darin3()
 .text._ZN6Darin3D0Ev
                0x08008aac       0x16 build/Darin3.o
                0x08008aac                Darin3::~Darin3()
 *fill*         0x08008ac2        0x2 
 .text._ZN6Darin312prepareForRxEPKhhm
                0x08008ac4      0x1a4 build/Darin3.o
                0x08008ac4                Darin3::prepareForRx(unsigned char const*, unsigned char, unsigned long)
 .text._ZN6Darin313processRxDataEPKhhm
                0x08008c68       0x54 build/Darin3.o
                0x08008c68                Darin3::processRxData(unsigned char const*, unsigned char, unsigned long)
 .text._ZN6Darin321registerAllKnownFilesEv
                0x08008cbc     0x1158 build/Darin3.o
                0x08008cbc                Darin3::registerAllKnownFiles()
 .text._ZN6Darin3C2Ev
                0x08009e14       0xec build/Darin3.o
                0x08009e14                Darin3::Darin3()
                0x08009e14                Darin3::Darin3()
 .text._ZNK15UsbIspTransport4nameEv
                0x08009f00        0x8 build/SerialTransport.o
                0x08009f00                UsbIspTransport::name() const
 .text._ZN15UsbIspTransport8transmitEPVKhj
                0x08009f08       0x12 build/SerialTransport.o
                0x08009f08                UsbIspTransport::transmit(unsigned char const volatile*, unsigned int)
 *fill*         0x08009f1a        0x2 
 .text._ZN13IspCmdControlD2Ev
                0x08009f1c       0x38 build/IspCmdControl.o
                0x08009f1c                IspCmdControl::~IspCmdControl()
                0x08009f1c                IspCmdControl::~IspCmdControl()
 .text._ZN13IspCmdControl5matchEh
                0x08009f54        0xa build/IspCmdControl.o
                0x08009f54                IspCmdControl::match(unsigned char)
 .text._ZN13IspCmdControlD0Ev
                0x08009f5e       0x14 build/IspCmdControl.o
                0x08009f5e                IspCmdControl::~IspCmdControl()
 *fill*         0x08009f72        0x2 
 .text._ZN13IspCmdControlC2Ev
                0x08009f74       0x4c build/IspCmdControl.o
                0x08009f74                IspCmdControl::IspCmdControl()
                0x08009f74                IspCmdControl::IspCmdControl()
 .text._ZN13IspCmdControl15setSubProcessorEP22IspSubCommandProcessor
                0x08009fc0        0x4 build/IspCmdControl.o
                0x08009fc0                IspCmdControl::setSubProcessor(IspSubCommandProcessor*)
 .text._ZN13IspCmdControl11findHandlerE13IspSubCommand
                0x08009fc4       0x3c build/IspCmdControl.o
                0x08009fc4                IspCmdControl::findHandler(IspSubCommand)
 .text._ZN13IspCmdControl7executeEPhm
                0x0800a000       0xac build/IspCmdControl.o
                0x0800a000                IspCmdControl::execute(unsigned char*, unsigned long)
 .text._ZN13IspCmdControl22registerSubCmdHandlersEP21IIspSubCommandHandler
                0x0800a0ac       0x3c build/IspCmdControl.o
                0x0800a0ac                IspCmdControl::registerSubCmdHandlers(IIspSubCommandHandler*)
 .text._ZN17IspCmdReceiveData5matchEh
                0x0800a0e8       0x14 build/IspCmdReceiveData.o
                0x0800a0e8                IspCmdReceiveData::match(unsigned char)
 .text._ZN17IspCmdReceiveData15setSubProcessorEP22IspSubCommandProcessor
                0x0800a0fc        0x4 build/IspCmdReceiveData.o
                0x0800a0fc                IspCmdReceiveData::setSubProcessor(IspSubCommandProcessor*)
 .text._ZN17IspCmdReceiveData5resetEv
                0x0800a100        0xe build/IspCmdReceiveData.o
                0x0800a100                IspCmdReceiveData::reset()
 *fill*         0x0800a10e        0x2 
 .text._ZN17IspCmdReceiveDataC2Ev
                0x0800a110       0x24 build/IspCmdReceiveData.o
                0x0800a110                IspCmdReceiveData::IspCmdReceiveData()
                0x0800a110                IspCmdReceiveData::IspCmdReceiveData()
 .text._ZN17IspCmdReceiveData7sendAckEt14IspReturnCodes
                0x0800a134       0x9a build/IspCmdReceiveData.o
                0x0800a134                IspCmdReceiveData::sendAck(unsigned short, IspReturnCodes)
 .text._ZN17IspCmdReceiveData8sendNackEt14IspReturnCodes
                0x0800a1ce       0x9c build/IspCmdReceiveData.o
                0x0800a1ce                IspCmdReceiveData::sendNack(unsigned short, IspReturnCodes)
 .text._ZN17IspCmdReceiveData11sendDoneAckE14IspReturnCodes
                0x0800a26a       0x9e build/IspCmdReceiveData.o
                0x0800a26a                IspCmdReceiveData::sendDoneAck(IspReturnCodes)
 .text._ZN17IspCmdReceiveData15handleDataChunkEPKhm
                0x0800a308      0x140 build/IspCmdReceiveData.o
                0x0800a308                IspCmdReceiveData::handleDataChunk(unsigned char const*, unsigned long)
 .text._ZN17IspCmdReceiveData9sendRXAckEh
                0x0800a448       0x92 build/IspCmdReceiveData.o
                0x0800a448                IspCmdReceiveData::sendRXAck(unsigned char)
 .text._ZN17IspCmdReceiveData10sendRXNackEh14IspReturnCodes
                0x0800a4da       0x9c build/IspCmdReceiveData.o
                0x0800a4da                IspCmdReceiveData::sendRXNack(unsigned char, IspReturnCodes)
 .text._ZN17IspCmdReceiveData18handleStartCommandEPKhm
                0x0800a576       0x72 build/IspCmdReceiveData.o
                0x0800a576                IspCmdReceiveData::handleStartCommand(unsigned char const*, unsigned long)
 .text._ZN17IspCmdReceiveData7executeEPhm
                0x0800a5e8       0x2c build/IspCmdReceiveData.o
                0x0800a5e8                IspCmdReceiveData::execute(unsigned char*, unsigned long)
 .text._ZN18IspCmdTransmitData5matchEh
                0x0800a614       0x3c build/IspCmdTransmitData.o
                0x0800a614                IspCmdTransmitData::match(unsigned char)
 .text._ZN18IspCmdTransmitDataC2Ev
                0x0800a650       0x24 build/IspCmdTransmitData.o
                0x0800a650                IspCmdTransmitData::IspCmdTransmitData()
                0x0800a650                IspCmdTransmitData::IspCmdTransmitData()
 .text._ZN18IspCmdTransmitData15setSubProcessorEP22IspSubCommandProcessor
                0x0800a674        0x4 build/IspCmdTransmitData.o
                0x0800a674                IspCmdTransmitData::setSubProcessor(IspSubCommandProcessor*)
 .text._ZN18IspCmdTransmitData13setDataToSendEm
                0x0800a678        0xc build/IspCmdTransmitData.o
                0x0800a678                IspCmdTransmitData::setDataToSend(unsigned long)
 .text._ZN18IspCmdTransmitData13handleAckDoneEv
                0x0800a684        0x6 build/IspCmdTransmitData.o
                0x0800a684                IspCmdTransmitData::handleAckDone()
 .text._ZN18IspCmdTransmitData10sendTXNackEhh
                0x0800a68a       0x9c build/IspCmdTransmitData.o
                0x0800a68a                IspCmdTransmitData::sendTXNack(unsigned char, unsigned char)
 *fill*         0x0800a726        0x2 
 .text._ZN18IspCmdTransmitData14sendNextPacketEt
                0x0800a728      0x1c0 build/IspCmdTransmitData.o
                0x0800a728                IspCmdTransmitData::sendNextPacket(unsigned short)
 .text._ZN18IspCmdTransmitData17startTransmissionEv
                0x0800a8e8       0x16 build/IspCmdTransmitData.o
                0x0800a8e8                IspCmdTransmitData::startTransmission()
 *fill*         0x0800a8fe        0x2 
 .text._ZN18IspCmdTransmitData23resendPacketForSequenceEt
                0x0800a900       0xf8 build/IspCmdTransmitData.o
                0x0800a900                IspCmdTransmitData::resendPacketForSequence(unsigned short)
 .text._ZN18IspCmdTransmitData9handleAckEPhm
                0x0800a9f8       0x40 build/IspCmdTransmitData.o
                0x0800a9f8                IspCmdTransmitData::handleAck(unsigned char*, unsigned long)
 .text._ZN18IspCmdTransmitData5resetEv
                0x0800aa38       0x14 build/IspCmdTransmitData.o
                0x0800aa38                IspCmdTransmitData::reset()
 .text._ZN18IspCmdTransmitData13handleTxResetEv
                0x0800aa4c        0x8 build/IspCmdTransmitData.o
                0x0800aa4c                IspCmdTransmitData::handleTxReset()
 .text._ZN18IspCmdTransmitData19handleTxDataCommandEPhm
                0x0800aa54       0x6a build/IspCmdTransmitData.o
                0x0800aa54                IspCmdTransmitData::handleTxDataCommand(unsigned char*, unsigned long)
 .text._ZN18IspCmdTransmitData10handleNackEPhm
                0x0800aabe       0x30 build/IspCmdTransmitData.o
                0x0800aabe                IspCmdTransmitData::handleNack(unsigned char*, unsigned long)
 .text._ZN18IspCmdTransmitData7executeEPhm
                0x0800aaee       0x3e build/IspCmdTransmitData.o
                0x0800aaee                IspCmdTransmitData::execute(unsigned char*, unsigned long)
 .text._ZN17IspCommandManagerC2Ev
                0x0800ab2c       0x1e build/IspCommandManager.o
                0x0800ab2c                IspCommandManager::IspCommandManager()
                0x0800ab2c                IspCommandManager::IspCommandManager()
 .text._ZN17IspCommandManager10addHandlerEP17IspCommandHandler
                0x0800ab4a       0x14 build/IspCommandManager.o
                0x0800ab4a                IspCommandManager::addHandler(IspCommandHandler*)
 .text._ZN17IspCommandManager10handleDataEPhm
                0x0800ab5e       0x42 build/IspCommandManager.o
                0x0800ab5e                IspCommandManager::handleData(unsigned char*, unsigned long)
 .text._ZN17IspCommandManager10setBoardIDE10IspBoardId
                0x0800aba0        0x6 build/IspCommandManager.o
                0x0800aba0                IspCommandManager::setBoardID(IspBoardId)
 .text._ZN22IspSubCommandProcessorC2Ev
                0x0800aba6       0x34 build/IspSubCommandProcessor.o
                0x0800aba6                IspSubCommandProcessor::IspSubCommandProcessor()
                0x0800aba6                IspSubCommandProcessor::IspSubCommandProcessor()
 .text._ZN22IspSubCommandProcessor15registerHandlerEhP21IIspSubCommandHandler
                0x0800abda       0x2c build/IspSubCommandProcessor.o
                0x0800abda                IspSubCommandProcessor::registerHandler(unsigned char, IIspSubCommandHandler*)
 .text._ZN22IspSubCommandProcessor11findHandlerEh
                0x0800ac06       0x3a build/IspSubCommandProcessor.o
                0x0800ac06                IspSubCommandProcessor::findHandler(unsigned char)
 .text._ZN22IspSubCommandProcessor12prepareForRxEhPKhm
                0x0800ac40       0x30 build/IspSubCommandProcessor.o
                0x0800ac40                IspSubCommandProcessor::prepareForRx(unsigned char, unsigned char const*, unsigned long)
 .text._ZN22IspSubCommandProcessor19processRxSubCommandEhPKhm
                0x0800ac70       0x2c build/IspSubCommandProcessor.o
                0x0800ac70                IspSubCommandProcessor::processRxSubCommand(unsigned char, unsigned char const*, unsigned long)
 .text._ZN22IspSubCommandProcessor13prepareTxDataEhPKhRm
                0x0800ac9c       0x30 build/IspSubCommandProcessor.o
                0x0800ac9c                IspSubCommandProcessor::prepareTxData(unsigned char, unsigned char const*, unsigned long&)
 .text._Z19SafeWriteToTxBufferPKhmm
                0x0800accc       0x24 build/safeBuffer.o
                0x0800accc                SafeWriteToTxBuffer(unsigned char const*, unsigned long, unsigned long)
 .text._Z19SafeWriteToRxBufferPKhmm
                0x0800acf0       0x24 build/safeBuffer.o
                0x0800acf0                SafeWriteToRxBuffer(unsigned char const*, unsigned long, unsigned long)
 .text.Reset_Handler
                0x0800ad14       0x50 build/startup_stm32f411vetx.o
                0x0800ad14                Reset_Handler
 .text.Default_Handler
                0x0800ad64        0x2 build/startup_stm32f411vetx.o
                0x0800ad64                RTC_Alarm_IRQHandler
                0x0800ad64                EXTI2_IRQHandler
                0x0800ad64                SPI4_IRQHandler
                0x0800ad64                TIM1_CC_IRQHandler
                0x0800ad64                DMA2_Stream5_IRQHandler
                0x0800ad64                DMA1_Stream5_IRQHandler
                0x0800ad64                PVD_IRQHandler
                0x0800ad64                SDIO_IRQHandler
                0x0800ad64                TAMP_STAMP_IRQHandler
                0x0800ad64                EXTI3_IRQHandler
                0x0800ad64                TIM1_UP_TIM10_IRQHandler
                0x0800ad64                I2C3_ER_IRQHandler
                0x0800ad64                EXTI0_IRQHandler
                0x0800ad64                I2C2_EV_IRQHandler
                0x0800ad64                DMA1_Stream2_IRQHandler
                0x0800ad64                FPU_IRQHandler
                0x0800ad64                DMA2_Stream2_IRQHandler
                0x0800ad64                SPI1_IRQHandler
                0x0800ad64                TIM1_BRK_TIM9_IRQHandler
                0x0800ad64                DMA2_Stream3_IRQHandler
                0x0800ad64                USART6_IRQHandler
                0x0800ad64                DMA2_Stream0_IRQHandler
                0x0800ad64                TIM4_IRQHandler
                0x0800ad64                I2C1_EV_IRQHandler
                0x0800ad64                DMA1_Stream6_IRQHandler
                0x0800ad64                DMA1_Stream1_IRQHandler
                0x0800ad64                TIM3_IRQHandler
                0x0800ad64                RCC_IRQHandler
                0x0800ad64                Default_Handler
                0x0800ad64                EXTI15_10_IRQHandler
                0x0800ad64                ADC_IRQHandler
                0x0800ad64                DMA1_Stream7_IRQHandler
                0x0800ad64                SPI5_IRQHandler
                0x0800ad64                TIM5_IRQHandler
                0x0800ad64                DMA2_Stream7_IRQHandler
                0x0800ad64                I2C3_EV_IRQHandler
                0x0800ad64                EXTI9_5_IRQHandler
                0x0800ad64                RTC_WKUP_IRQHandler
                0x0800ad64                SPI2_IRQHandler
                0x0800ad64                DMA1_Stream0_IRQHandler
                0x0800ad64                EXTI4_IRQHandler
                0x0800ad64                WWDG_IRQHandler
                0x0800ad64                TIM2_IRQHandler
                0x0800ad64                OTG_FS_WKUP_IRQHandler
                0x0800ad64                TIM1_TRG_COM_TIM11_IRQHandler
                0x0800ad64                EXTI1_IRQHandler
                0x0800ad64                USART2_IRQHandler
                0x0800ad64                I2C2_ER_IRQHandler
                0x0800ad64                DMA2_Stream1_IRQHandler
                0x0800ad64                FLASH_IRQHandler
                0x0800ad64                DMA2_Stream4_IRQHandler
                0x0800ad64                USART1_IRQHandler
                0x0800ad64                SPI3_IRQHandler
                0x0800ad64                DMA1_Stream4_IRQHandler
                0x0800ad64                I2C1_ER_IRQHandler
                0x0800ad64                DMA2_Stream6_IRQHandler
                0x0800ad64                DMA1_Stream3_IRQHandler
 *fill*         0x0800ad66        0x2 
 .text.__errno  0x0800ad68        0xc c:/program files (x86)/gnu arm embedded toolchain/10 2021.10/bin/../lib/gcc/arm-none-eabi/10.3.1/../../../../arm-none-eabi/lib/thumb/v7e-m+fp/hard\libc_nano.a(lib_a-errno.o)
                0x0800ad68                __errno
 .text.__libc_init_array
                0x0800ad74       0x48 c:/program files (x86)/gnu arm embedded toolchain/10 2021.10/bin/../lib/gcc/arm-none-eabi/10.3.1/../../../../arm-none-eabi/lib/thumb/v7e-m+fp/hard\libc_nano.a(lib_a-init.o)
                0x0800ad74                __libc_init_array
 .text.free     0x0800adbc       0x10 c:/program files (x86)/gnu arm embedded toolchain/10 2021.10/bin/../lib/gcc/arm-none-eabi/10.3.1/../../../../arm-none-eabi/lib/thumb/v7e-m+fp/hard\libc_nano.a(lib_a-malloc.o)
                0x0800adbc                free
 .text.memcmp   0x0800adcc       0x20 c:/program files (x86)/gnu arm embedded toolchain/10 2021.10/bin/../lib/gcc/arm-none-eabi/10.3.1/../../../../arm-none-eabi/lib/thumb/v7e-m+fp/hard\libc_nano.a(lib_a-memcmp.o)
                0x0800adcc                memcmp
 .text.memcpy   0x0800adec       0x1c c:/program files (x86)/gnu arm embedded toolchain/10 2021.10/bin/../lib/gcc/arm-none-eabi/10.3.1/../../../../arm-none-eabi/lib/thumb/v7e-m+fp/hard\libc_nano.a(lib_a-memcpy-stub.o)
                0x0800adec                memcpy
 .text.memmove  0x0800ae08       0x34 c:/program files (x86)/gnu arm embedded toolchain/10 2021.10/bin/../lib/gcc/arm-none-eabi/10.3.1/../../../../arm-none-eabi/lib/thumb/v7e-m+fp/hard\libc_nano.a(lib_a-memmove.o)
                0x0800ae08                memmove
 .text.memset   0x0800ae3c       0x10 c:/program files (x86)/gnu arm embedded toolchain/10 2021.10/bin/../lib/gcc/arm-none-eabi/10.3.1/../../../../arm-none-eabi/lib/thumb/v7e-m+fp/hard\libc_nano.a(lib_a-memset.o)
                0x0800ae3c                memset
 .text._free_r  0x0800ae4c       0x98 c:/program files (x86)/gnu arm embedded toolchain/10 2021.10/bin/../lib/gcc/arm-none-eabi/10.3.1/../../../../arm-none-eabi/lib/thumb/v7e-m+fp/hard\libc_nano.a(lib_a-nano-freer.o)
                0x0800ae4c                _free_r
 .text.sbrk_aligned
                0x0800aee4       0x40 c:/program files (x86)/gnu arm embedded toolchain/10 2021.10/bin/../lib/gcc/arm-none-eabi/10.3.1/../../../../arm-none-eabi/lib/thumb/v7e-m+fp/hard\libc_nano.a(lib_a-nano-mallocr.o)
 .text._malloc_r
                0x0800af24       0xe8 c:/program files (x86)/gnu arm embedded toolchain/10 2021.10/bin/../lib/gcc/arm-none-eabi/10.3.1/../../../../arm-none-eabi/lib/thumb/v7e-m+fp/hard\libc_nano.a(lib_a-nano-mallocr.o)
                0x0800af24                _malloc_r
 .text.printf   0x0800b00c       0x30 c:/program files (x86)/gnu arm embedded toolchain/10 2021.10/bin/../lib/gcc/arm-none-eabi/10.3.1/../../../../arm-none-eabi/lib/thumb/v7e-m+fp/hard\libc_nano.a(lib_a-printf.o)
                0x0800b00c                iprintf
                0x0800b00c                printf
 .text._sbrk_r  0x0800b03c       0x20 c:/program files (x86)/gnu arm embedded toolchain/10 2021.10/bin/../lib/gcc/arm-none-eabi/10.3.1/../../../../arm-none-eabi/lib/thumb/v7e-m+fp/hard\libc_nano.a(lib_a-sbrkr.o)
                0x0800b03c                _sbrk_r
 .text.strchr   0x0800b05c       0x1a c:/program files (x86)/gnu arm embedded toolchain/10 2021.10/bin/../lib/gcc/arm-none-eabi/10.3.1/../../../../arm-none-eabi/lib/thumb/v7e-m+fp/hard\libc_nano.a(lib_a-strchr.o)
                0x0800b05c                strchr
 *fill*         0x0800b076        0x2 
 .text.std      0x0800b078       0x48 c:/program files (x86)/gnu arm embedded toolchain/10 2021.10/bin/../lib/gcc/arm-none-eabi/10.3.1/../../../../arm-none-eabi/lib/thumb/v7e-m+fp/hard\libc_nano.a(lib_a-findfp.o)
 .text._cleanup_r
                0x0800b0c0        0xc c:/program files (x86)/gnu arm embedded toolchain/10 2021.10/bin/../lib/gcc/arm-none-eabi/10.3.1/../../../../arm-none-eabi/lib/thumb/v7e-m+fp/hard\libc_nano.a(lib_a-findfp.o)
                0x0800b0c0                _cleanup_r
 .text.__sfmoreglue
                0x0800b0cc       0x2c c:/program files (x86)/gnu arm embedded toolchain/10 2021.10/bin/../lib/gcc/arm-none-eabi/10.3.1/../../../../arm-none-eabi/lib/thumb/v7e-m+fp/hard\libc_nano.a(lib_a-findfp.o)
                0x0800b0cc                __sfmoreglue
 .text.__sfp_lock_acquire
                0x0800b0f8        0xc c:/program files (x86)/gnu arm embedded toolchain/10 2021.10/bin/../lib/gcc/arm-none-eabi/10.3.1/../../../../arm-none-eabi/lib/thumb/v7e-m+fp/hard\libc_nano.a(lib_a-findfp.o)
                0x0800b0f8                __sfp_lock_acquire
 .text.__sfp_lock_release
                0x0800b104        0xc c:/program files (x86)/gnu arm embedded toolchain/10 2021.10/bin/../lib/gcc/arm-none-eabi/10.3.1/../../../../arm-none-eabi/lib/thumb/v7e-m+fp/hard\libc_nano.a(lib_a-findfp.o)
                0x0800b104                __sfp_lock_release
 .text.__sinit_lock_acquire
                0x0800b110        0xc c:/program files (x86)/gnu arm embedded toolchain/10 2021.10/bin/../lib/gcc/arm-none-eabi/10.3.1/../../../../arm-none-eabi/lib/thumb/v7e-m+fp/hard\libc_nano.a(lib_a-findfp.o)
                0x0800b110                __sinit_lock_acquire
 .text.__sinit_lock_release
                0x0800b11c        0xc c:/program files (x86)/gnu arm embedded toolchain/10 2021.10/bin/../lib/gcc/arm-none-eabi/10.3.1/../../../../arm-none-eabi/lib/thumb/v7e-m+fp/hard\libc_nano.a(lib_a-findfp.o)
                0x0800b11c                __sinit_lock_release
 .text.__sinit  0x0800b128       0x70 c:/program files (x86)/gnu arm embedded toolchain/10 2021.10/bin/../lib/gcc/arm-none-eabi/10.3.1/../../../../arm-none-eabi/lib/thumb/v7e-m+fp/hard\libc_nano.a(lib_a-findfp.o)
                0x0800b128                __sinit
 .text.__sfp    0x0800b198       0x8c c:/program files (x86)/gnu arm embedded toolchain/10 2021.10/bin/../lib/gcc/arm-none-eabi/10.3.1/../../../../arm-none-eabi/lib/thumb/v7e-m+fp/hard\libc_nano.a(lib_a-findfp.o)
                0x0800b198                __sfp
 .text._fwalk_reent
                0x0800b224       0x3e c:/program files (x86)/gnu arm embedded toolchain/10 2021.10/bin/../lib/gcc/arm-none-eabi/10.3.1/../../../../arm-none-eabi/lib/thumb/v7e-m+fp/hard\libc_nano.a(lib_a-fwalk.o)
                0x0800b224                _fwalk_reent
 .text.__retarget_lock_init_recursive
                0x0800b262        0x2 c:/program files (x86)/gnu arm embedded toolchain/10 2021.10/bin/../lib/gcc/arm-none-eabi/10.3.1/../../../../arm-none-eabi/lib/thumb/v7e-m+fp/hard\libc_nano.a(lib_a-lock.o)
                0x0800b262                __retarget_lock_init_recursive
 .text.__retarget_lock_acquire_recursive
                0x0800b264        0x2 c:/program files (x86)/gnu arm embedded toolchain/10 2021.10/bin/../lib/gcc/arm-none-eabi/10.3.1/../../../../arm-none-eabi/lib/thumb/v7e-m+fp/hard\libc_nano.a(lib_a-lock.o)
                0x0800b264                __retarget_lock_acquire_recursive
 .text.__retarget_lock_release_recursive
                0x0800b266        0x2 c:/program files (x86)/gnu arm embedded toolchain/10 2021.10/bin/../lib/gcc/arm-none-eabi/10.3.1/../../../../arm-none-eabi/lib/thumb/v7e-m+fp/hard\libc_nano.a(lib_a-lock.o)
                0x0800b266                __retarget_lock_release_recursive
 .text.__malloc_lock
                0x0800b268        0xc c:/program files (x86)/gnu arm embedded toolchain/10 2021.10/bin/../lib/gcc/arm-none-eabi/10.3.1/../../../../arm-none-eabi/lib/thumb/v7e-m+fp/hard\libc_nano.a(lib_a-mlock.o)
                0x0800b268                __malloc_lock
 .text.__malloc_unlock
                0x0800b274        0xc c:/program files (x86)/gnu arm embedded toolchain/10 2021.10/bin/../lib/gcc/arm-none-eabi/10.3.1/../../../../arm-none-eabi/lib/thumb/v7e-m+fp/hard\libc_nano.a(lib_a-mlock.o)
                0x0800b274                __malloc_unlock
 .text.__sfputc_r
                0x0800b280       0x2e c:/program files (x86)/gnu arm embedded toolchain/10 2021.10/bin/../lib/gcc/arm-none-eabi/10.3.1/../../../../arm-none-eabi/lib/thumb/v7e-m+fp/hard\libc_nano.a(lib_a-nano-vfprintf.o)
 .text.__sfputs_r
                0x0800b2ae       0x24 c:/program files (x86)/gnu arm embedded toolchain/10 2021.10/bin/../lib/gcc/arm-none-eabi/10.3.1/../../../../arm-none-eabi/lib/thumb/v7e-m+fp/hard\libc_nano.a(lib_a-nano-vfprintf.o)
                0x0800b2ae                __sfputs_r
 *fill*         0x0800b2d2        0x2 
 .text._vfprintf_r
                0x0800b2d4      0x260 c:/program files (x86)/gnu arm embedded toolchain/10 2021.10/bin/../lib/gcc/arm-none-eabi/10.3.1/../../../../arm-none-eabi/lib/thumb/v7e-m+fp/hard\libc_nano.a(lib_a-nano-vfprintf.o)
                0x0800b2d4                _vfprintf_r
                0x0800b2d4                _vfiprintf_r
 .text._printf_common
                0x0800b534       0xda c:/program files (x86)/gnu arm embedded toolchain/10 2021.10/bin/../lib/gcc/arm-none-eabi/10.3.1/../../../../arm-none-eabi/lib/thumb/v7e-m+fp/hard\libc_nano.a(lib_a-nano-vfprintf_i.o)
                0x0800b534                _printf_common
 *fill*         0x0800b60e        0x2 
 .text._printf_i
                0x0800b610      0x24c c:/program files (x86)/gnu arm embedded toolchain/10 2021.10/bin/../lib/gcc/arm-none-eabi/10.3.1/../../../../arm-none-eabi/lib/thumb/v7e-m+fp/hard\libc_nano.a(lib_a-nano-vfprintf_i.o)
                0x0800b610                _printf_i
 .text.__sread  0x0800b85c       0x22 c:/program files (x86)/gnu arm embedded toolchain/10 2021.10/bin/../lib/gcc/arm-none-eabi/10.3.1/../../../../arm-none-eabi/lib/thumb/v7e-m+fp/hard\libc_nano.a(lib_a-stdio.o)
                0x0800b85c                __sread
 .text.__swrite
                0x0800b87e       0x38 c:/program files (x86)/gnu arm embedded toolchain/10 2021.10/bin/../lib/gcc/arm-none-eabi/10.3.1/../../../../arm-none-eabi/lib/thumb/v7e-m+fp/hard\libc_nano.a(lib_a-stdio.o)
                0x0800b87e                __swrite
 .text.__sseek  0x0800b8b6       0x24 c:/program files (x86)/gnu arm embedded toolchain/10 2021.10/bin/../lib/gcc/arm-none-eabi/10.3.1/../../../../arm-none-eabi/lib/thumb/v7e-m+fp/hard\libc_nano.a(lib_a-stdio.o)
                0x0800b8b6                __sseek
 .text.__sclose
                0x0800b8da        0x8 c:/program files (x86)/gnu arm embedded toolchain/10 2021.10/bin/../lib/gcc/arm-none-eabi/10.3.1/../../../../arm-none-eabi/lib/thumb/v7e-m+fp/hard\libc_nano.a(lib_a-stdio.o)
                0x0800b8da                __sclose
 *fill*         0x0800b8e2        0x2 
 .text.__swbuf_r
                0x0800b8e4       0xa4 c:/program files (x86)/gnu arm embedded toolchain/10 2021.10/bin/../lib/gcc/arm-none-eabi/10.3.1/../../../../arm-none-eabi/lib/thumb/v7e-m+fp/hard\libc_nano.a(lib_a-wbuf.o)
                0x0800b8e4                __swbuf_r
 .text._write_r
                0x0800b988       0x24 c:/program files (x86)/gnu arm embedded toolchain/10 2021.10/bin/../lib/gcc/arm-none-eabi/10.3.1/../../../../arm-none-eabi/lib/thumb/v7e-m+fp/hard\libc_nano.a(lib_a-writer.o)
                0x0800b988                _write_r
 .text.__swsetup_r
                0x0800b9ac       0xdc c:/program files (x86)/gnu arm embedded toolchain/10 2021.10/bin/../lib/gcc/arm-none-eabi/10.3.1/../../../../arm-none-eabi/lib/thumb/v7e-m+fp/hard\libc_nano.a(lib_a-wsetup.o)
                0x0800b9ac                __swsetup_r
 .text._close_r
                0x0800ba88       0x20 c:/program files (x86)/gnu arm embedded toolchain/10 2021.10/bin/../lib/gcc/arm-none-eabi/10.3.1/../../../../arm-none-eabi/lib/thumb/v7e-m+fp/hard\libc_nano.a(lib_a-closer.o)
                0x0800ba88                _close_r
 .text.__sflush_r
                0x0800baa8      0x10c c:/program files (x86)/gnu arm embedded toolchain/10 2021.10/bin/../lib/gcc/arm-none-eabi/10.3.1/../../../../arm-none-eabi/lib/thumb/v7e-m+fp/hard\libc_nano.a(lib_a-fflush.o)
                0x0800baa8                __sflush_r
 .text._fflush_r
                0x0800bbb4       0x78 c:/program files (x86)/gnu arm embedded toolchain/10 2021.10/bin/../lib/gcc/arm-none-eabi/10.3.1/../../../../arm-none-eabi/lib/thumb/v7e-m+fp/hard\libc_nano.a(lib_a-fflush.o)
                0x0800bbb4                _fflush_r
 .text._lseek_r
                0x0800bc2c       0x24 c:/program files (x86)/gnu arm embedded toolchain/10 2021.10/bin/../lib/gcc/arm-none-eabi/10.3.1/../../../../arm-none-eabi/lib/thumb/v7e-m+fp/hard\libc_nano.a(lib_a-lseekr.o)
                0x0800bc2c                _lseek_r
 .text.__swhatbuf_r
                0x0800bc50       0x4a c:/program files (x86)/gnu arm embedded toolchain/10 2021.10/bin/../lib/gcc/arm-none-eabi/10.3.1/../../../../arm-none-eabi/lib/thumb/v7e-m+fp/hard\libc_nano.a(lib_a-makebuf.o)
                0x0800bc50                __swhatbuf_r
 *fill*         0x0800bc9a        0x2 
 .text.__smakebuf_r
                0x0800bc9c       0x80 c:/program files (x86)/gnu arm embedded toolchain/10 2021.10/bin/../lib/gcc/arm-none-eabi/10.3.1/../../../../arm-none-eabi/lib/thumb/v7e-m+fp/hard\libc_nano.a(lib_a-makebuf.o)
                0x0800bc9c                __smakebuf_r
 .text._read_r  0x0800bd1c       0x24 c:/program files (x86)/gnu arm embedded toolchain/10 2021.10/bin/../lib/gcc/arm-none-eabi/10.3.1/../../../../arm-none-eabi/lib/thumb/v7e-m+fp/hard\libc_nano.a(lib_a-readr.o)
                0x0800bd1c                _read_r
 .text._fstat_r
                0x0800bd40       0x24 c:/program files (x86)/gnu arm embedded toolchain/10 2021.10/bin/../lib/gcc/arm-none-eabi/10.3.1/../../../../arm-none-eabi/lib/thumb/v7e-m+fp/hard\libc_nano.a(lib_a-fstatr.o)
                0x0800bd40                _fstat_r
 .text._isatty_r
                0x0800bd64       0x20 c:/program files (x86)/gnu arm embedded toolchain/10 2021.10/bin/../lib/gcc/arm-none-eabi/10.3.1/../../../../arm-none-eabi/lib/thumb/v7e-m+fp/hard\libc_nano.a(lib_a-isattyr.o)
                0x0800bd64                _isatty_r
 *(.glue_7)
 .glue_7        0x0800bd84        0x0 linker stubs
 *(.glue_7t)
 .glue_7t       0x0800bd84        0x0 linker stubs
 *(.eh_frame)
 .eh_frame      0x0800bd84        0x0 c:/program files (x86)/gnu arm embedded toolchain/10 2021.10/bin/../lib/gcc/arm-none-eabi/10.3.1/thumb/v7e-m+fp/hard/crtbegin.o
 *(.init)
 .init          0x0800bd84        0x4 c:/program files (x86)/gnu arm embedded toolchain/10 2021.10/bin/../lib/gcc/arm-none-eabi/10.3.1/thumb/v7e-m+fp/hard/crti.o
                0x0800bd84                _init
 .init          0x0800bd88        0x8 c:/program files (x86)/gnu arm embedded toolchain/10 2021.10/bin/../lib/gcc/arm-none-eabi/10.3.1/thumb/v7e-m+fp/hard/crtn.o
 *(.fini)
 .fini          0x0800bd90        0x4 c:/program files (x86)/gnu arm embedded toolchain/10 2021.10/bin/../lib/gcc/arm-none-eabi/10.3.1/thumb/v7e-m+fp/hard/crti.o
                0x0800bd90                _fini
 .fini          0x0800bd94        0x8 c:/program files (x86)/gnu arm embedded toolchain/10 2021.10/bin/../lib/gcc/arm-none-eabi/10.3.1/thumb/v7e-m+fp/hard/crtn.o
                0x0800bd9c                . = ALIGN (0x4)
                0x0800bd9c                _etext = .

.vfp11_veneer   0x0800bd9c        0x0
 .vfp11_veneer  0x0800bd9c        0x0 linker stubs

.v4_bx          0x0800bd9c        0x0
 .v4_bx         0x0800bd9c        0x0 linker stubs

.iplt           0x0800bd9c        0x0
 .iplt          0x0800bd9c        0x0 c:/program files (x86)/gnu arm embedded toolchain/10 2021.10/bin/../lib/gcc/arm-none-eabi/10.3.1/thumb/v7e-m+fp/hard/crtbegin.o

.rodata         0x0800bd9c      0x898
                0x0800bd9c                . = ALIGN (0x4)
 *(.rodata)
 *(.rodata*)
 .rodata.GREEN_LED
                0x0800bd9c        0x8 build/Darin2Cart_Driver.o
 .rodata.RED_LED
                0x0800bda4        0x8 build/Darin2Cart_Driver.o
 .rodata.SLT_PINS
                0x0800bdac        0x8 build/Darin2Cart_Driver.o
 .rodata.GREEN_LED
                0x0800bdb4        0x8 build/Darin3Cart_Driver.o
 .rodata.USBD_FS_ProductStrDescriptor.str1.4
                0x0800bdbc       0x16 build/usbd_desc.o
 *fill*         0x0800bdd2        0x2 
 .rodata.USBD_FS_ManufacturerStrDescriptor.str1.4
                0x0800bdd4       0x13 build/usbd_desc.o
 *fill*         0x0800bde7        0x1 
 .rodata.USBD_FS_ConfigStrDescriptor.str1.4
                0x0800bde8        0xb build/usbd_desc.o
 *fill*         0x0800bdf3        0x1 
 .rodata.USBD_FS_InterfaceStrDescriptor.str1.4
                0x0800bdf4        0xe build/usbd_desc.o
 *fill*         0x0800be02        0x2 
 .rodata.AHBPrescTable
                0x0800be04       0x10 build/system_stm32f4xx.o
                0x0800be04                AHBPrescTable
 .rodata.check_fs.str1.4
                0x0800be14        0x9 build/ff.o
 *fill*         0x0800be1d        0x3 
 .rodata.create_name.str1.4
                0x0800be20        0xf build/ff.o
 *fill*         0x0800be2f        0x1 
 .rodata.f_mkfs.str1.4
                0x0800be30       0x34 build/ff.o
 .rodata.cst.0  0x0800be64        0xe build/ff.o
 *fill*         0x0800be72        0x2 
 .rodata.cst32.1
                0x0800be74        0xe build/ff.o
 *fill*         0x0800be82        0x2 
 .rodata.defopt.2
                0x0800be84       0x10 build/ff.o
 .rodata._ZN29FirmwareVersion_SubCmdProcess13processCmdReqEPh.str1.4
                0x0800be94        0x4 build/main.o
 .rodata._ZNK21IspTransportInterface4nameEv.str1.4
                0x0800be98       0x11 build/main.o
 .rodata._ZN12FatFsWrapperD2Ev.str1.4
                0x0800bea9       0x11 build/main.o
                                  0x1 (size before relaxing)
 *fill*         0x0800bea9        0x3 
 .rodata._ZN20Format_SubCmdProcess13processCmdReqEPh.str1.4
                0x0800beac        0x2 build/main.o
 *fill*         0x0800beae        0x2 
 .rodata._ZN12FatFsWrapper14deleteAllFilesEPKc.str1.4
                0x0800beb0        0x7 build/main.o
 *fill*         0x0800beb7        0x1 
 .rodata._ZTV21IIspSubCommandHandler
                0x0800beb8       0x2c build/main.o
                0x0800beb8                vtable for IIspSubCommandHandler
 .rodata._ZTV19Erase_SubCmdProcess
                0x0800bee4       0x2c build/main.o
                0x0800bee4                vtable for Erase_SubCmdProcess
 .rodata._ZTV29FirmwareVersion_SubCmdProcess
                0x0800bf10       0x2c build/main.o
                0x0800bf10                vtable for FirmwareVersion_SubCmdProcess
 .rodata._ZTV21BoardID_SubCmdProcess
                0x0800bf3c       0x2c build/main.o
                0x0800bf3c                vtable for BoardID_SubCmdProcess
 .rodata._ZTV24CartStatus_SubCmdProcess
                0x0800bf68       0x2c build/main.o
                0x0800bf68                vtable for CartStatus_SubCmdProcess
 .rodata._ZTV24GuiCtrlLed_SubCmdProcess
                0x0800bf94       0x2c build/main.o
                0x0800bf94                vtable for GuiCtrlLed_SubCmdProcess
 .rodata._ZTV22GreenLed_SubCmdProcess
                0x0800bfc0       0x2c build/main.o
                0x0800bfc0                vtable for GreenLed_SubCmdProcess
 .rodata._ZTV20RedLed_SubCmdProcess
                0x0800bfec       0x2c build/main.o
                0x0800bfec                vtable for RedLed_SubCmdProcess
 .rodata._ZTV20Format_SubCmdProcess
                0x0800c018       0x2c build/main.o
                0x0800c018                vtable for Format_SubCmdProcess
 .rodata._ZTV25LedLoopBack_SubCmdProcess
                0x0800c044       0x2c build/main.o
                0x0800c044                vtable for LedLoopBack_SubCmdProcess
 .rodata._ZTV28D3_Power_Cycle_SubCmdProcess
                0x0800c070       0x2c build/main.o
                0x0800c070                vtable for D3_Power_Cycle_SubCmdProcess
 .rodata._ZTV21IspTransportInterface
                0x0800c09c       0x24 build/main.o
                0x0800c09c                vtable for IspTransportInterface
 .rodata._ZTV17IspCommandHandler
                0x0800c0c0       0x1c build/main.o
                0x0800c0c0                vtable for IspCommandHandler
 .rodata._ZTV6Darin2
                0x0800c0dc       0x2c build/Darin2.o
                0x0800c0dc                vtable for Darin2
 .rodata._ZN12FatFsWrapperD2Ev.str1.4
                0x0800c108        0x1 build/Darin3.o
 .rodata._ZN12FatFsWrapper15buildFilePacketEPhj.str1.4
                0x0800c108        0x2 build/Darin3.o
 .rodata._ZN6Darin321registerAllKnownFilesEv.str1.4
                0x0800c108      0x157 build/Darin3.o
 *fill*         0x0800c25f        0x1 
 .rodata.str1.4
                0x0800c260      0x157 build/Darin3.o
 *fill*         0x0800c3b7        0x1 
 .rodata._ZZN12FatFsWrapper13getKnownFilesEvE11kKnownFiles
                0x0800c3b8       0xe8 build/Darin3.o
                0x0800c3b8                FatFsWrapper::getKnownFiles()::kKnownFiles
 .rodata._ZTV6Darin3
                0x0800c4a0       0x2c build/Darin3.o
                0x0800c4a0                vtable for Darin3
 .rodata._ZNK15UsbIspTransport4nameEv.str1.4
                0x0800c4cc        0x8 build/SerialTransport.o
 .rodata._ZTV15UsbIspTransport
                0x0800c4d4       0x24 build/SerialTransport.o
                0x0800c4d4                vtable for UsbIspTransport
 .rodata._ZTV13IspCmdControl
                0x0800c4f8       0x1c build/IspCmdControl.o
                0x0800c4f8                vtable for IspCmdControl
 .rodata._ZTV17IspCmdReceiveData
                0x0800c514       0x1c build/IspCmdReceiveData.o
                0x0800c514                vtable for IspCmdReceiveData
 .rodata._ZTV18IspCmdTransmitData
                0x0800c530       0x1c build/IspCmdTransmitData.o
                0x0800c530                vtable for IspCmdTransmitData
 .rodata._ZN22IspSubCommandProcessor12prepareForRxEhPKhm.str1.4
                0x0800c54c       0x28 build/IspSubCommandProcessor.o
 .rodata._ZN22IspSubCommandProcessor13prepareTxDataEhPKhRm.str1.4
                0x0800c574       0x28 build/IspSubCommandProcessor.o
 .rodata._global_impure_ptr